******************************************************************************
                  TI ARM Linker PC v20.2.4                     
******************************************************************************
>> Linked Fri Nov 12 13:24:48 2021

OUTPUT FILE NAME:   <empty_MSP_EXP432P401R_nortos_ccs.out>
ENTRY POINT SYMBOL: "_c_int00_noargs"  address: 00003781


MEMORY CONFIGURATION

         name            origin    length      used     unused   attr    fill
----------------------  --------  ---------  --------  --------  ----  --------
  MAIN                  00000000   00040000  00003cb9  0003c347  R  X
  INFO                  00200000   00004000  00000000  00004000  R  X
  SRAM_CODE             01000000   00010000  000025f2  0000da0e  RW X
  SRAM_DATA             20000000   00010000  000025f2  0000da0e  RW  


SEGMENT ALLOCATION MAP

run origin  load origin   length   init length attrs members
----------  ----------- ---------- ----------- ----- -------
00000000    00000000    00003cc0   00003cc0    r-x
  00000000    00000000    000000e4   000000e4    r-- .intvecs
  000000e4    000000e4    000039f8   000039f8    r-x .text
  00003adc    00003adc    0000013d   0000013d    r-- .const
  00003c20    00003c20    000000a0   000000a0    r-- .cinit
20000000    20000000    000023f6   00000000    rw-
  20000000    20000000    000019dc   00000000    rw- .bss
  200019e0    200019e0    00000800   00000000    rw- .sysmem
  200021e0    200021e0    00000216   00000000    rw- .data
2000fe00    2000fe00    00000200   00000000    rw-
  2000fe00    2000fe00    00000200   00000000    rw- .stack


SECTION ALLOCATION MAP

 output                                  attributes/
section   page    origin      length       input sections
--------  ----  ----------  ----------   ----------------
.intvecs   0    00000000    000000e4     
                  00000000    000000e4     startup_msp432p401r_ccs.obj (.intvecs:retain)

.text      0    000000e4    000039f8     
                  000000e4    00000a4e     rtsv7M4_T_le_v4SPD16_eabi.lib : _printfi.c.obj (.text:__TI_printfi)
                  00000b32    00000002     startup_msp432p401r_ccs.obj (.text:Default_Handler)
                  00000b34    00000290     main.obj (.text:main)
                  00000dc4    00000270     rtsv7M4_T_le_v4SPD16_eabi.lib : _printfi.c.obj (.text:_pconv_a)
                  00001034    000001d0                                   : _printfi.c.obj (.text:_pconv_g)
                  00001204    000001b6                                   : fd_add_t2.asm.obj (.text)
                  000013ba    00000002                                   : _lock.c.obj (.text:_nop)
                  000013bc    0000015c     msp432p4xx_driverlib.lib : pcm.o (.text:__PCM_setPowerModeAdvanced)
                  00001518    00000158     UART_Driver.obj (.text:UART_Printf)
                  00001670    00000140     UART_Driver.obj (.text:UART_Read)
                  000017b0    0000013c     rtsv7M4_T_le_v4SPD16_eabi.lib : _printfi.c.obj (.text:_pconv_e)
                  000018ec    00000136                                   : fd_div_t2.asm.obj (.text)
                  00001a22    00000002                                   : div0.asm.obj (.text)
                  00001a24    00000124                                   : _printfi.c.obj (.text:fcvt)
                  00001b48    0000011c     msp432p4xx_driverlib.lib : uart.o (.text:UART_initModule)
                  00001c64    00000114     rtsv7M4_T_le_v4SPD16_eabi.lib : fputs.c.obj (.text:fputs)
                  00001d78    00000110                                   : s_scalbn.c.obj (.text:scalbn)
                  00001e88    00000108     msp432p4xx_driverlib.lib : pcm.o (.text:__PCM_setCoreVoltageLevelAdvanced)
                  00001f90    00000100     rtsv7M4_T_le_v4SPD16_eabi.lib : memory.c.obj (.text:aligned_alloc)
                  00002090    000000fc                                   : fd_mul_t2.asm.obj (.text)
                  0000218c    000000e4                                   : memory.c.obj (.text:free)
                  00002270    000000dc                                   : setvbuf.c.obj (.text:setvbuf)
                  0000234c    000000d8     ESP8266.obj (.text:ESP8266_EstablishConnection)
                  00002424    000000b1     rtsv7M4_T_le_v4SPD16_eabi.lib : _printfi.c.obj (.text:_ltostr)
                  000024d5    00000003     --HOLE-- [fill = 0]
                  000024d8    0000009c     UART_Driver.obj (.text:EUSCIA2_IRQHandler)
                  00002574    0000009c     rtsv7M4_T_le_v4SPD16_eabi.lib : memcpy_t2.asm.obj (.text)
                  00002610    00000096                                   : ull_div_t2.asm.obj (.text)
                  000026a6    00000002     --HOLE-- [fill = 0]
                  000026a8    0000008c     ESP8266.obj (.text:ESP8266_WaitForAnswer)
                  00002734    0000008c     rtsv7M4_T_le_v4SPD16_eabi.lib : fputc.c.obj (.text:fputc)
                  000027c0    00000086                                   : fd_cmp_t2.asm.obj (.text:__aeabi_cdcmple)
                  00002846    00000086                                   : fd_cmp_t2.asm.obj (.text:__aeabi_cdrcmple)
                  000028cc    0000007a                                   : memset_t2.asm.obj (.text)
                  00002946    00000002     --HOLE-- [fill = 0]
                  00002948    00000078     system_msp432p401r.obj (.text:SystemInit)
                  000029c0    00000074     rtsv7M4_T_le_v4SPD16_eabi.lib : fclose.c.obj (.text:__TI_closefile)
                  00002a34    00000070                                   : memory.c.obj (.text:split)
                  00002aa4    0000006e                                   : _printfi.c.obj (.text:_mcpy)
                  00002b12    00000002     --HOLE-- [fill = 0]
                  00002b14    0000006c                                   : hostrename.c.obj (.text:HOSTrename)
                  00002b80    00000068                                   : hostlseek.c.obj (.text:HOSTlseek)
                  00002be8    00000068                                   : copy_decompress_lzss.c.obj (.text:decompress:lzss:__TI_decompress_lzss)
                  00002c50    00000068                                   : printf.c.obj (.text:printf)
                  00002cb8    00000064     msp432p4xx_driverlib.lib : uart.o (.text:UART_getEnabledInterruptStatus)
                  00002d1c    00000064     rtsv7M4_T_le_v4SPD16_eabi.lib : s_frexp.c.obj (.text:frexp)
                  00002d80    00000064                                   : fseek.c.obj (.text:fseek)
                  00002de4    00000062                                   : _io_perm.c.obj (.text:__TI_wrt_ok)
                  00002e46    00000002     --HOLE-- [fill = 0]
                  00002e48    00000060     ESP8266.obj (.text:ESP8266_ChangeMode1)
                  00002ea8    00000060     rtsv7M4_T_le_v4SPD16_eabi.lib : hostopen.c.obj (.text:HOSTopen)
                  00002f08    00000060     main.obj (.text:PORT1_IRQHandler)
                  00002f68    0000005e     msp432p4xx_driverlib.lib : pcm.o (.text:PCM_getCoreVoltageLevel)
                  00002fc6    00000002     --HOLE-- [fill = 0]
                  00002fc8    0000005c     rtsv7M4_T_le_v4SPD16_eabi.lib : close.c.obj (.text:close)
                  00003024    0000005a     msp432p4xx_driverlib.lib : pcm.o (.text:PCM_getPowerMode)
                  0000307e    00000002     --HOLE-- [fill = 0]
                  00003080    00000058     rtsv7M4_T_le_v4SPD16_eabi.lib : hostread.c.obj (.text:HOSTread)
                  000030d8    00000058                                   : hostwrite.c.obj (.text:HOSTwrite)
                  00003130    00000056                                   : _printfi.c.obj (.text:_pconv_f)
                  00003186    00000054                                   : _ltoa.c.obj (.text:__TI_ltoa)
                  000031da    00000052                                   : _printfi.c.obj (.text:_ecpy)
                  0000322c    0000004c     ESP8266.obj (.text:ESP8266_SendData)
                  00003278    0000004c     rtsv7M4_T_le_v4SPD16_eabi.lib : fflush.c.obj (.text:__TI_doflush)
                  000032c4    0000004c                                   : atoi.c.obj (.text:atoi)
                  00003310    00000048     msp432p4xx_driverlib.lib : flash.o (.text:FlashCtl_setWaitState)
                  00003358    00000048     UART_Driver.obj (.text:UART_Flush)
                  000033a0    00000048     rtsv7M4_T_le_v4SPD16_eabi.lib : exit.c.obj (.text:exit)
                  000033e8    00000048                                   : fd_toi_t2.asm.obj (.text)
                  00003430    00000044                                   : hostclose.c.obj (.text:HOSTclose)
                  00003474    00000044                                   : hostunlink.c.obj (.text:HOSTunlink)
                  000034b8    00000044                                   : autoinit.c.obj (.text:__TI_auto_init_nobinit_nopinit:__TI_auto_init_nobinit_nopinit)
                  000034fc    00000044                                   : getdevice.c.obj (.text:getdevice)
                  00003540    00000040     msp432p4xx_driverlib.lib : gpio.o (.text:GPIO_setAsOutputPin)
                  00003580    00000040     UART_Driver.obj (.text:UART_Write)
                  000035c0    00000040     rtsv7M4_T_le_v4SPD16_eabi.lib : strtok.c.obj (.text:strtok)
                  00003600    0000003e                                   : _printfi.c.obj (.text:_fcpy)
                  0000363e    00000002     --HOLE-- [fill = 0]
                  00003640    00000038                                   : trgmsg.c.obj (.text:__TI_writemsg)
                  00003678    00000036                                   : strncpy.c.obj (.text:strncpy)
                  000036ae    00000002     --HOLE-- [fill = 0]
                  000036b0    00000034     msp432p4xx_driverlib.lib : cs.o (.text:CS_setDCOCenteredFrequency)
                  000036e4    00000034     ESP8266.obj (.text:ESP8266_HardReset)
                  00003718    00000034     rtsv7M4_T_le_v4SPD16_eabi.lib : fopen.c.obj (.text:__TI_cleanup)
                  0000374c    00000034                                   : trgmsg.c.obj (.text:__TI_readmsg)
                  00003780    00000034                                   : boot_cortex_m.c.obj (.text:_c_int00_noargs:_c_int00_noargs)
                  000037b4    00000034                                   : strstr.c.obj (.text:strstr)
                  000037e8    00000030                                   : getdevice.c.obj (.text:finddevice)
                  00003818    0000002e                                   : i_tofd_t2.asm.obj (.text)
                  00003846    00000002     --HOLE-- [fill = 0]
                  00003848    0000002c                                   : unlink.c.obj (.text:unlink)
                  00003874    0000002a                                   : strspn.c.obj (.text:strspn)
                  0000389e    00000002     --HOLE-- [fill = 0]
                  000038a0    00000028     msp432p4xx_driverlib.lib : pcm.o (.text:PCM_gotoLPM0)
                  000038c8    00000028     rtsv7M4_T_le_v4SPD16_eabi.lib : memory.c.obj (.text:free_list_insert)
                  000038f0    00000028                                   : lseek.c.obj (.text:lseek)
                  00003918    00000028                                   : write.c.obj (.text:write)
                  00003940    00000024                                   : strcspn.c.obj (.text:strcspn)
                  00003964    00000020                                   : memchr.c.obj (.text:memchr)
                  00003984    0000001c                                   : memory.c.obj (.text:free_list_remove)
                  000039a0    0000001c                                   : memccpy.c.obj (.text:memccpy)
                  000039bc    0000001a                                   : s_copysign.c.obj (.text:copysign)
                  000039d6    00000018     msp432p4xx_driverlib.lib : uart.o (.text:UART_getInterruptStatus)
                  000039ee    00000018     rtsv7M4_T_le_v4SPD16_eabi.lib : strcmp.c.obj (.text:strcmp)
                  00003a06    00000016                                   : strchr.c.obj (.text:strchr)
                  00003a1c    00000014     msp432p4xx_driverlib.lib : pcm.o (.text:PCM_getPowerState)
                  00003a30    00000014     rtsv7M4_T_le_v4SPD16_eabi.lib : strcpy.c.obj (.text:strcpy)
                  00003a44    00000014                                   : strlen.c.obj (.text:strlen)
                  00003a58    00000012                                   : wcslen.c.obj (.text:wcslen)
                  00003a6a    00000010     msp432p4xx_driverlib.lib : pcm.o (.text:PCM_setCoreVoltageLevel)
                  00003a7a    00000010                              : pcm.o (.text:PCM_setPowerMode)
                  00003a8a    0000000e     rtsv7M4_T_le_v4SPD16_eabi.lib : copy_decompress_none.c.obj (.text:decompress:none:__TI_decompress_none)
                  00003a98    0000000c     startup_msp432p401r_ccs.obj (.text:Reset_Handler)
                  00003aa4    0000000c     rtsv7M4_T_le_v4SPD16_eabi.lib : copy_zero_init.c.obj (.text:decompress:ZI:__TI_zero_init)
                  00003ab0    00000008     ESP8266.obj (.text:ESP8266_GetBuffer)
                  00003ab8    00000008     rtsv7M4_T_le_v4SPD16_eabi.lib : errno.c.obj (.text:__aeabi_errno_addr)
                  00003ac0    00000008                                   : memory.c.obj (.text:malloc)
                  00003ac8    00000004     msp432p4xx_driverlib.lib : cpu.o (.text:CPU_wfi)
                  00003acc    00000004     rtsv7M4_T_le_v4SPD16_eabi.lib : printf.c.obj (.text:_outc)
                  00003ad0    00000004                                   : printf.c.obj (.text:_outs)
                  00003ad4    00000004                                   : pre_init.c.obj (.text:_system_pre_init)
                  00003ad8    00000004                                   : exit.c.obj (.text:abort:abort)

.const     0    00003adc    0000013d     
                  00003adc    00000101     rtsv7M4_T_le_v4SPD16_eabi.lib : ctype.c.obj (.const:.string:_ctypes_)
                  00003bdd    00000003     --HOLE-- [fill = 0]
                  00003be0    00000030     msp432p4xx_driverlib.lib : gpio.o (.const:GPIO_PORT_TO_BASE)
                  00003c10    00000009     main.obj (.const:.string:$P$T0$1)

.cinit     0    00003c20    000000a0     
                  00003c20    00000076     (.cinit..data.load) [load image, compression = lzss]
                  00003c96    00000002     --HOLE-- [fill = 0]
                  00003c98    0000000c     (__TI_handler_table)
                  00003ca4    00000004     --HOLE-- [fill = 0]
                  00003ca8    00000008     (.cinit..bss.load) [load image, compression = zero_init]
                  00003cb0    00000010     (__TI_cinit_table)

.init_array 
*          0    00000000    00000000     UNINITIALIZED

.binit     0    00000000    00000000     

.bss       0    20000000    000019dc     UNINITIALIZED
                  20000000    00000800     (.common:ESP8266_Buffer)
                  20000800    00000800     (.common:UARTA0Data)
                  20001000    00000800     (.common:UARTA2Data)
                  20001800    00000120     rtsv7M4_T_le_v4SPD16_eabi.lib : trgmsg.c.obj (.bss:_CIOBUF_)
                  20001920    000000a0     (.common:__TI_tmpnams)
                  200019c0    00000008     (.common:parmbuf)
                  200019c8    00000004     (.common:Instructions)
                  200019cc    00000004     (.common:UARTA0ReadIndex)
                  200019d0    00000004     (.common:UARTA0WriteIndex)
                  200019d4    00000004     (.common:UARTA2ReadIndex)
                  200019d8    00000004     (.common:UARTA2WriteIndex)

.sysmem    0    200019e0    00000800     UNINITIALIZED
                  200019e0    00000010     rtsv7M4_T_le_v4SPD16_eabi.lib : memory.c.obj (.sysmem)
                  200019f0    000007f0     --HOLE--

.data      0    200021e0    00000216     UNINITIALIZED
                  200021e0    000000f0     rtsv7M4_T_le_v4SPD16_eabi.lib : defs.c.obj (.data:_ftable)
                  200022d0    00000078                                   : host_device.c.obj (.data:_device)
                  20002348    00000050                                   : host_device.c.obj (.data:_stream)
                  20002398    00000028     main.obj (.data:UART2Config)
                  200023c0    00000010     rtsv7M4_T_le_v4SPD16_eabi.lib : defs.c.obj (.data)
                  200023d0    0000000c                                   : exit.c.obj (.data:$O1$$)
                  200023dc    00000008                                   : _lock.c.obj (.data:$O1$$)
                  200023e4    00000008                                   : memory.c.obj (.data:$O1$$)
                  200023ec    00000004                                   : errno.c.obj (.data)
                  200023f0    00000004                                   : strtok.c.obj (.data)
                  200023f4    00000001     UART_Driver.obj (.data)
                  200023f5    00000001     main.obj (.data)

.stack     0    2000fe00    00000200     UNINITIALIZED
                  2000fe00    00000004     rtsv7M4_T_le_v4SPD16_eabi.lib : boot_cortex_m.c.obj (.stack)
                  2000fe04    000001fc     --HOLE--

__llvm_prf_cnts 
*          0    20000000    00000000     UNINITIALIZED

MODULE SUMMARY

       Module                        code    ro data   rw data
       ------                        ----    -------   -------
    .\
       ESP8266.obj                   588     0         12320  
       UART_Driver.obj               956     0         2      
       main.obj                      752     9         90     
       system_msp432p401r.obj        120     0         0      
    +--+-----------------------------+-------+---------+---------+
       Total:                        2416    9         12412  
                                                              
    .\ccs\
       startup_msp432p401r_ccs.obj   14      228       0      
    +--+-----------------------------+-------+---------+---------+
       Total:                        14      228       0      
                                                              
    C:/ti/simplelink_msp432p4_sdk_3_40_01_02/source/ti/devices/msp432p4xx/driverlib/ccs/msp432p4xx_driverlib.lib
       pcm.o                         888     0         0      
       uart.o                        408     0         0      
       gpio.o                        64      48        0      
       flash.o                       72      0         0      
       cs.o                          52      0         0      
       cpu.o                         4       0         0      
    +--+-----------------------------+-------+---------+---------+
       Total:                        1488    48        0      
                                                              
    C:\ti\ti-cgt-arm_20.2.4.LTS\lib\rtsv7M4_T_le_v4SPD16_eabi.lib
       _printfi.c.obj                4851    0         0      
       defs.c.obj                    0       0         832    
       memory.c.obj                  672     0         16     
       trgmsg.c.obj                  108     0         576    
       fd_add_t2.asm.obj             438     0         0      
       host_device.c.obj             0       0         400    
       fd_div_t2.asm.obj             310     0         0      
       fputs.c.obj                   276     0         0      
       s_scalbn.c.obj                272     0         0      
       fd_cmp_t2.asm.obj             268     0         0      
       ctype.c.obj                   0       257       0      
       fd_mul_t2.asm.obj             252     0         0      
       setvbuf.c.obj                 220     0         0      
       memcpy_t2.asm.obj             156     0         0      
       ull_div_t2.asm.obj            150     0         0      
       fputc.c.obj                   140     0         0      
       memset_t2.asm.obj             122     0         0      
       fclose.c.obj                  116     0         0      
       getdevice.c.obj               116     0         0      
       hostopen.c.obj                96      0         16     
       printf.c.obj                  112     0         0      
       hostrename.c.obj              108     0         0      
       copy_decompress_lzss.c.obj    104     0         0      
       hostlseek.c.obj               104     0         0      
       exit.c.obj                    76      0         24     
       fseek.c.obj                   100     0         0      
       s_frexp.c.obj                 100     0         0      
       _io_perm.c.obj                98      0         0      
       close.c.obj                   92      0         0      
       hostread.c.obj                88      0         0      
       hostwrite.c.obj               88      0         0      
       _ltoa.c.obj                   84      0         0      
       atoi.c.obj                    76      0         0      
       fflush.c.obj                  76      0         0      
       fd_toi_t2.asm.obj             72      0         0      
       strtok.c.obj                  64      0         8      
       autoinit.c.obj                68      0         0      
       hostclose.c.obj               68      0         0      
       hostunlink.c.obj              68      0         0      
       strncpy.c.obj                 54      0         0      
       boot_cortex_m.c.obj           52      0         0      
       fopen.c.obj                   52      0         0      
       strstr.c.obj                  52      0         0      
       i_tofd_t2.asm.obj             46      0         0      
       unlink.c.obj                  44      0         0      
       strspn.c.obj                  42      0         0      
       lseek.c.obj                   40      0         0      
       write.c.obj                   40      0         0      
       strcspn.c.obj                 36      0         0      
       memchr.c.obj                  32      0         0      
       memccpy.c.obj                 28      0         0      
       s_copysign.c.obj              26      0         0      
       strcmp.c.obj                  24      0         0      
       strchr.c.obj                  22      0         0      
       strcpy.c.obj                  20      0         0      
       strlen.c.obj                  20      0         0      
       _lock.c.obj                   2       0         16     
       wcslen.c.obj                  18      0         0      
       errno.c.obj                   8       0         8      
       copy_decompress_none.c.obj    14      0         0      
       copy_zero_init.c.obj          12      0         0      
       pre_init.c.obj                4       0         0      
       div0.asm.obj                  2       0         0      
    +--+-----------------------------+-------+---------+---------+
       Total:                        10899   257       1896   
                                                              
       Heap:                         0       0         4096   
       Stack:                        0       0         1024   
       Linker Generated:             0       154       0      
    +--+-----------------------------+-------+---------+---------+
       Grand Total:                  14817   696       19428  


LINKER GENERATED COPY TABLES

__TI_cinit_table @ 00003cb0 records: 2, size/record: 8, table size: 16
	.data: load addr=00003c20, load size=00000076 bytes, run addr=200021e0, run size=00000216 bytes, compression=lzss
	.bss: load addr=00003ca8, load size=00000008 bytes, run addr=20000000, run size=000019dc bytes, compression=zero_init


LINKER GENERATED HANDLER TABLE

__TI_handler_table @ 00003c98 records: 3, size/record: 4, table size: 12
	index: 0, handler: __TI_decompress_lzss
	index: 1, handler: __TI_decompress_none
	index: 2, handler: __TI_zero_init


GLOBAL SYMBOLS: SORTED ALPHABETICALLY BY Name 

address   name                           
-------   ----                           
00000b33  ADC14_IRQHandler               
00000b33  AES256_IRQHandler              
00000b33  BusFault_Handler               
00003ad9  C$$EXIT                        
0000366f  C$$IO$$                        
00000b33  COMP_E0_IRQHandler             
00000b33  COMP_E1_IRQHandler             
00003ac9  CPU_wfi                        
00000b33  CS_IRQHandler                  
000036b1  CS_setDCOCenteredFrequency     
00000b33  DMA_ERR_IRQHandler             
00000b33  DMA_INT0_IRQHandler            
00000b33  DMA_INT1_IRQHandler            
00000b33  DMA_INT2_IRQHandler            
00000b33  DMA_INT3_IRQHandler            
00000b33  DebugMon_Handler               
00000b33  Default_Handler                
20000000  ESP8266_Buffer                 
00002e49  ESP8266_ChangeMode1            
0000234d  ESP8266_EstablishConnection    
00003ab1  ESP8266_GetBuffer              
000036e5  ESP8266_HardReset              
0000322d  ESP8266_SendData               
000026a9  ESP8266_WaitForAnswer          
00000b33  EUSCIA0_IRQHandler             
00000b33  EUSCIA1_IRQHandler             
000024d9  EUSCIA2_IRQHandler             
000024d9  EUSCIA2_IRQHandler             
00000b33  EUSCIA3_IRQHandler             
00000b33  EUSCIB0_IRQHandler             
00000b33  EUSCIB1_IRQHandler             
00000b33  EUSCIB2_IRQHandler             
00000b33  EUSCIB3_IRQHandler             
00000b33  FLCTL_IRQHandler               
00000b33  FPU_IRQHandler                 
00003311  FlashCtl_setWaitState          
00003541  GPIO_setAsOutputPin            
00003431  HOSTclose                      
00002b81  HOSTlseek                      
00002ea9  HOSTopen                       
00003081  HOSTread                       
00002b15  HOSTrename                     
00003475  HOSTunlink                     
000030d9  HOSTwrite                      
00000b33  HardFault_Handler              
200019c8  Instructions                   
00000b33  MemManage_Handler              
00000b33  NMI_Handler                    
00000b33  PCM_IRQHandler                 
00002f69  PCM_getCoreVoltageLevel        
00003025  PCM_getPowerMode               
00003a1d  PCM_getPowerState              
000038a1  PCM_gotoLPM0                   
00003a6b  PCM_setCoreVoltageLevel        
00003a7b  PCM_setPowerMode               
00002f09  PORT1_IRQHandler               
00002f09  PORT1_IRQHandler               
00000b33  PORT2_IRQHandler               
00000b33  PORT3_IRQHandler               
00000b33  PORT4_IRQHandler               
00000b33  PORT5_IRQHandler               
00000b33  PORT6_IRQHandler               
00000b33  PSS_IRQHandler                 
00000b33  PendSV_Handler                 
00000b33  RTC_C_IRQHandler               
00003a99  Reset_Handler                  
00000b33  SVC_Handler                    
00000b33  SysTick_Handler                
00002949  SystemInit                     
00000b33  T32_INT1_IRQHandler            
00000b33  T32_INT2_IRQHandler            
00000b33  T32_INTC_IRQHandler            
00000b33  TA0_0_IRQHandler               
00000b33  TA0_N_IRQHandler               
00000b33  TA1_0_IRQHandler               
00000b33  TA1_N_IRQHandler               
00000b33  TA2_0_IRQHandler               
00000b33  TA2_N_IRQHandler               
00000b33  TA3_0_IRQHandler               
00000b33  TA3_N_IRQHandler               
20002398  UART2Config                    
20000800  UARTA0Data                     
200019cc  UARTA0ReadIndex                
200019d0  UARTA0WriteIndex               
20001000  UARTA2Data                     
200019d4  UARTA2ReadIndex                
200019d8  UARTA2WriteIndex               
00003359  UART_Flush                     
00001519  UART_Printf                    
00001671  UART_Read                      
00003581  UART_Write                     
00002cb9  UART_getEnabledInterruptStatus 
000039d7  UART_getInterruptStatus        
00001b49  UART_initModule                
00000b33  UsageFault_Handler             
4000480c  WDTCTL_SYM                     
00000b33  WDT_A_IRQHandler               
20001800  __CIOBUF_                      
20010000  __STACK_END                    
00000200  __STACK_SIZE                   
00000800  __SYSMEM_SIZE                  
00003cb0  __TI_CINIT_Base                
00003cc0  __TI_CINIT_Limit               
00003c98  __TI_Handler_Table_Base        
00003ca4  __TI_Handler_Table_Limit       
000034b9  __TI_auto_init_nobinit_nopinit 
00003719  __TI_cleanup                   
200023d0  __TI_cleanup_ptr               
000029c1  __TI_closefile                 
00002be9  __TI_decompress_lzss           
00003a8b  __TI_decompress_none           
00003279  __TI_doflush                   
200023d4  __TI_dtors_ptr                 
200023d8  __TI_enable_exit_profile_output
200023c0  __TI_ft_end                    
00003187  __TI_ltoa                      
ffffffff  __TI_pprof_out_hndl            
000000e5  __TI_printfi                   
ffffffff  __TI_prof_data_size            
ffffffff  __TI_prof_data_start           
0000374d  __TI_readmsg                   
00000000  __TI_static_base__             
20001920  __TI_tmpnams                   
00003641  __TI_writemsg                  
00002de5  __TI_wrt_ok                    
00003aa5  __TI_zero_init                 
000027c1  __aeabi_cdcmpeq                
000027c1  __aeabi_cdcmple                
00002847  __aeabi_cdrcmple               
000033e9  __aeabi_d2iz                   
0000120f  __aeabi_dadd                   
000018ed  __aeabi_ddiv                   
00002091  __aeabi_dmul                   
00001205  __aeabi_dsub                   
00003ab9  __aeabi_errno_addr             
00003819  __aeabi_i2d                    
00001a23  __aeabi_idiv0                  
00001a23  __aeabi_ldiv0                  
000028cd  __aeabi_memclr                 
000028cd  __aeabi_memclr4                
000028cd  __aeabi_memclr8                
00002575  __aeabi_memcpy                 
00002575  __aeabi_memcpy4                
00002575  __aeabi_memcpy8                
000028cf  __aeabi_memset                 
000028cf  __aeabi_memset4                
000028cf  __aeabi_memset8                
200023cc  __aeabi_stderr                 
200023c4  __aeabi_stdin                  
200023c8  __aeabi_stdout                 
00002611  __aeabi_uldivmod               
ffffffff  __binit__                      
ffffffff  __c_args__                     
UNDEFED   __mpu_init                     
2000fe00  __stack                        
20000000  __start___llvm_prf_cnts        
20000000  __stop___llvm_prf_cnts         
00003781  _c_int00_noargs                
00003adc  _ctypes_                       
200022d0  _device                        
200021e0  _ftable                        
200023dc  _lock                          
000013bb  _nop                           
20002348  _stream                        
200019e0  _sys_memory                    
UNDEFED   _system_post_cinit             
00003ad5  _system_pre_init               
200023e0  _unlock                        
00003ad9  abort                          
00001f91  aligned_alloc                  
000032c5  atoi                           
ffffffff  binit                          
00002fc9  close                          
000039bd  copysign                       
000039bd  copysignl                      
200023ec  errno                          
000033a1  exit                           
000037e9  finddevice                     
00002735  fputc                          
00001c65  fputs                          
0000218d  free                           
00002d1d  frexp                          
00002d1d  frexpl                         
00002d81  fseek                          
000034fd  getdevice                      
00000000  interruptVectors               
00001d79  ldexp                          
00001d79  ldexpl                         
000038f1  lseek                          
00000b35  main                           
00003ac1  malloc                         
00001f91  memalign                       
000039a1  memccpy                        
00003965  memchr                         
00002575  memcpy                         
000028d5  memset                         
200019c0  parmbuf                        
00002c51  printf                         
00002735  putc                           
00003849  remove                         
00001d79  scalbn                         
00001d79  scalbnl                        
00002271  setvbuf                        
200023f4  state                          
200023f5  statess                        
00003a07  strchr                         
000039ef  strcmp                         
00003a31  strcpy                         
00003941  strcspn                        
00003a45  strlen                         
00003679  strncpy                        
00003875  strspn                         
000037b5  strstr                         
000035c1  strtok                         
00003849  unlink                         
00003a59  wcslen                         
00003919  write                          


GLOBAL SYMBOLS: SORTED BY Symbol Address 

address   name                           
-------   ----                           
00000000  __TI_static_base__             
00000000  interruptVectors               
000000e5  __TI_printfi                   
00000200  __STACK_SIZE                   
00000800  __SYSMEM_SIZE                  
00000b33  ADC14_IRQHandler               
00000b33  AES256_IRQHandler              
00000b33  BusFault_Handler               
00000b33  COMP_E0_IRQHandler             
00000b33  COMP_E1_IRQHandler             
00000b33  CS_IRQHandler                  
00000b33  DMA_ERR_IRQHandler             
00000b33  DMA_INT0_IRQHandler            
00000b33  DMA_INT1_IRQHandler            
00000b33  DMA_INT2_IRQHandler            
00000b33  DMA_INT3_IRQHandler            
00000b33  DebugMon_Handler               
00000b33  Default_Handler                
00000b33  EUSCIA0_IRQHandler             
00000b33  EUSCIA1_IRQHandler             
00000b33  EUSCIA3_IRQHandler             
00000b33  EUSCIB0_IRQHandler             
00000b33  EUSCIB1_IRQHandler             
00000b33  EUSCIB2_IRQHandler             
00000b33  EUSCIB3_IRQHandler             
00000b33  FLCTL_IRQHandler               
00000b33  FPU_IRQHandler                 
00000b33  HardFault_Handler              
00000b33  MemManage_Handler              
00000b33  NMI_Handler                    
00000b33  PCM_IRQHandler                 
00000b33  PORT2_IRQHandler               
00000b33  PORT3_IRQHandler               
00000b33  PORT4_IRQHandler               
00000b33  PORT5_IRQHandler               
00000b33  PORT6_IRQHandler               
00000b33  PSS_IRQHandler                 
00000b33  PendSV_Handler                 
00000b33  RTC_C_IRQHandler               
00000b33  SVC_Handler                    
00000b33  SysTick_Handler                
00000b33  T32_INT1_IRQHandler            
00000b33  T32_INT2_IRQHandler            
00000b33  T32_INTC_IRQHandler            
00000b33  TA0_0_IRQHandler               
00000b33  TA0_N_IRQHandler               
00000b33  TA1_0_IRQHandler               
00000b33  TA1_N_IRQHandler               
00000b33  TA2_0_IRQHandler               
00000b33  TA2_N_IRQHandler               
00000b33  TA3_0_IRQHandler               
00000b33  TA3_N_IRQHandler               
00000b33  UsageFault_Handler             
00000b33  WDT_A_IRQHandler               
00000b35  main                           
00001205  __aeabi_dsub                   
0000120f  __aeabi_dadd                   
000013bb  _nop                           
00001519  UART_Printf                    
00001671  UART_Read                      
000018ed  __aeabi_ddiv                   
00001a23  __aeabi_idiv0                  
00001a23  __aeabi_ldiv0                  
00001b49  UART_initModule                
00001c65  fputs                          
00001d79  ldexp                          
00001d79  ldexpl                         
00001d79  scalbn                         
00001d79  scalbnl                        
00001f91  aligned_alloc                  
00001f91  memalign                       
00002091  __aeabi_dmul                   
0000218d  free                           
00002271  setvbuf                        
0000234d  ESP8266_EstablishConnection    
000024d9  EUSCIA2_IRQHandler             
000024d9  EUSCIA2_IRQHandler             
00002575  __aeabi_memcpy                 
00002575  __aeabi_memcpy4                
00002575  __aeabi_memcpy8                
00002575  memcpy                         
00002611  __aeabi_uldivmod               
000026a9  ESP8266_WaitForAnswer          
00002735  fputc                          
00002735  putc                           
000027c1  __aeabi_cdcmpeq                
000027c1  __aeabi_cdcmple                
00002847  __aeabi_cdrcmple               
000028cd  __aeabi_memclr                 
000028cd  __aeabi_memclr4                
000028cd  __aeabi_memclr8                
000028cf  __aeabi_memset                 
000028cf  __aeabi_memset4                
000028cf  __aeabi_memset8                
000028d5  memset                         
00002949  SystemInit                     
000029c1  __TI_closefile                 
00002b15  HOSTrename                     
00002b81  HOSTlseek                      
00002be9  __TI_decompress_lzss           
00002c51  printf                         
00002cb9  UART_getEnabledInterruptStatus 
00002d1d  frexp                          
00002d1d  frexpl                         
00002d81  fseek                          
00002de5  __TI_wrt_ok                    
00002e49  ESP8266_ChangeMode1            
00002ea9  HOSTopen                       
00002f09  PORT1_IRQHandler               
00002f09  PORT1_IRQHandler               
00002f69  PCM_getCoreVoltageLevel        
00002fc9  close                          
00003025  PCM_getPowerMode               
00003081  HOSTread                       
000030d9  HOSTwrite                      
00003187  __TI_ltoa                      
0000322d  ESP8266_SendData               
00003279  __TI_doflush                   
000032c5  atoi                           
00003311  FlashCtl_setWaitState          
00003359  UART_Flush                     
000033a1  exit                           
000033e9  __aeabi_d2iz                   
00003431  HOSTclose                      
00003475  HOSTunlink                     
000034b9  __TI_auto_init_nobinit_nopinit 
000034fd  getdevice                      
00003541  GPIO_setAsOutputPin            
00003581  UART_Write                     
000035c1  strtok                         
00003641  __TI_writemsg                  
0000366f  C$$IO$$                        
00003679  strncpy                        
000036b1  CS_setDCOCenteredFrequency     
000036e5  ESP8266_HardReset              
00003719  __TI_cleanup                   
0000374d  __TI_readmsg                   
00003781  _c_int00_noargs                
000037b5  strstr                         
000037e9  finddevice                     
00003819  __aeabi_i2d                    
00003849  remove                         
00003849  unlink                         
00003875  strspn                         
000038a1  PCM_gotoLPM0                   
000038f1  lseek                          
00003919  write                          
00003941  strcspn                        
00003965  memchr                         
000039a1  memccpy                        
000039bd  copysign                       
000039bd  copysignl                      
000039d7  UART_getInterruptStatus        
000039ef  strcmp                         
00003a07  strchr                         
00003a1d  PCM_getPowerState              
00003a31  strcpy                         
00003a45  strlen                         
00003a59  wcslen                         
00003a6b  PCM_setCoreVoltageLevel        
00003a7b  PCM_setPowerMode               
00003a8b  __TI_decompress_none           
00003a99  Reset_Handler                  
00003aa5  __TI_zero_init                 
00003ab1  ESP8266_GetBuffer              
00003ab9  __aeabi_errno_addr             
00003ac1  malloc                         
00003ac9  CPU_wfi                        
00003ad5  _system_pre_init               
00003ad9  C$$EXIT                        
00003ad9  abort                          
00003adc  _ctypes_                       
00003c98  __TI_Handler_Table_Base        
00003ca4  __TI_Handler_Table_Limit       
00003cb0  __TI_CINIT_Base                
00003cc0  __TI_CINIT_Limit               
20000000  ESP8266_Buffer                 
20000000  __start___llvm_prf_cnts        
20000000  __stop___llvm_prf_cnts         
20000800  UARTA0Data                     
20001000  UARTA2Data                     
20001800  __CIOBUF_                      
20001920  __TI_tmpnams                   
200019c0  parmbuf                        
200019c8  Instructions                   
200019cc  UARTA0ReadIndex                
200019d0  UARTA0WriteIndex               
200019d4  UARTA2ReadIndex                
200019d8  UARTA2WriteIndex               
200019e0  _sys_memory                    
200021e0  _ftable                        
200022d0  _device                        
20002348  _stream                        
20002398  UART2Config                    
200023c0  __TI_ft_end                    
200023c4  __aeabi_stdin                  
200023c8  __aeabi_stdout                 
200023cc  __aeabi_stderr                 
200023d0  __TI_cleanup_ptr               
200023d4  __TI_dtors_ptr                 
200023d8  __TI_enable_exit_profile_output
200023dc  _lock                          
200023e0  _unlock                        
200023ec  errno                          
200023f4  state                          
200023f5  statess                        
2000fe00  __stack                        
20010000  __STACK_END                    
4000480c  WDTCTL_SYM                     
ffffffff  __TI_pprof_out_hndl            
ffffffff  __TI_prof_data_size            
ffffffff  __TI_prof_data_start           
ffffffff  __binit__                      
ffffffff  __c_args__                     
ffffffff  binit                          
UNDEFED   __mpu_init                     
UNDEFED   _system_post_cinit             

[217 symbols]
