<?xml version="1.0" encoding="ISO-8859-1" ?>
<link_info>
   <banner>TI ARM Linker PC v20.2.4.LTS</banner>
   <copyright>Copyright (c) 1996-2018 Texas Instruments Incorporated</copyright>
   <link_time>0x6195116f</link_time>
   <link_errors>0x0</link_errors>
   <output_file>empty_MSP_EXP432P401R_nortos_ccs.out</output_file>
   <entry_point>
      <name>_c_int00_noargs</name>
      <address>0x20b1</address>
   </entry_point>
   <input_file_list>
      <input_file id="fl-2">
         <path>.\</path>
         <kind>object</kind>
         <file>ESP8266.obj</file>
         <name>ESP8266.obj</name>
      </input_file>
      <input_file id="fl-3">
         <path>.\</path>
         <kind>object</kind>
         <file>UART_Driver.obj</file>
         <name>UART_Driver.obj</name>
      </input_file>
      <input_file id="fl-4">
         <path>.\</path>
         <kind>object</kind>
         <file>main.obj</file>
         <name>main.obj</name>
      </input_file>
      <input_file id="fl-5">
         <path>.\</path>
         <kind>object</kind>
         <file>system_msp432p401r.obj</file>
         <name>system_msp432p401r.obj</name>
      </input_file>
      <input_file id="fl-6">
         <path>.\ccs\</path>
         <kind>object</kind>
         <file>startup_msp432p401r_ccs.obj</file>
         <name>startup_msp432p401r_ccs.obj</name>
      </input_file>
      <input_file id="fl-10">
         <kind>object</kind>
         <file>&lt;internal&gt;</file>
         <name>&lt;internal&gt;</name>
      </input_file>
      <input_file id="fl-11">
         <path>C:\ti\simplelink_msp432p4_sdk_3_40_01_02\source\ti\devices\msp432p4xx\driverlib\ccs\</path>
         <kind>archive</kind>
         <file>msp432p4xx_driverlib.lib</file>
         <name>cs.o</name>
      </input_file>
      <input_file id="fl-12">
         <path>C:\ti\simplelink_msp432p4_sdk_3_40_01_02\source\ti\devices\msp432p4xx\driverlib\ccs\</path>
         <kind>archive</kind>
         <file>msp432p4xx_driverlib.lib</file>
         <name>flash.o</name>
      </input_file>
      <input_file id="fl-13">
         <path>C:\ti\simplelink_msp432p4_sdk_3_40_01_02\source\ti\devices\msp432p4xx\driverlib\ccs\</path>
         <kind>archive</kind>
         <file>msp432p4xx_driverlib.lib</file>
         <name>gpio.o</name>
      </input_file>
      <input_file id="fl-14">
         <path>C:\ti\simplelink_msp432p4_sdk_3_40_01_02\source\ti\devices\msp432p4xx\driverlib\ccs\</path>
         <kind>archive</kind>
         <file>msp432p4xx_driverlib.lib</file>
         <name>interrupt.o</name>
      </input_file>
      <input_file id="fl-15">
         <path>C:\ti\simplelink_msp432p4_sdk_3_40_01_02\source\ti\devices\msp432p4xx\driverlib\ccs\</path>
         <kind>archive</kind>
         <file>msp432p4xx_driverlib.lib</file>
         <name>pcm.o</name>
      </input_file>
      <input_file id="fl-16">
         <path>C:\ti\simplelink_msp432p4_sdk_3_40_01_02\source\ti\devices\msp432p4xx\driverlib\ccs\</path>
         <kind>archive</kind>
         <file>msp432p4xx_driverlib.lib</file>
         <name>rtc_c.o</name>
      </input_file>
      <input_file id="fl-17">
         <path>C:\ti\simplelink_msp432p4_sdk_3_40_01_02\source\ti\devices\msp432p4xx\driverlib\ccs\</path>
         <kind>archive</kind>
         <file>msp432p4xx_driverlib.lib</file>
         <name>sysctl.o</name>
      </input_file>
      <input_file id="fl-18">
         <path>C:\ti\simplelink_msp432p4_sdk_3_40_01_02\source\ti\devices\msp432p4xx\driverlib\ccs\</path>
         <kind>archive</kind>
         <file>msp432p4xx_driverlib.lib</file>
         <name>sysctl_a.o</name>
      </input_file>
      <input_file id="fl-19">
         <path>C:\ti\simplelink_msp432p4_sdk_3_40_01_02\source\ti\devices\msp432p4xx\driverlib\ccs\</path>
         <kind>archive</kind>
         <file>msp432p4xx_driverlib.lib</file>
         <name>timer_a.o</name>
      </input_file>
      <input_file id="fl-1a">
         <path>C:\ti\simplelink_msp432p4_sdk_3_40_01_02\source\ti\devices\msp432p4xx\driverlib\ccs\</path>
         <kind>archive</kind>
         <file>msp432p4xx_driverlib.lib</file>
         <name>uart.o</name>
      </input_file>
      <input_file id="fl-1b">
         <path>C:\ti\simplelink_msp432p4_sdk_3_40_01_02\source\ti\devices\msp432p4xx\driverlib\ccs\</path>
         <kind>archive</kind>
         <file>msp432p4xx_driverlib.lib</file>
         <name>wdt_a.o</name>
      </input_file>
      <input_file id="fl-1c">
         <path>C:\ti\simplelink_msp432p4_sdk_3_40_01_02\source\ti\devices\msp432p4xx\driverlib\ccs\</path>
         <kind>archive</kind>
         <file>msp432p4xx_driverlib.lib</file>
         <name>cpu.o</name>
      </input_file>
      <input_file id="fl-d2">
         <path>C:\ti\ti-cgt-arm_20.2.4.LTS\lib\</path>
         <kind>archive</kind>
         <file>rtsv7M4_T_le_v4SPD16_eabi.lib</file>
         <name>memset_t2.asm.obj</name>
      </input_file>
      <input_file id="fl-d3">
         <path>C:\ti\ti-cgt-arm_20.2.4.LTS\lib\</path>
         <kind>archive</kind>
         <file>rtsv7M4_T_le_v4SPD16_eabi.lib</file>
         <name>fd_div_t2.asm.obj</name>
      </input_file>
      <input_file id="fl-d4">
         <path>C:\ti\ti-cgt-arm_20.2.4.LTS\lib\</path>
         <kind>archive</kind>
         <file>rtsv7M4_T_le_v4SPD16_eabi.lib</file>
         <name>fd_mul_t2.asm.obj</name>
      </input_file>
      <input_file id="fl-d5">
         <path>C:\ti\ti-cgt-arm_20.2.4.LTS\lib\</path>
         <kind>archive</kind>
         <file>rtsv7M4_T_le_v4SPD16_eabi.lib</file>
         <name>fd_tos_t2.asm.obj</name>
      </input_file>
      <input_file id="fl-d6">
         <path>C:\ti\ti-cgt-arm_20.2.4.LTS\lib\</path>
         <kind>archive</kind>
         <file>rtsv7M4_T_le_v4SPD16_eabi.lib</file>
         <name>u_tofd_t2.asm.obj</name>
      </input_file>
      <input_file id="fl-d7">
         <path>C:\ti\ti-cgt-arm_20.2.4.LTS\lib\</path>
         <kind>archive</kind>
         <file>rtsv7M4_T_le_v4SPD16_eabi.lib</file>
         <name>copy_zero_init.c.obj</name>
      </input_file>
      <input_file id="fl-d8">
         <path>C:\ti\ti-cgt-arm_20.2.4.LTS\lib\</path>
         <kind>archive</kind>
         <file>rtsv7M4_T_le_v4SPD16_eabi.lib</file>
         <name>copy_decompress_none.c.obj</name>
      </input_file>
      <input_file id="fl-d9">
         <path>C:\ti\ti-cgt-arm_20.2.4.LTS\lib\</path>
         <kind>archive</kind>
         <file>rtsv7M4_T_le_v4SPD16_eabi.lib</file>
         <name>copy_decompress_lzss.c.obj</name>
      </input_file>
      <input_file id="fl-da">
         <path>C:\ti\ti-cgt-arm_20.2.4.LTS\lib\</path>
         <kind>archive</kind>
         <file>rtsv7M4_T_le_v4SPD16_eabi.lib</file>
         <name>strcpy.c.obj</name>
      </input_file>
      <input_file id="fl-db">
         <path>C:\ti\ti-cgt-arm_20.2.4.LTS\lib\</path>
         <kind>archive</kind>
         <file>rtsv7M4_T_le_v4SPD16_eabi.lib</file>
         <name>strlen.c.obj</name>
      </input_file>
      <input_file id="fl-dc">
         <path>C:\ti\ti-cgt-arm_20.2.4.LTS\lib\</path>
         <kind>archive</kind>
         <file>rtsv7M4_T_le_v4SPD16_eabi.lib</file>
         <name>strstr.c.obj</name>
      </input_file>
      <input_file id="fl-dd">
         <path>C:\ti\ti-cgt-arm_20.2.4.LTS\lib\</path>
         <kind>archive</kind>
         <file>rtsv7M4_T_le_v4SPD16_eabi.lib</file>
         <name>strtok.c.obj</name>
      </input_file>
      <input_file id="fl-de">
         <path>C:\ti\ti-cgt-arm_20.2.4.LTS\lib\</path>
         <kind>archive</kind>
         <file>rtsv7M4_T_le_v4SPD16_eabi.lib</file>
         <name>boot_cortex_m.c.obj</name>
      </input_file>
      <input_file id="fl-df">
         <path>C:\ti\ti-cgt-arm_20.2.4.LTS\lib\</path>
         <kind>archive</kind>
         <file>rtsv7M4_T_le_v4SPD16_eabi.lib</file>
         <name>memcpy_t2.asm.obj</name>
      </input_file>
      <input_file id="fl-e0">
         <path>C:\ti\ti-cgt-arm_20.2.4.LTS\lib\</path>
         <kind>archive</kind>
         <file>rtsv7M4_T_le_v4SPD16_eabi.lib</file>
         <name>autoinit.c.obj</name>
      </input_file>
      <input_file id="fl-e1">
         <path>C:\ti\ti-cgt-arm_20.2.4.LTS\lib\</path>
         <kind>archive</kind>
         <file>rtsv7M4_T_le_v4SPD16_eabi.lib</file>
         <name>pre_init.c.obj</name>
      </input_file>
      <input_file id="fl-e2">
         <path>C:\ti\ti-cgt-arm_20.2.4.LTS\lib\</path>
         <kind>archive</kind>
         <file>rtsv7M4_T_le_v4SPD16_eabi.lib</file>
         <name>cpy_tbl.c.obj</name>
      </input_file>
      <input_file id="fl-e3">
         <path>C:\ti\ti-cgt-arm_20.2.4.LTS\lib\</path>
         <kind>archive</kind>
         <file>rtsv7M4_T_le_v4SPD16_eabi.lib</file>
         <name>exit.c.obj</name>
      </input_file>
      <input_file id="fl-e4">
         <path>C:\ti\ti-cgt-arm_20.2.4.LTS\lib\</path>
         <kind>archive</kind>
         <file>rtsv7M4_T_le_v4SPD16_eabi.lib</file>
         <name>_lock.c.obj</name>
      </input_file>
      <input_file id="fl-e5">
         <path>C:\ti\ti-cgt-arm_20.2.4.LTS\lib\</path>
         <kind>archive</kind>
         <file>rtsv7M4_T_le_v4SPD16_eabi.lib</file>
         <name>args_main.c.obj</name>
      </input_file>
      <input_file id="fl-e6">
         <path>C:\ti\ti-cgt-arm_20.2.4.LTS\lib\</path>
         <kind>archive</kind>
         <file>rtsv7M4_T_le_v4SPD16_eabi.lib</file>
         <name>strcspn.c.obj</name>
      </input_file>
      <input_file id="fl-e7">
         <path>C:\ti\ti-cgt-arm_20.2.4.LTS\lib\</path>
         <kind>archive</kind>
         <file>rtsv7M4_T_le_v4SPD16_eabi.lib</file>
         <name>strspn.c.obj</name>
      </input_file>
   </input_file_list>
   <object_component_list>
      <object_component id="oc-26">
         <name>.intvecs:retain</name>
         <load_address>0x0</load_address>
         <run_address>0x0</run_address>
         <size>0xe4</size>
         <input_file_ref idref="fl-6"/>
      </object_component>
      <object_component id="oc-b7">
         <name>.text:main</name>
         <load_address>0xe4</load_address>
         <run_address>0xe4</run_address>
         <size>0x318</size>
         <input_file_ref idref="fl-4"/>
      </object_component>
      <object_component id="oc-19c">
         <name>.text:getPIDOutput</name>
         <load_address>0x3fc</load_address>
         <run_address>0x3fc</run_address>
         <size>0x2cc</size>
         <input_file_ref idref="fl-4"/>
      </object_component>
      <object_component id="oc-3f9">
         <name>.text:__PCM_setPowerModeAdvanced</name>
         <load_address>0x6c8</load_address>
         <run_address>0x6c8</run_address>
         <size>0x15c</size>
         <input_file_ref idref="fl-15"/>
      </object_component>
      <object_component id="oc-250">
         <name>.text:UART_Printf</name>
         <load_address>0x824</load_address>
         <run_address>0x824</run_address>
         <size>0x158</size>
         <input_file_ref idref="fl-3"/>
      </object_component>
      <object_component id="oc-2fb">
         <name>.text:privateTimer_AProcessClockSourceDivider</name>
         <load_address>0x97c</load_address>
         <run_address>0x97c</run_address>
         <size>0x144</size>
         <input_file_ref idref="fl-19"/>
      </object_component>
      <object_component id="oc-2d0">
         <name>.text:UART_Read</name>
         <load_address>0xac0</load_address>
         <run_address>0xac0</run_address>
         <size>0x140</size>
         <input_file_ref idref="fl-3"/>
      </object_component>
      <object_component id="oc-e0">
         <name>.text</name>
         <load_address>0xc00</load_address>
         <run_address>0xc00</run_address>
         <size>0x136</size>
         <input_file_ref idref="fl-d3"/>
      </object_component>
      <object_component id="oc-6d">
         <name>.text:Default_Handler</name>
         <load_address>0xd36</load_address>
         <run_address>0xd36</run_address>
         <size>0x2</size>
         <input_file_ref idref="fl-6"/>
      </object_component>
      <object_component id="oc-15a">
         <name>.text:Initialise_EspUART</name>
         <load_address>0xd38</load_address>
         <run_address>0xd38</run_address>
         <size>0x120</size>
         <input_file_ref idref="fl-4"/>
      </object_component>
      <object_component id="oc-2a2">
         <name>.text:UART_initModule</name>
         <load_address>0xe58</load_address>
         <run_address>0xe58</run_address>
         <size>0x11c</size>
         <input_file_ref idref="fl-1a"/>
      </object_component>
      <object_component id="oc-352">
         <name>.text:__PCM_setCoreVoltageLevelAdvanced</name>
         <load_address>0xf74</load_address>
         <run_address>0xf74</run_address>
         <size>0x108</size>
         <input_file_ref idref="fl-15"/>
      </object_component>
      <object_component id="oc-e5">
         <name>.text</name>
         <load_address>0x107c</load_address>
         <run_address>0x107c</run_address>
         <size>0xfc</size>
         <input_file_ref idref="fl-d4"/>
      </object_component>
      <object_component id="oc-190">
         <name>.text:setWheelDirection</name>
         <load_address>0x1178</load_address>
         <run_address>0x1178</run_address>
         <size>0xec</size>
         <input_file_ref idref="fl-4"/>
      </object_component>
      <object_component id="oc-1ae">
         <name>.text:clearCounters</name>
         <load_address>0x1264</load_address>
         <run_address>0x1264</run_address>
         <size>0xd0</size>
         <input_file_ref idref="fl-4"/>
      </object_component>
      <object_component id="oc-2ba">
         <name>.text:ESP8266_EstablishConnection</name>
         <load_address>0x1334</load_address>
         <run_address>0x1334</run_address>
         <size>0xcc</size>
         <input_file_ref idref="fl-2"/>
      </object_component>
      <object_component id="oc-7f">
         <name>.text:EUSCIA2_IRQHandler</name>
         <load_address>0x1400</load_address>
         <run_address>0x1400</run_address>
         <size>0x9c</size>
         <input_file_ref idref="fl-3"/>
      </object_component>
      <object_component id="oc-37">
         <name>.text</name>
         <load_address>0x149c</load_address>
         <run_address>0x149c</run_address>
         <size>0x9c</size>
         <input_file_ref idref="fl-df"/>
      </object_component>
      <object_component id="oc-79">
         <name>.text:TA1_0_IRQHandler</name>
         <load_address>0x1538</load_address>
         <run_address>0x1538</run_address>
         <size>0x98</size>
         <input_file_ref idref="fl-4"/>
      </object_component>
      <object_component id="oc-172">
         <name>.text:ESP8266_WaitForAnswer</name>
         <load_address>0x15d0</load_address>
         <run_address>0x15d0</run_address>
         <size>0x8c</size>
         <input_file_ref idref="fl-2"/>
      </object_component>
      <object_component id="oc-27e">
         <name>.text:GPIO_setAsPeripheralModuleFunctionOutputPin</name>
         <load_address>0x165c</load_address>
         <run_address>0x165c</run_address>
         <size>0x88</size>
         <input_file_ref idref="fl-13"/>
      </object_component>
      <object_component id="oc-142">
         <name>.text:Initialise_IO</name>
         <load_address>0x16e4</load_address>
         <run_address>0x16e4</run_address>
         <size>0x88</size>
         <input_file_ref idref="fl-4"/>
      </object_component>
      <object_component id="oc-118">
         <name>.text:GPIO_getEnabledInterruptStatus</name>
         <load_address>0x176c</load_address>
         <run_address>0x176c</run_address>
         <size>0x84</size>
         <input_file_ref idref="fl-13"/>
      </object_component>
      <object_component id="oc-160">
         <name>.text:Interrupt_enableInterrupt</name>
         <load_address>0x17f0</load_address>
         <run_address>0x17f0</run_address>
         <size>0x80</size>
         <input_file_ref idref="fl-14"/>
      </object_component>
      <object_component id="oc-ab">
         <name>.text</name>
         <load_address>0x1870</load_address>
         <run_address>0x1870</run_address>
         <size>0x7a</size>
         <input_file_ref idref="fl-d2"/>
      </object_component>
      <object_component id="oc-c9">
         <name>.text:SystemInit</name>
         <load_address>0x18ec</load_address>
         <run_address>0x18ec</run_address>
         <size>0x78</size>
         <input_file_ref idref="fl-5"/>
      </object_component>
      <object_component id="oc-1a2">
         <name>.text:Timer_A_generatePWM</name>
         <load_address>0x1964</load_address>
         <run_address>0x1964</run_address>
         <size>0x74</size>
         <input_file_ref idref="fl-19"/>
      </object_component>
      <object_component id="oc-ea">
         <name>.text</name>
         <load_address>0x19d8</load_address>
         <run_address>0x19d8</run_address>
         <size>0x6e</size>
         <input_file_ref idref="fl-d5"/>
      </object_component>
      <object_component id="oc-286">
         <name>.text:Timer_A_configureUpMode</name>
         <load_address>0x1a48</load_address>
         <run_address>0x1a48</run_address>
         <size>0x68</size>
         <input_file_ref idref="fl-19"/>
      </object_component>
      <object_component id="oc-17">
         <name>.text:decompress:lzss:__TI_decompress_lzss</name>
         <load_address>0x1ab0</load_address>
         <run_address>0x1ab0</run_address>
         <size>0x68</size>
         <input_file_ref idref="fl-d9"/>
      </object_component>
      <object_component id="oc-f3">
         <name>.text:UART_getEnabledInterruptStatus</name>
         <load_address>0x1b18</load_address>
         <run_address>0x1b18</run_address>
         <size>0x64</size>
         <input_file_ref idref="fl-1a"/>
      </object_component>
      <object_component id="oc-85">
         <name>.text:PORT1_IRQHandler</name>
         <load_address>0x1b7c</load_address>
         <run_address>0x1b7c</run_address>
         <size>0x60</size>
         <input_file_ref idref="fl-4"/>
      </object_component>
      <object_component id="oc-3be">
         <name>.text:PCM_getCoreVoltageLevel</name>
         <load_address>0x1bdc</load_address>
         <run_address>0x1bdc</run_address>
         <size>0x5e</size>
         <input_file_ref idref="fl-15"/>
      </object_component>
      <object_component id="oc-3b8">
         <name>.text:PCM_getPowerMode</name>
         <load_address>0x1c3a</load_address>
         <run_address>0x1c3a</run_address>
         <size>0x5a</size>
         <input_file_ref idref="fl-15"/>
      </object_component>
      <object_component id="oc-265">
         <name>.text:GPIO_setAsInputPinWithPullUpResistor</name>
         <load_address>0x1c94</load_address>
         <run_address>0x1c94</run_address>
         <size>0x58</size>
         <input_file_ref idref="fl-13"/>
      </object_component>
      <object_component id="oc-148">
         <name>.text:Initialise_CarMotor</name>
         <load_address>0x1cec</load_address>
         <run_address>0x1cec</run_address>
         <size>0x58</size>
         <input_file_ref idref="fl-4"/>
      </object_component>
      <object_component id="oc-2b4">
         <name>.text:ESP8266_ChangeMode1</name>
         <load_address>0x1d44</load_address>
         <run_address>0x1d44</run_address>
         <size>0x54</size>
         <input_file_ref idref="fl-2"/>
      </object_component>
      <object_component id="oc-14e">
         <name>.text:Initialise_Encoder</name>
         <load_address>0x1d98</load_address>
         <run_address>0x1d98</run_address>
         <size>0x54</size>
         <input_file_ref idref="fl-4"/>
      </object_component>
      <object_component id="oc-10e">
         <name>.text:ESP8266_SendData</name>
         <load_address>0x1dec</load_address>
         <run_address>0x1dec</run_address>
         <size>0x4c</size>
         <input_file_ref idref="fl-2"/>
      </object_component>
      <object_component id="oc-296">
         <name>.text:FlashCtl_setWaitState</name>
         <load_address>0x1e38</load_address>
         <run_address>0x1e38</run_address>
         <size>0x48</size>
         <input_file_ref idref="fl-12"/>
      </object_component>
      <object_component id="oc-2ae">
         <name>.text:UART_Flush</name>
         <load_address>0x1e80</load_address>
         <run_address>0x1e80</run_address>
         <size>0x48</size>
         <input_file_ref idref="fl-3"/>
      </object_component>
      <object_component id="oc-1da">
         <name>.text:__TI_auto_init_nobinit_nopinit:__TI_auto_init_nobinit_nopinit</name>
         <load_address>0x1ec8</load_address>
         <run_address>0x1ec8</run_address>
         <size>0x44</size>
         <input_file_ref idref="fl-e0"/>
      </object_component>
      <object_component id="oc-277">
         <name>.text:GPIO_setAsOutputPin</name>
         <load_address>0x1f0c</load_address>
         <run_address>0x1f0c</run_address>
         <size>0x40</size>
         <input_file_ref idref="fl-13"/>
      </object_component>
      <object_component id="oc-8b">
         <name>.text:PORT2_IRQHandler</name>
         <load_address>0x1f4c</load_address>
         <run_address>0x1f4c</run_address>
         <size>0x40</size>
         <input_file_ref idref="fl-4"/>
      </object_component>
      <object_component id="oc-338">
         <name>.text:UART_Write</name>
         <load_address>0x1f8c</load_address>
         <run_address>0x1f8c</run_address>
         <size>0x40</size>
         <input_file_ref idref="fl-3"/>
      </object_component>
      <object_component id="oc-17e">
         <name>.text:strtok</name>
         <load_address>0x1fcc</load_address>
         <run_address>0x1fcc</run_address>
         <size>0x40</size>
         <input_file_ref idref="fl-dd"/>
      </object_component>
      <object_component id="oc-26b">
         <name>.text:GPIO_interruptEdgeSelect</name>
         <load_address>0x200c</load_address>
         <run_address>0x200c</run_address>
         <size>0x3c</size>
         <input_file_ref idref="fl-13"/>
      </object_component>
      <object_component id="oc-13c">
         <name>.text:CS_setDCOCenteredFrequency</name>
         <load_address>0x2048</load_address>
         <run_address>0x2048</run_address>
         <size>0x34</size>
         <input_file_ref idref="fl-11"/>
      </object_component>
      <object_component id="oc-2a8">
         <name>.text:ESP8266_HardReset</name>
         <load_address>0x207c</load_address>
         <run_address>0x207c</run_address>
         <size>0x34</size>
         <input_file_ref idref="fl-2"/>
      </object_component>
      <object_component id="oc-55">
         <name>.text:_c_int00_noargs:_c_int00_noargs</name>
         <load_address>0x20b0</load_address>
         <run_address>0x20b0</run_address>
         <size>0x34</size>
         <input_file_ref idref="fl-de"/>
      </object_component>
      <object_component id="oc-35f">
         <name>.text:strstr</name>
         <load_address>0x20e4</load_address>
         <run_address>0x20e4</run_address>
         <size>0x34</size>
         <input_file_ref idref="fl-dc"/>
      </object_component>
      <object_component id="oc-d1">
         <name>.text:Timer_A_clearCaptureCompareInterrupt</name>
         <load_address>0x2118</load_address>
         <run_address>0x2118</run_address>
         <size>0x2c</size>
         <input_file_ref idref="fl-19"/>
      </object_component>
      <object_component id="oc-2d9">
         <name>.text:strspn</name>
         <load_address>0x2144</load_address>
         <run_address>0x2144</run_address>
         <size>0x2a</size>
         <input_file_ref idref="fl-e7"/>
      </object_component>
      <object_component id="oc-11e">
         <name>.text:GPIO_clearInterruptFlag</name>
         <load_address>0x2170</load_address>
         <run_address>0x2170</run_address>
         <size>0x28</size>
         <input_file_ref idref="fl-13"/>
      </object_component>
      <object_component id="oc-271">
         <name>.text:GPIO_enableInterrupt</name>
         <load_address>0x2198</load_address>
         <run_address>0x2198</run_address>
         <size>0x28</size>
         <input_file_ref idref="fl-13"/>
      </object_component>
      <object_component id="oc-1ba">
         <name>.text:GPIO_setOutputHighOnPin</name>
         <load_address>0x21c0</load_address>
         <run_address>0x21c0</run_address>
         <size>0x28</size>
         <input_file_ref idref="fl-13"/>
      </object_component>
      <object_component id="oc-1b4">
         <name>.text:GPIO_setOutputLowOnPin</name>
         <load_address>0x21e8</load_address>
         <run_address>0x21e8</run_address>
         <size>0x28</size>
         <input_file_ref idref="fl-13"/>
      </object_component>
      <object_component id="oc-16c">
         <name>.text:GPIO_toggleOutputOnPin</name>
         <load_address>0x2210</load_address>
         <run_address>0x2210</run_address>
         <size>0x28</size>
         <input_file_ref idref="fl-13"/>
      </object_component>
      <object_component id="oc-1c0">
         <name>.text:PCM_gotoLPM0</name>
         <load_address>0x2238</load_address>
         <run_address>0x2238</run_address>
         <size>0x28</size>
         <input_file_ref idref="fl-15"/>
      </object_component>
      <object_component id="oc-259">
         <name>.text:GPIO_getInterruptStatus</name>
         <load_address>0x2260</load_address>
         <run_address>0x2260</run_address>
         <size>0x24</size>
         <input_file_ref idref="fl-13"/>
      </object_component>
      <object_component id="oc-2df">
         <name>.text:strcspn</name>
         <load_address>0x2284</load_address>
         <run_address>0x2284</run_address>
         <size>0x24</size>
         <input_file_ref idref="fl-e6"/>
      </object_component>
      <object_component id="oc-154">
         <name>.text:Initialise_TimerA1</name>
         <load_address>0x22a8</load_address>
         <run_address>0x22a8</run_address>
         <size>0x20</size>
         <input_file_ref idref="fl-4"/>
      </object_component>
      <object_component id="oc-db">
         <name>.text</name>
         <load_address>0x22c8</load_address>
         <run_address>0x22c8</run_address>
         <size>0x20</size>
         <input_file_ref idref="fl-d6"/>
      </object_component>
      <object_component id="oc-73">
         <name>.text:TA0_0_IRQHandler</name>
         <load_address>0x22e8</load_address>
         <run_address>0x22e8</run_address>
         <size>0x1c</size>
         <input_file_ref idref="fl-4"/>
      </object_component>
      <object_component id="oc-28c">
         <name>.text:Timer_A_clearTimer</name>
         <load_address>0x2304</load_address>
         <run_address>0x2304</run_address>
         <size>0x18</size>
         <input_file_ref idref="fl-19"/>
      </object_component>
      <object_component id="oc-239">
         <name>.text:UART_getInterruptStatus</name>
         <load_address>0x231c</load_address>
         <run_address>0x231c</run_address>
         <size>0x18</size>
         <input_file_ref idref="fl-1a"/>
      </object_component>
      <object_component id="oc-196">
         <name>.text:Timer_A_startCounter</name>
         <load_address>0x2334</load_address>
         <run_address>0x2334</run_address>
         <size>0x16</size>
         <input_file_ref idref="fl-19"/>
      </object_component>
      <object_component id="oc-3c4">
         <name>.text:PCM_getPowerState</name>
         <load_address>0x234c</load_address>
         <run_address>0x234c</run_address>
         <size>0x14</size>
         <input_file_ref idref="fl-15"/>
      </object_component>
      <object_component id="oc-1a8">
         <name>.text:Timer_A_stopTimer</name>
         <load_address>0x2360</load_address>
         <run_address>0x2360</run_address>
         <size>0x14</size>
         <input_file_ref idref="fl-19"/>
      </object_component>
      <object_component id="oc-184">
         <name>.text:strcpy</name>
         <load_address>0x2374</load_address>
         <run_address>0x2374</run_address>
         <size>0x14</size>
         <input_file_ref idref="fl-da"/>
      </object_component>
      <object_component id="oc-18a">
         <name>.text:strlen</name>
         <load_address>0x2388</load_address>
         <run_address>0x2388</run_address>
         <size>0x14</size>
         <input_file_ref idref="fl-db"/>
      </object_component>
      <object_component id="oc-166">
         <name>.text:Interrupt_enableMaster</name>
         <load_address>0x239c</load_address>
         <run_address>0x239c</run_address>
         <size>0x10</size>
         <input_file_ref idref="fl-14"/>
      </object_component>
      <object_component id="oc-29c">
         <name>.text:PCM_setCoreVoltageLevel</name>
         <load_address>0x23ac</load_address>
         <run_address>0x23ac</run_address>
         <size>0x10</size>
         <input_file_ref idref="fl-15"/>
      </object_component>
      <object_component id="oc-3ca">
         <name>.text:PCM_setPowerMode</name>
         <load_address>0x23bc</load_address>
         <run_address>0x23bc</run_address>
         <size>0x10</size>
         <input_file_ref idref="fl-15"/>
      </object_component>
      <object_component id="oc-1d">
         <name>.text:decompress:none:__TI_decompress_none</name>
         <load_address>0x23cc</load_address>
         <run_address>0x23cc</run_address>
         <size>0xe</size>
         <input_file_ref idref="fl-d8"/>
      </object_component>
      <object_component id="oc-2c8">
         <name>.text:CPU_cpsie</name>
         <load_address>0x23da</load_address>
         <run_address>0x23da</run_address>
         <size>0xc</size>
         <input_file_ref idref="fl-1c"/>
      </object_component>
      <object_component id="oc-67">
         <name>.text:Reset_Handler</name>
         <load_address>0x23e6</load_address>
         <run_address>0x23e6</run_address>
         <size>0xc</size>
         <input_file_ref idref="fl-6"/>
      </object_component>
      <object_component id="oc-49">
         <name>.text:decompress:ZI:__TI_zero_init</name>
         <load_address>0x23f2</load_address>
         <run_address>0x23f2</run_address>
         <size>0xc</size>
         <input_file_ref idref="fl-d7"/>
      </object_component>
      <object_component id="oc-178">
         <name>.text:ESP8266_GetBuffer</name>
         <load_address>0x2400</load_address>
         <run_address>0x2400</run_address>
         <size>0x8</size>
         <input_file_ref idref="fl-2"/>
      </object_component>
      <object_component id="oc-307">
         <name>.text:CPU_wfi</name>
         <load_address>0x2408</load_address>
         <run_address>0x2408</run_address>
         <size>0x4</size>
         <input_file_ref idref="fl-1c"/>
      </object_component>
      <object_component id="oc-b1">
         <name>.text:_system_pre_init</name>
         <load_address>0x240c</load_address>
         <run_address>0x240c</run_address>
         <size>0x4</size>
         <input_file_ref idref="fl-e1"/>
      </object_component>
      <object_component id="oc-1ce">
         <name>.text:abort:abort</name>
         <load_address>0x2410</load_address>
         <run_address>0x2410</run_address>
         <size>0x4</size>
         <input_file_ref idref="fl-e3"/>
      </object_component>
      <object_component id="oc-25f">
         <name>.const:GPIO_PORT_TO_BASE</name>
         <load_address>0x2414</load_address>
         <run_address>0x2414</run_address>
         <size>0x30</size>
         <input_file_ref idref="fl-13"/>
      </object_component>
      <object_component id="oc-292">
         <name>.const:upConfigEncoder</name>
         <load_address>0x2444</load_address>
         <run_address>0x2444</run_address>
         <size>0x18</size>
         <input_file_ref idref="fl-4"/>
      </object_component>
      <object_component id="oc-114">
         <name>.const:.string:$P$T0$1</name>
         <load_address>0x245c</load_address>
         <run_address>0x245c</run_address>
         <size>0x9</size>
         <input_file_ref idref="fl-4"/>
      </object_component>
      <object_component id="oc-2c4">
         <name>.const:g_pulEnRegs</name>
         <load_address>0x2468</load_address>
         <run_address>0x2468</run_address>
         <size>0x8</size>
         <input_file_ref idref="fl-14"/>
      </object_component>
      <object_component id="oc-434">
         <name>.cinit..data.load</name>
         <load_address>0x2470</load_address>
         <run_address>0x2470</run_address>
         <size>0x32</size>
      </object_component>
      <object_component id="oc-432">
         <name>__TI_handler_table</name>
         <load_address>0x24a4</load_address>
         <run_address>0x24a4</run_address>
         <size>0xc</size>
      </object_component>
      <object_component id="oc-435">
         <name>.cinit..bss.load</name>
         <load_address>0x24b0</load_address>
         <run_address>0x24b0</run_address>
         <size>0x8</size>
      </object_component>
      <object_component id="oc-433">
         <name>__TI_cinit_table</name>
         <load_address>0x24b8</load_address>
         <run_address>0x24b8</run_address>
         <size>0x10</size>
      </object_component>
      <object_component id="oc-406">
         <name>.binit</name>
         <load_address>0x0</load_address>
         <run_address>0x0</run_address>
         <size>0x0</size>
      </object_component>
      <object_component id="oc-100">
         <name>.data</name>
         <load_address>0x20001875</load_address>
         <run_address>0x20001875</run_address>
         <size>0x1</size>
         <input_file_ref idref="fl-3"/>
      </object_component>
      <object_component id="oc-ef">
         <name>.data</name>
         <load_address>0x20001840</load_address>
         <run_address>0x20001840</run_address>
         <size>0x35</size>
         <input_file_ref idref="fl-4"/>
      </object_component>
      <object_component id="oc-1c7">
         <name>.data:pwmConfig</name>
         <load_address>0x200018b8</load_address>
         <run_address>0x200018b8</run_address>
         <size>0x18</size>
         <input_file_ref idref="fl-4"/>
      </object_component>
      <object_component id="oc-1ca">
         <name>.data:pwmConfig2</name>
         <load_address>0x200018a0</load_address>
         <run_address>0x200018a0</run_address>
         <size>0x18</size>
         <input_file_ref idref="fl-4"/>
      </object_component>
      <object_component id="oc-2c0">
         <name>.data:UART2Config</name>
         <load_address>0x20001878</load_address>
         <run_address>0x20001878</run_address>
         <size>0x28</size>
         <input_file_ref idref="fl-4"/>
      </object_component>
      <object_component id="oc-2e5">
         <name>.data</name>
         <load_address>0x200018d0</load_address>
         <run_address>0x200018d0</run_address>
         <size>0x4</size>
         <input_file_ref idref="fl-dd"/>
      </object_component>
      <object_component id="oc-36d">
         <name>.common:UARTA0Data</name>
         <uninitialized>true</uninitialized>
         <run_address>0x20000800</run_address>
         <size>0x800</size>
      </object_component>
      <object_component id="oc-35d">
         <name>.common:UARTA0ReadIndex</name>
         <uninitialized>true</uninitialized>
         <run_address>0x20001804</run_address>
         <size>0x4</size>
      </object_component>
      <object_component id="oc-35c">
         <name>.common:UARTA0WriteIndex</name>
         <uninitialized>true</uninitialized>
         <run_address>0x20001808</run_address>
         <size>0x4</size>
      </object_component>
      <object_component id="oc-ff">
         <name>.common:UARTA2Data</name>
         <uninitialized>true</uninitialized>
         <run_address>0x20001000</run_address>
         <size>0x800</size>
      </object_component>
      <object_component id="oc-fe">
         <name>.common:UARTA2ReadIndex</name>
         <uninitialized>true</uninitialized>
         <run_address>0x2000180c</run_address>
         <size>0x4</size>
      </object_component>
      <object_component id="oc-f9">
         <name>.common:UARTA2WriteIndex</name>
         <uninitialized>true</uninitialized>
         <run_address>0x20001810</run_address>
         <size>0x4</size>
      </object_component>
      <object_component id="oc-2d6">
         <name>.common:ESP8266_Buffer</name>
         <uninitialized>true</uninitialized>
         <run_address>0x20000000</run_address>
         <size>0x800</size>
      </object_component>
      <object_component id="oc-2f0">
         <name>.common:errorTl</name>
         <uninitialized>true</uninitialized>
         <run_address>0x2000181c</run_address>
         <size>0x4</size>
      </object_component>
      <object_component id="oc-2f1">
         <name>.common:errorTr</name>
         <uninitialized>true</uninitialized>
         <run_address>0x20001820</run_address>
         <size>0x4</size>
      </object_component>
      <object_component id="oc-2f8">
         <name>.common:lastErrorL</name>
         <uninitialized>true</uninitialized>
         <run_address>0x20001830</run_address>
         <size>0x4</size>
      </object_component>
      <object_component id="oc-2f9">
         <name>.common:lastErrorR</name>
         <uninitialized>true</uninitialized>
         <run_address>0x20001834</run_address>
         <size>0x4</size>
      </object_component>
      <object_component id="oc-2f4">
         <name>.common:proportionL</name>
         <uninitialized>true</uninitialized>
         <run_address>0x20001838</run_address>
         <size>0x4</size>
      </object_component>
      <object_component id="oc-2f5">
         <name>.common:proportionR</name>
         <uninitialized>true</uninitialized>
         <run_address>0x2000183c</run_address>
         <size>0x4</size>
      </object_component>
      <object_component id="oc-2f6">
         <name>.common:integralL</name>
         <uninitialized>true</uninitialized>
         <run_address>0x20001828</run_address>
         <size>0x4</size>
      </object_component>
      <object_component id="oc-2f7">
         <name>.common:integralR</name>
         <uninitialized>true</uninitialized>
         <run_address>0x2000182c</run_address>
         <size>0x4</size>
      </object_component>
      <object_component id="oc-2f2">
         <name>.common:derivativeL</name>
         <uninitialized>true</uninitialized>
         <run_address>0x20001814</run_address>
         <size>0x4</size>
      </object_component>
      <object_component id="oc-2f3">
         <name>.common:derivativeR</name>
         <uninitialized>true</uninitialized>
         <run_address>0x20001818</run_address>
         <size>0x4</size>
      </object_component>
      <object_component id="oc-d7">
         <name>.common:SR04IntTimes</name>
         <uninitialized>true</uninitialized>
         <run_address>0x20001800</run_address>
         <size>0x4</size>
      </object_component>
      <object_component id="oc-1c6">
         <name>.common:instructionBuffer</name>
         <uninitialized>true</uninitialized>
         <run_address>0x20001824</run_address>
         <size>0x4</size>
      </object_component>
      <object_component id="oc-29">
         <name>.stack</name>
         <uninitialized>true</uninitialized>
         <run_address>0x2000fe00</run_address>
         <size>0x4</size>
         <input_file_ref idref="fl-de"/>
      </object_component>
      <object_component id="oc-437">
         <name>.stack</name>
         <uninitialized>true</uninitialized>
         <run_address>0x2000fe00</run_address>
         <size>0x0</size>
      </object_component>
      <object_component id="oc-fa">
         <name>.debug_info</name>
         <load_address>0x0</load_address>
         <run_address>0x0</run_address>
         <size>0x7b5</size>
         <input_file_ref idref="fl-2"/>
      </object_component>
      <object_component id="oc-173">
         <name>.debug_info</name>
         <load_address>0x7b5</load_address>
         <run_address>0x7b5</run_address>
         <size>0x1a4</size>
         <input_file_ref idref="fl-2"/>
      </object_component>
      <object_component id="oc-2b5">
         <name>.debug_info</name>
         <load_address>0x959</load_address>
         <run_address>0x959</run_address>
         <size>0x18c</size>
         <input_file_ref idref="fl-2"/>
      </object_component>
      <object_component id="oc-2bb">
         <name>.debug_info</name>
         <load_address>0xae5</load_address>
         <run_address>0xae5</run_address>
         <size>0x247</size>
         <input_file_ref idref="fl-2"/>
      </object_component>
      <object_component id="oc-110">
         <name>.debug_info</name>
         <load_address>0xd2c</load_address>
         <run_address>0xd2c</run_address>
         <size>0x1c5</size>
         <input_file_ref idref="fl-2"/>
      </object_component>
      <object_component id="oc-179">
         <name>.debug_info</name>
         <load_address>0xef1</load_address>
         <run_address>0xef1</run_address>
         <size>0x150</size>
         <input_file_ref idref="fl-2"/>
      </object_component>
      <object_component id="oc-2aa">
         <name>.debug_info</name>
         <load_address>0x1041</load_address>
         <run_address>0x1041</run_address>
         <size>0x15a</size>
         <input_file_ref idref="fl-2"/>
      </object_component>
      <object_component id="oc-127">
         <name>.debug_info</name>
         <load_address>0x119b</load_address>
         <run_address>0x119b</run_address>
         <size>0x26b</size>
         <input_file_ref idref="fl-2"/>
      </object_component>
      <object_component id="oc-21f">
         <name>.debug_info</name>
         <load_address>0x1406</load_address>
         <run_address>0x1406</run_address>
         <size>0x1028</size>
         <input_file_ref idref="fl-2"/>
      </object_component>
      <object_component id="oc-242">
         <name>.debug_info</name>
         <load_address>0x242e</load_address>
         <run_address>0x242e</run_address>
         <size>0x37e2</size>
         <input_file_ref idref="fl-2"/>
      </object_component>
      <object_component id="oc-224">
         <name>.debug_info</name>
         <load_address>0x5c10</load_address>
         <run_address>0x5c10</run_address>
         <size>0x341</size>
         <input_file_ref idref="fl-2"/>
      </object_component>
      <object_component id="oc-109">
         <name>.debug_info</name>
         <load_address>0x5f51</load_address>
         <run_address>0x5f51</run_address>
         <size>0x8b</size>
         <input_file_ref idref="fl-2"/>
      </object_component>
      <object_component id="oc-24b">
         <name>.debug_info</name>
         <load_address>0x5fdc</load_address>
         <run_address>0x5fdc</run_address>
         <size>0x2a4</size>
         <input_file_ref idref="fl-2"/>
      </object_component>
      <object_component id="oc-22e">
         <name>.debug_info</name>
         <load_address>0x6280</load_address>
         <run_address>0x6280</run_address>
         <size>0xef</size>
         <input_file_ref idref="fl-2"/>
      </object_component>
      <object_component id="oc-104">
         <name>.debug_info</name>
         <load_address>0x636f</load_address>
         <run_address>0x636f</run_address>
         <size>0xbb</size>
         <input_file_ref idref="fl-2"/>
      </object_component>
      <object_component id="oc-133">
         <name>.debug_info</name>
         <load_address>0x642a</load_address>
         <run_address>0x642a</run_address>
         <size>0x2c</size>
         <input_file_ref idref="fl-2"/>
      </object_component>
      <object_component id="oc-33f">
         <name>.debug_info</name>
         <load_address>0x6456</load_address>
         <run_address>0x6456</run_address>
         <size>0x2c</size>
         <input_file_ref idref="fl-2"/>
      </object_component>
      <object_component id="oc-229">
         <name>.debug_info</name>
         <load_address>0x6482</load_address>
         <run_address>0x6482</run_address>
         <size>0x102</size>
         <input_file_ref idref="fl-2"/>
      </object_component>
      <object_component id="oc-fc">
         <name>.debug_info</name>
         <load_address>0x6584</load_address>
         <run_address>0x6584</run_address>
         <size>0x705</size>
         <input_file_ref idref="fl-3"/>
      </object_component>
      <object_component id="oc-101">
         <name>.debug_info</name>
         <load_address>0x6c89</load_address>
         <run_address>0x6c89</run_address>
         <size>0x105</size>
         <input_file_ref idref="fl-3"/>
      </object_component>
      <object_component id="oc-33a">
         <name>.debug_info</name>
         <load_address>0x6d8e</load_address>
         <run_address>0x6d8e</run_address>
         <size>0x1c3</size>
         <input_file_ref idref="fl-3"/>
      </object_component>
      <object_component id="oc-2af">
         <name>.debug_info</name>
         <load_address>0x6f51</load_address>
         <run_address>0x6f51</run_address>
         <size>0x16a</size>
         <input_file_ref idref="fl-3"/>
      </object_component>
      <object_component id="oc-2d1">
         <name>.debug_info</name>
         <load_address>0x70bb</load_address>
         <run_address>0x70bb</run_address>
         <size>0x24c</size>
         <input_file_ref idref="fl-3"/>
      </object_component>
      <object_component id="oc-251">
         <name>.debug_info</name>
         <load_address>0x7307</load_address>
         <run_address>0x7307</run_address>
         <size>0x27b</size>
         <input_file_ref idref="fl-3"/>
      </object_component>
      <object_component id="oc-80">
         <name>.debug_info</name>
         <load_address>0x7582</load_address>
         <run_address>0x7582</run_address>
         <size>0x1d3</size>
         <input_file_ref idref="fl-3"/>
      </object_component>
      <object_component id="oc-d8">
         <name>.debug_info</name>
         <load_address>0x7755</load_address>
         <run_address>0x7755</run_address>
         <size>0x1235</size>
         <input_file_ref idref="fl-4"/>
      </object_component>
      <object_component id="oc-f0">
         <name>.debug_info</name>
         <load_address>0x898a</load_address>
         <run_address>0x898a</run_address>
         <size>0x2fb</size>
         <input_file_ref idref="fl-4"/>
      </object_component>
      <object_component id="oc-1c8">
         <name>.debug_info</name>
         <load_address>0x8c85</load_address>
         <run_address>0x8c85</run_address>
         <size>0x106</size>
         <input_file_ref idref="fl-4"/>
      </object_component>
      <object_component id="oc-1cb">
         <name>.debug_info</name>
         <load_address>0x8d8b</load_address>
         <run_address>0x8d8b</run_address>
         <size>0x108</size>
         <input_file_ref idref="fl-4"/>
      </object_component>
      <object_component id="oc-293">
         <name>.debug_info</name>
         <load_address>0x8e93</load_address>
         <run_address>0x8e93</run_address>
         <size>0x112</size>
         <input_file_ref idref="fl-4"/>
      </object_component>
      <object_component id="oc-2c1">
         <name>.debug_info</name>
         <load_address>0x8fa5</load_address>
         <run_address>0x8fa5</run_address>
         <size>0x10a</size>
         <input_file_ref idref="fl-4"/>
      </object_component>
      <object_component id="oc-115">
         <name>.debug_info</name>
         <load_address>0x90af</load_address>
         <run_address>0x90af</run_address>
         <size>0x102</size>
         <input_file_ref idref="fl-4"/>
      </object_component>
      <object_component id="oc-b9">
         <name>.debug_info</name>
         <load_address>0x91b1</load_address>
         <run_address>0x91b1</run_address>
         <size>0x753</size>
         <input_file_ref idref="fl-4"/>
      </object_component>
      <object_component id="oc-19e">
         <name>.debug_info</name>
         <load_address>0x9904</load_address>
         <run_address>0x9904</run_address>
         <size>0x22b</size>
         <input_file_ref idref="fl-4"/>
      </object_component>
      <object_component id="oc-1b0">
         <name>.debug_info</name>
         <load_address>0x9b2f</load_address>
         <run_address>0x9b2f</run_address>
         <size>0x154</size>
         <input_file_ref idref="fl-4"/>
      </object_component>
      <object_component id="oc-87">
         <name>.debug_info</name>
         <load_address>0x9c83</load_address>
         <run_address>0x9c83</run_address>
         <size>0x1cf</size>
         <input_file_ref idref="fl-4"/>
      </object_component>
      <object_component id="oc-8d">
         <name>.debug_info</name>
         <load_address>0x9e52</load_address>
         <run_address>0x9e52</run_address>
         <size>0x1b8</size>
         <input_file_ref idref="fl-4"/>
      </object_component>
      <object_component id="oc-7b">
         <name>.debug_info</name>
         <load_address>0xa00a</load_address>
         <run_address>0xa00a</run_address>
         <size>0x202</size>
         <input_file_ref idref="fl-4"/>
      </object_component>
      <object_component id="oc-156">
         <name>.debug_info</name>
         <load_address>0xa20c</load_address>
         <run_address>0xa20c</run_address>
         <size>0x19c</size>
         <input_file_ref idref="fl-4"/>
      </object_component>
      <object_component id="oc-144">
         <name>.debug_info</name>
         <load_address>0xa3a8</load_address>
         <run_address>0xa3a8</run_address>
         <size>0x31d</size>
         <input_file_ref idref="fl-4"/>
      </object_component>
      <object_component id="oc-14a">
         <name>.debug_info</name>
         <load_address>0xa6c5</load_address>
         <run_address>0xa6c5</run_address>
         <size>0x287</size>
         <input_file_ref idref="fl-4"/>
      </object_component>
      <object_component id="oc-15b">
         <name>.debug_info</name>
         <load_address>0xa94c</load_address>
         <run_address>0xa94c</run_address>
         <size>0x29e</size>
         <input_file_ref idref="fl-4"/>
      </object_component>
      <object_component id="oc-14f">
         <name>.debug_info</name>
         <load_address>0xabea</load_address>
         <run_address>0xabea</run_address>
         <size>0x27d</size>
         <input_file_ref idref="fl-4"/>
      </object_component>
      <object_component id="oc-191">
         <name>.debug_info</name>
         <load_address>0xae67</load_address>
         <run_address>0xae67</run_address>
         <size>0x33a</size>
         <input_file_ref idref="fl-4"/>
      </object_component>
      <object_component id="oc-74">
         <name>.debug_info</name>
         <load_address>0xb1a1</load_address>
         <run_address>0xb1a1</run_address>
         <size>0x16c</size>
         <input_file_ref idref="fl-4"/>
      </object_component>
      <object_component id="oc-21a">
         <name>.debug_info</name>
         <load_address>0xb30d</load_address>
         <run_address>0xb30d</run_address>
         <size>0x37e2</size>
         <input_file_ref idref="fl-4"/>
      </object_component>
      <object_component id="oc-cb">
         <name>.debug_info</name>
         <load_address>0xeaef</load_address>
         <run_address>0xeaef</run_address>
         <size>0x15f</size>
         <input_file_ref idref="fl-5"/>
      </object_component>
      <object_component id="oc-32">
         <name>.debug_info</name>
         <load_address>0xec4e</load_address>
         <run_address>0xec4e</run_address>
         <size>0x84</size>
         <input_file_ref idref="fl-5"/>
      </object_component>
      <object_component id="oc-93">
         <name>.debug_info</name>
         <load_address>0xecd2</load_address>
         <run_address>0xecd2</run_address>
         <size>0x2ff</size>
         <input_file_ref idref="fl-6"/>
      </object_component>
      <object_component id="oc-27">
         <name>.debug_info</name>
         <load_address>0xefd1</load_address>
         <run_address>0xefd1</run_address>
         <size>0x12b</size>
         <input_file_ref idref="fl-6"/>
      </object_component>
      <object_component id="oc-6b">
         <name>.debug_info</name>
         <load_address>0xf0fc</load_address>
         <run_address>0xf0fc</run_address>
         <size>0x18e</size>
         <input_file_ref idref="fl-6"/>
      </object_component>
      <object_component id="oc-71">
         <name>.debug_info</name>
         <load_address>0xf28a</load_address>
         <run_address>0xf28a</run_address>
         <size>0x176</size>
         <input_file_ref idref="fl-6"/>
      </object_component>
      <object_component id="oc-3b4">
         <name>.debug_info</name>
         <load_address>0xf400</load_address>
         <run_address>0xf400</run_address>
         <size>0x807</size>
         <input_file_ref idref="fl-11"/>
      </object_component>
      <object_component id="oc-140">
         <name>.debug_info</name>
         <load_address>0xfc07</load_address>
         <run_address>0xfc07</run_address>
         <size>0x1e5</size>
         <input_file_ref idref="fl-11"/>
      </object_component>
      <object_component id="oc-37e">
         <name>.debug_info</name>
         <load_address>0xfdec</load_address>
         <run_address>0xfdec</run_address>
         <size>0x431a</size>
         <input_file_ref idref="fl-11"/>
      </object_component>
      <object_component id="oc-3f1">
         <name>.debug_info</name>
         <load_address>0x14106</load_address>
         <run_address>0x14106</run_address>
         <size>0x1b5</size>
         <input_file_ref idref="fl-11"/>
      </object_component>
      <object_component id="oc-38d">
         <name>.debug_info</name>
         <load_address>0x142bb</load_address>
         <run_address>0x142bb</run_address>
         <size>0x26b</size>
         <input_file_ref idref="fl-11"/>
      </object_component>
      <object_component id="oc-383">
         <name>.debug_info</name>
         <load_address>0x14526</load_address>
         <run_address>0x14526</run_address>
         <size>0x1028</size>
         <input_file_ref idref="fl-11"/>
      </object_component>
      <object_component id="oc-332">
         <name>.debug_info</name>
         <load_address>0x1554e</load_address>
         <run_address>0x1554e</run_address>
         <size>0x297</size>
         <input_file_ref idref="fl-11"/>
      </object_component>
      <object_component id="oc-213">
         <name>.debug_info</name>
         <load_address>0x157e5</load_address>
         <run_address>0x157e5</run_address>
         <size>0xef</size>
         <input_file_ref idref="fl-11"/>
      </object_component>
      <object_component id="oc-20e">
         <name>.debug_info</name>
         <load_address>0x158d4</load_address>
         <run_address>0x158d4</run_address>
         <size>0xbb</size>
         <input_file_ref idref="fl-11"/>
      </object_component>
      <object_component id="oc-298">
         <name>.debug_info</name>
         <load_address>0x1598f</load_address>
         <run_address>0x1598f</run_address>
         <size>0x224</size>
         <input_file_ref idref="fl-12"/>
      </object_component>
      <object_component id="oc-347">
         <name>.debug_info</name>
         <load_address>0x15bb3</load_address>
         <run_address>0x15bb3</run_address>
         <size>0x701</size>
         <input_file_ref idref="fl-13"/>
      </object_component>
      <object_component id="oc-260">
         <name>.debug_info</name>
         <load_address>0x162b4</load_address>
         <run_address>0x162b4</run_address>
         <size>0x135</size>
         <input_file_ref idref="fl-13"/>
      </object_component>
      <object_component id="oc-278">
         <name>.debug_info</name>
         <load_address>0x163e9</load_address>
         <run_address>0x163e9</run_address>
         <size>0x252</size>
         <input_file_ref idref="fl-13"/>
      </object_component>
      <object_component id="oc-27f">
         <name>.debug_info</name>
         <load_address>0x1663b</load_address>
         <run_address>0x1663b</run_address>
         <size>0x2a5</size>
         <input_file_ref idref="fl-13"/>
      </object_component>
      <object_component id="oc-1bc">
         <name>.debug_info</name>
         <load_address>0x168e0</load_address>
         <run_address>0x168e0</run_address>
         <size>0x25a</size>
         <input_file_ref idref="fl-13"/>
      </object_component>
      <object_component id="oc-1b6">
         <name>.debug_info</name>
         <load_address>0x16b3a</load_address>
         <run_address>0x16b3a</run_address>
         <size>0x258</size>
         <input_file_ref idref="fl-13"/>
      </object_component>
      <object_component id="oc-16d">
         <name>.debug_info</name>
         <load_address>0x16d92</load_address>
         <run_address>0x16d92</run_address>
         <size>0x258</size>
         <input_file_ref idref="fl-13"/>
      </object_component>
      <object_component id="oc-267">
         <name>.debug_info</name>
         <load_address>0x16fea</load_address>
         <run_address>0x16fea</run_address>
         <size>0x274</size>
         <input_file_ref idref="fl-13"/>
      </object_component>
      <object_component id="oc-272">
         <name>.debug_info</name>
         <load_address>0x1725e</load_address>
         <run_address>0x1725e</run_address>
         <size>0x254</size>
         <input_file_ref idref="fl-13"/>
      </object_component>
      <object_component id="oc-25b">
         <name>.debug_info</name>
         <load_address>0x174b2</load_address>
         <run_address>0x174b2</run_address>
         <size>0x25e</size>
         <input_file_ref idref="fl-13"/>
      </object_component>
      <object_component id="oc-120">
         <name>.debug_info</name>
         <load_address>0x17710</load_address>
         <run_address>0x17710</run_address>
         <size>0x25a</size>
         <input_file_ref idref="fl-13"/>
      </object_component>
      <object_component id="oc-26c">
         <name>.debug_info</name>
         <load_address>0x1796a</load_address>
         <run_address>0x1796a</run_address>
         <size>0x298</size>
         <input_file_ref idref="fl-13"/>
      </object_component>
      <object_component id="oc-119">
         <name>.debug_info</name>
         <load_address>0x17c02</load_address>
         <run_address>0x17c02</run_address>
         <size>0x264</size>
         <input_file_ref idref="fl-13"/>
      </object_component>
      <object_component id="oc-36b">
         <name>.debug_info</name>
         <load_address>0x17e66</load_address>
         <run_address>0x17e66</run_address>
         <size>0x68f</size>
         <input_file_ref idref="fl-14"/>
      </object_component>
      <object_component id="oc-2c5">
         <name>.debug_info</name>
         <load_address>0x184f5</load_address>
         <run_address>0x184f5</run_address>
         <size>0x12e</size>
         <input_file_ref idref="fl-14"/>
      </object_component>
      <object_component id="oc-168">
         <name>.debug_info</name>
         <load_address>0x18623</load_address>
         <run_address>0x18623</run_address>
         <size>0x1d5</size>
         <input_file_ref idref="fl-14"/>
      </object_component>
      <object_component id="oc-162">
         <name>.debug_info</name>
         <load_address>0x187f8</load_address>
         <run_address>0x187f8</run_address>
         <size>0x219</size>
         <input_file_ref idref="fl-14"/>
      </object_component>
      <object_component id="oc-354">
         <name>.debug_info</name>
         <load_address>0x18a11</load_address>
         <run_address>0x18a11</run_address>
         <size>0x3a5</size>
         <input_file_ref idref="fl-15"/>
      </object_component>
      <object_component id="oc-29e">
         <name>.debug_info</name>
         <load_address>0x18db6</load_address>
         <run_address>0x18db6</run_address>
         <size>0x220</size>
         <input_file_ref idref="fl-15"/>
      </object_component>
      <object_component id="oc-3ba">
         <name>.debug_info</name>
         <load_address>0x18fd6</load_address>
         <run_address>0x18fd6</run_address>
         <size>0x1eb</size>
         <input_file_ref idref="fl-15"/>
      </object_component>
      <object_component id="oc-3c0">
         <name>.debug_info</name>
         <load_address>0x191c1</load_address>
         <run_address>0x191c1</run_address>
         <size>0x1f9</size>
         <input_file_ref idref="fl-15"/>
      </object_component>
      <object_component id="oc-3fb">
         <name>.debug_info</name>
         <load_address>0x193ba</load_address>
         <run_address>0x193ba</run_address>
         <size>0x346</size>
         <input_file_ref idref="fl-15"/>
      </object_component>
      <object_component id="oc-3cc">
         <name>.debug_info</name>
         <load_address>0x19700</load_address>
         <run_address>0x19700</run_address>
         <size>0x202</size>
         <input_file_ref idref="fl-15"/>
      </object_component>
      <object_component id="oc-1c2">
         <name>.debug_info</name>
         <load_address>0x19902</load_address>
         <run_address>0x19902</run_address>
         <size>0x1b0</size>
         <input_file_ref idref="fl-15"/>
      </object_component>
      <object_component id="oc-3c6">
         <name>.debug_info</name>
         <load_address>0x19ab2</load_address>
         <run_address>0x19ab2</run_address>
         <size>0x1ac</size>
         <input_file_ref idref="fl-15"/>
      </object_component>
      <object_component id="oc-302">
         <name>.debug_info</name>
         <load_address>0x19c5e</load_address>
         <run_address>0x19c5e</run_address>
         <size>0x725</size>
         <input_file_ref idref="fl-19"/>
      </object_component>
      <object_component id="oc-2fe">
         <name>.debug_info</name>
         <load_address>0x1a383</load_address>
         <run_address>0x1a383</run_address>
         <size>0x25e</size>
         <input_file_ref idref="fl-19"/>
      </object_component>
      <object_component id="oc-199">
         <name>.debug_info</name>
         <load_address>0x1a5e1</load_address>
         <run_address>0x1a5e1</run_address>
         <size>0x215</size>
         <input_file_ref idref="fl-19"/>
      </object_component>
      <object_component id="oc-289">
         <name>.debug_info</name>
         <load_address>0x1a7f6</load_address>
         <run_address>0x1a7f6</run_address>
         <size>0x23d</size>
         <input_file_ref idref="fl-19"/>
      </object_component>
      <object_component id="oc-28f">
         <name>.debug_info</name>
         <load_address>0x1aa33</load_address>
         <run_address>0x1aa33</run_address>
         <size>0x1dd</size>
         <input_file_ref idref="fl-19"/>
      </object_component>
      <object_component id="oc-1a5">
         <name>.debug_info</name>
         <load_address>0x1ac10</load_address>
         <run_address>0x1ac10</run_address>
         <size>0x248</size>
         <input_file_ref idref="fl-19"/>
      </object_component>
      <object_component id="oc-1ab">
         <name>.debug_info</name>
         <load_address>0x1ae58</load_address>
         <run_address>0x1ae58</run_address>
         <size>0x1db</size>
         <input_file_ref idref="fl-19"/>
      </object_component>
      <object_component id="oc-d4">
         <name>.debug_info</name>
         <load_address>0x1b033</load_address>
         <run_address>0x1b033</run_address>
         <size>0x27c</size>
         <input_file_ref idref="fl-19"/>
      </object_component>
      <object_component id="oc-388">
         <name>.debug_info</name>
         <load_address>0x1b2af</load_address>
         <run_address>0x1b2af</run_address>
         <size>0x341</size>
         <input_file_ref idref="fl-19"/>
      </object_component>
      <object_component id="oc-35a">
         <name>.debug_info</name>
         <load_address>0x1b5f0</load_address>
         <run_address>0x1b5f0</run_address>
         <size>0x6eb</size>
         <input_file_ref idref="fl-1a"/>
      </object_component>
      <object_component id="oc-2a3">
         <name>.debug_info</name>
         <load_address>0x1bcdb</load_address>
         <run_address>0x1bcdb</run_address>
         <size>0x234</size>
         <input_file_ref idref="fl-1a"/>
      </object_component>
      <object_component id="oc-23a">
         <name>.debug_info</name>
         <load_address>0x1bf0f</load_address>
         <run_address>0x1bf0f</run_address>
         <size>0x229</size>
         <input_file_ref idref="fl-1a"/>
      </object_component>
      <object_component id="oc-f5">
         <name>.debug_info</name>
         <load_address>0x1c138</load_address>
         <run_address>0x1c138</run_address>
         <size>0x26c</size>
         <input_file_ref idref="fl-1a"/>
      </object_component>
      <object_component id="oc-3d3">
         <name>.debug_info</name>
         <load_address>0x1c3a4</load_address>
         <run_address>0x1c3a4</run_address>
         <size>0x102</size>
         <input_file_ref idref="fl-1a"/>
      </object_component>
      <object_component id="oc-2c9">
         <name>.debug_info</name>
         <load_address>0x1c4a6</load_address>
         <run_address>0x1c4a6</run_address>
         <size>0x19a</size>
         <input_file_ref idref="fl-1c"/>
      </object_component>
      <object_component id="oc-308">
         <name>.debug_info</name>
         <load_address>0x1c640</load_address>
         <run_address>0x1c640</run_address>
         <size>0x194</size>
         <input_file_ref idref="fl-1c"/>
      </object_component>
      <object_component id="oc-ad">
         <name>.debug_info</name>
         <load_address>0x1c7d4</load_address>
         <run_address>0x1c7d4</run_address>
         <size>0x147</size>
         <input_file_ref idref="fl-d2"/>
      </object_component>
      <object_component id="oc-e2">
         <name>.debug_info</name>
         <load_address>0x1c91b</load_address>
         <run_address>0x1c91b</run_address>
         <size>0x13a</size>
         <input_file_ref idref="fl-d3"/>
      </object_component>
      <object_component id="oc-e7">
         <name>.debug_info</name>
         <load_address>0x1ca55</load_address>
         <run_address>0x1ca55</run_address>
         <size>0x13a</size>
         <input_file_ref idref="fl-d4"/>
      </object_component>
      <object_component id="oc-ec">
         <name>.debug_info</name>
         <load_address>0x1cb8f</load_address>
         <run_address>0x1cb8f</run_address>
         <size>0x13e</size>
         <input_file_ref idref="fl-d5"/>
      </object_component>
      <object_component id="oc-dd">
         <name>.debug_info</name>
         <load_address>0x1cccd</load_address>
         <run_address>0x1cccd</run_address>
         <size>0x12e</size>
         <input_file_ref idref="fl-d6"/>
      </object_component>
      <object_component id="oc-aa">
         <name>.debug_info</name>
         <load_address>0x1cdfb</load_address>
         <run_address>0x1cdfb</run_address>
         <size>0x2d4</size>
         <input_file_ref idref="fl-d7"/>
      </object_component>
      <object_component id="oc-4a">
         <name>.debug_info</name>
         <load_address>0x1d0cf</load_address>
         <run_address>0x1d0cf</run_address>
         <size>0x1b5</size>
         <input_file_ref idref="fl-d7"/>
      </object_component>
      <object_component id="oc-a5">
         <name>.debug_info</name>
         <load_address>0x1d284</load_address>
         <run_address>0x1d284</run_address>
         <size>0x46</size>
         <input_file_ref idref="fl-d7"/>
      </object_component>
      <object_component id="oc-42">
         <name>.debug_info</name>
         <load_address>0x1d2ca</load_address>
         <run_address>0x1d2ca</run_address>
         <size>0x2a8</size>
         <input_file_ref idref="fl-d8"/>
      </object_component>
      <object_component id="oc-20">
         <name>.debug_info</name>
         <load_address>0x1d572</load_address>
         <run_address>0x1d572</run_address>
         <size>0x1ea</size>
         <input_file_ref idref="fl-d8"/>
      </object_component>
      <object_component id="oc-3d">
         <name>.debug_info</name>
         <load_address>0x1d75c</load_address>
         <run_address>0x1d75c</run_address>
         <size>0x46</size>
         <input_file_ref idref="fl-d8"/>
      </object_component>
      <object_component id="oc-9d">
         <name>.debug_info</name>
         <load_address>0x1d7a2</load_address>
         <run_address>0x1d7a2</run_address>
         <size>0x2c</size>
         <input_file_ref idref="fl-d8"/>
      </object_component>
      <object_component id="oc-9b">
         <name>.debug_info</name>
         <load_address>0x1d7ce</load_address>
         <run_address>0x1d7ce</run_address>
         <size>0x29e</size>
         <input_file_ref idref="fl-d9"/>
      </object_component>
      <object_component id="oc-1b">
         <name>.debug_info</name>
         <load_address>0x1da6c</load_address>
         <run_address>0x1da6c</run_address>
         <size>0x250</size>
         <input_file_ref idref="fl-d9"/>
      </object_component>
      <object_component id="oc-2d">
         <name>.debug_info</name>
         <load_address>0x1dcbc</load_address>
         <run_address>0x1dcbc</run_address>
         <size>0x60</size>
         <input_file_ref idref="fl-d9"/>
      </object_component>
      <object_component id="oc-12c">
         <name>.debug_info</name>
         <load_address>0x1dd1c</load_address>
         <run_address>0x1dd1c</run_address>
         <size>0x46</size>
         <input_file_ref idref="fl-d9"/>
      </object_component>
      <object_component id="oc-96">
         <name>.debug_info</name>
         <load_address>0x1dd62</load_address>
         <run_address>0x1dd62</run_address>
         <size>0x39</size>
         <input_file_ref idref="fl-d9"/>
      </object_component>
      <object_component id="oc-2eb">
         <name>.debug_info</name>
         <load_address>0x1dd9b</load_address>
         <run_address>0x1dd9b</run_address>
         <size>0x2a4</size>
         <input_file_ref idref="fl-da"/>
      </object_component>
      <object_component id="oc-185">
         <name>.debug_info</name>
         <load_address>0x1e03f</load_address>
         <run_address>0x1e03f</run_address>
         <size>0x24d</size>
         <input_file_ref idref="fl-da"/>
      </object_component>
      <object_component id="oc-2ed">
         <name>.debug_info</name>
         <load_address>0x1e28c</load_address>
         <run_address>0x1e28c</run_address>
         <size>0x28f</size>
         <input_file_ref idref="fl-db"/>
      </object_component>
      <object_component id="oc-18b">
         <name>.debug_info</name>
         <load_address>0x1e51b</load_address>
         <run_address>0x1e51b</run_address>
         <size>0x245</size>
         <input_file_ref idref="fl-db"/>
      </object_component>
      <object_component id="oc-3d9">
         <name>.debug_info</name>
         <load_address>0x1e760</load_address>
         <run_address>0x1e760</run_address>
         <size>0x295</size>
         <input_file_ref idref="fl-dc"/>
      </object_component>
      <object_component id="oc-360">
         <name>.debug_info</name>
         <load_address>0x1e9f5</load_address>
         <run_address>0x1e9f5</run_address>
         <size>0x1d1</size>
         <input_file_ref idref="fl-dc"/>
      </object_component>
      <object_component id="oc-2e9">
         <name>.debug_info</name>
         <load_address>0x1ebc6</load_address>
         <run_address>0x1ebc6</run_address>
         <size>0x2fe</size>
         <input_file_ref idref="fl-dd"/>
      </object_component>
      <object_component id="oc-2e6">
         <name>.debug_info</name>
         <load_address>0x1eec4</load_address>
         <run_address>0x1eec4</run_address>
         <size>0x105</size>
         <input_file_ref idref="fl-dd"/>
      </object_component>
      <object_component id="oc-180">
         <name>.debug_info</name>
         <load_address>0x1efc9</load_address>
         <run_address>0x1efc9</run_address>
         <size>0x1ab</size>
         <input_file_ref idref="fl-dd"/>
      </object_component>
      <object_component id="oc-2a">
         <name>.debug_info</name>
         <load_address>0x1f174</load_address>
         <run_address>0x1f174</run_address>
         <size>0x10b</size>
         <input_file_ref idref="fl-de"/>
      </object_component>
      <object_component id="oc-57">
         <name>.debug_info</name>
         <load_address>0x1f27f</load_address>
         <run_address>0x1f27f</run_address>
         <size>0x1a9</size>
         <input_file_ref idref="fl-de"/>
      </object_component>
      <object_component id="oc-38">
         <name>.debug_info</name>
         <load_address>0x1f428</load_address>
         <run_address>0x1f428</run_address>
         <size>0x119</size>
         <input_file_ref idref="fl-df"/>
      </object_component>
      <object_component id="oc-31d">
         <name>.debug_info</name>
         <load_address>0x1f541</load_address>
         <run_address>0x1f541</run_address>
         <size>0x4b3</size>
         <input_file_ref idref="fl-e0"/>
      </object_component>
      <object_component id="oc-1db">
         <name>.debug_info</name>
         <load_address>0x1f9f4</load_address>
         <run_address>0x1f9f4</run_address>
         <size>0x1a6</size>
         <input_file_ref idref="fl-e0"/>
      </object_component>
      <object_component id="oc-3a3">
         <name>.debug_info</name>
         <load_address>0x1fb9a</load_address>
         <run_address>0x1fb9a</run_address>
         <size>0x39</size>
         <input_file_ref idref="fl-e0"/>
      </object_component>
      <object_component id="oc-3e3">
         <name>.debug_info</name>
         <load_address>0x1fbd3</load_address>
         <run_address>0x1fbd3</run_address>
         <size>0x39</size>
         <input_file_ref idref="fl-e0"/>
      </object_component>
      <object_component id="oc-3a8">
         <name>.debug_info</name>
         <load_address>0x1fc0c</load_address>
         <run_address>0x1fc0c</run_address>
         <size>0x39</size>
         <input_file_ref idref="fl-e0"/>
      </object_component>
      <object_component id="oc-3ad">
         <name>.debug_info</name>
         <load_address>0x1fc45</load_address>
         <run_address>0x1fc45</run_address>
         <size>0xcd</size>
         <input_file_ref idref="fl-e0"/>
      </object_component>
      <object_component id="oc-b2">
         <name>.debug_info</name>
         <load_address>0x1fd12</load_address>
         <run_address>0x1fd12</run_address>
         <size>0x153</size>
         <input_file_ref idref="fl-e1"/>
      </object_component>
      <object_component id="oc-1d0">
         <name>.debug_info</name>
         <load_address>0x1fe65</load_address>
         <run_address>0x1fe65</run_address>
         <size>0x122</size>
         <input_file_ref idref="fl-e3"/>
      </object_component>
      <object_component id="oc-372">
         <name>.debug_info</name>
         <load_address>0x1ff87</load_address>
         <run_address>0x1ff87</run_address>
         <size>0x290</size>
         <input_file_ref idref="fl-e6"/>
      </object_component>
      <object_component id="oc-2e1">
         <name>.debug_info</name>
         <load_address>0x20217</load_address>
         <run_address>0x20217</run_address>
         <size>0x198</size>
         <input_file_ref idref="fl-e6"/>
      </object_component>
      <object_component id="oc-370">
         <name>.debug_info</name>
         <load_address>0x203af</load_address>
         <run_address>0x203af</run_address>
         <size>0x295</size>
         <input_file_ref idref="fl-e7"/>
      </object_component>
      <object_component id="oc-2da">
         <name>.debug_info</name>
         <load_address>0x20644</load_address>
         <run_address>0x20644</run_address>
         <size>0x1c3</size>
         <input_file_ref idref="fl-e7"/>
      </object_component>
      <object_component id="oc-438">
         <name>.debug_info</name>
         <load_address>0x20807</load_address>
         <run_address>0x20807</run_address>
         <size>0xd3</size>
      </object_component>
      <object_component id="oc-241">
         <name>.debug_line</name>
         <load_address>0x0</load_address>
         <run_address>0x0</run_address>
         <size>0xd0</size>
         <input_file_ref idref="fl-2"/>
      </object_component>
      <object_component id="oc-176">
         <name>.debug_line</name>
         <load_address>0xd0</load_address>
         <run_address>0xd0</run_address>
         <size>0x6b</size>
         <input_file_ref idref="fl-2"/>
      </object_component>
      <object_component id="oc-2b8">
         <name>.debug_line</name>
         <load_address>0x13b</load_address>
         <run_address>0x13b</run_address>
         <size>0x56</size>
         <input_file_ref idref="fl-2"/>
      </object_component>
      <object_component id="oc-2be">
         <name>.debug_line</name>
         <load_address>0x191</load_address>
         <run_address>0x191</run_address>
         <size>0x6d</size>
         <input_file_ref idref="fl-2"/>
      </object_component>
      <object_component id="oc-10f">
         <name>.debug_line</name>
         <load_address>0x1fe</load_address>
         <run_address>0x1fe</run_address>
         <size>0x4c</size>
         <input_file_ref idref="fl-2"/>
[...]
         <name>speed</name>
         <value>0x2000186c</value>
         <object_component_ref idref="oc-ef"/>
      </symbol>
      <symbol id="sm-298">
         <name>rightNotchesDetected</name>
         <value>0x20001844</value>
         <object_component_ref idref="oc-ef"/>
      </symbol>
      <symbol id="sm-299">
         <name>getPIDOutput</name>
         <value>0x3fd</value>
         <object_component_ref idref="oc-19c"/>
      </symbol>
      <symbol id="sm-29a">
         <name>PORT2_IRQHandler</name>
         <value>0x1f4d</value>
         <object_component_ref idref="oc-8b"/>
      </symbol>
      <symbol id="sm-29b">
         <name>TA0_0_IRQHandler</name>
         <value>0x22e9</value>
         <object_component_ref idref="oc-73"/>
      </symbol>
      <symbol id="sm-29c">
         <name>notches</name>
         <value>0x2000184c</value>
         <object_component_ref idref="oc-ef"/>
      </symbol>
      <symbol id="sm-29d">
         <name>UART2Config</name>
         <value>0x20001878</value>
         <object_component_ref idref="oc-2c0"/>
      </symbol>
      <symbol id="sm-29e">
         <name>timeSeconds</name>
         <value>0x20001850</value>
         <object_component_ref idref="oc-ef"/>
      </symbol>
      <symbol id="sm-29f">
         <name>engineState</name>
         <value>0x20001840</value>
         <object_component_ref idref="oc-ef"/>
      </symbol>
      <symbol id="sm-2a0">
         <name>main</name>
         <value>0xe5</value>
         <object_component_ref idref="oc-b7"/>
      </symbol>
      <symbol id="sm-2a1">
         <name>leftError</name>
         <value>0x20001864</value>
         <object_component_ref idref="oc-ef"/>
      </symbol>
      <symbol id="sm-2a2">
         <name>leftRPM</name>
         <value>0x2000185c</value>
         <object_component_ref idref="oc-ef"/>
      </symbol>
      <symbol id="sm-2a3">
         <name>TA1_0_IRQHandler</name>
         <value>0x1539</value>
         <object_component_ref idref="oc-79"/>
      </symbol>
      <symbol id="sm-2a4">
         <name>clearCounters</name>
         <value>0x1265</value>
         <object_component_ref idref="oc-1ae"/>
      </symbol>
      <symbol id="sm-2a5">
         <name>leftNotchesDetected</name>
         <value>0x20001848</value>
         <object_component_ref idref="oc-ef"/>
      </symbol>
      <symbol id="sm-2a6">
         <name>rightSpeed</name>
         <value>0x20001858</value>
         <object_component_ref idref="oc-ef"/>
      </symbol>
      <symbol id="sm-2a7">
         <name>wifiState</name>
         <value>0x20001874</value>
         <object_component_ref idref="oc-ef"/>
      </symbol>
      <symbol id="sm-2bf">
         <name>SystemInit</name>
         <value>0x18ed</value>
         <object_component_ref idref="oc-c9"/>
      </symbol>
      <symbol id="sm-2db">
         <name>Reset_Handler</name>
         <value>0x23e7</value>
         <object_component_ref idref="oc-67"/>
      </symbol>
      <symbol id="sm-2dc">
         <name>Default_Handler</name>
         <value>0xd37</value>
         <object_component_ref idref="oc-6d"/>
      </symbol>
      <symbol id="sm-2dd">
         <name>interruptVectors</name>
         <value>0x0</value>
         <object_component_ref idref="oc-26"/>
      </symbol>
      <symbol id="sm-311">
         <name>CS_setDCOCenteredFrequency</name>
         <value>0x2049</value>
         <object_component_ref idref="oc-13c"/>
      </symbol>
      <symbol id="sm-320">
         <name>FlashCtl_setWaitState</name>
         <value>0x1e39</value>
         <object_component_ref idref="oc-296"/>
      </symbol>
      <symbol id="sm-3aa">
         <name>GPIO_setOutputHighOnPin</name>
         <value>0x21c1</value>
         <object_component_ref idref="oc-1ba"/>
      </symbol>
      <symbol id="sm-3ab">
         <name>GPIO_setAsInputPinWithPullUpResistor</name>
         <value>0x1c95</value>
         <object_component_ref idref="oc-265"/>
      </symbol>
      <symbol id="sm-3ac">
         <name>GPIO_getInterruptStatus</name>
         <value>0x2261</value>
         <object_component_ref idref="oc-259"/>
      </symbol>
      <symbol id="sm-3ad">
         <name>GPIO_enableInterrupt</name>
         <value>0x2199</value>
         <object_component_ref idref="oc-271"/>
      </symbol>
      <symbol id="sm-3ae">
         <name>GPIO_getEnabledInterruptStatus</name>
         <value>0x176d</value>
         <object_component_ref idref="oc-118"/>
      </symbol>
      <symbol id="sm-3af">
         <name>GPIO_setAsOutputPin</name>
         <value>0x1f0d</value>
         <object_component_ref idref="oc-277"/>
      </symbol>
      <symbol id="sm-3b0">
         <name>GPIO_interruptEdgeSelect</name>
         <value>0x200d</value>
         <object_component_ref idref="oc-26b"/>
      </symbol>
      <symbol id="sm-3b1">
         <name>GPIO_setOutputLowOnPin</name>
         <value>0x21e9</value>
         <object_component_ref idref="oc-1b4"/>
      </symbol>
      <symbol id="sm-3b2">
         <name>GPIO_clearInterruptFlag</name>
         <value>0x2171</value>
         <object_component_ref idref="oc-11e"/>
      </symbol>
      <symbol id="sm-3b3">
         <name>GPIO_toggleOutputOnPin</name>
         <value>0x2211</value>
         <object_component_ref idref="oc-16c"/>
      </symbol>
      <symbol id="sm-3b4">
         <name>GPIO_setAsPeripheralModuleFunctionOutputPin</name>
         <value>0x165d</value>
         <object_component_ref idref="oc-27e"/>
      </symbol>
      <symbol id="sm-3da">
         <name>Interrupt_enableMaster</name>
         <value>0x239d</value>
         <object_component_ref idref="oc-166"/>
      </symbol>
      <symbol id="sm-3db">
         <name>Interrupt_enableInterrupt</name>
         <value>0x17f1</value>
         <object_component_ref idref="oc-160"/>
      </symbol>
      <symbol id="sm-466">
         <name>PCM_setCoreVoltageLevel</name>
         <value>0x23ad</value>
         <object_component_ref idref="oc-29c"/>
      </symbol>
      <symbol id="sm-467">
         <name>PCM_getCoreVoltageLevel</name>
         <value>0x1bdd</value>
         <object_component_ref idref="oc-3be"/>
      </symbol>
      <symbol id="sm-468">
         <name>PCM_getPowerMode</name>
         <value>0x1c3b</value>
         <object_component_ref idref="oc-3b8"/>
      </symbol>
      <symbol id="sm-469">
         <name>PCM_getPowerState</name>
         <value>0x234d</value>
         <object_component_ref idref="oc-3c4"/>
      </symbol>
      <symbol id="sm-46a">
         <name>PCM_gotoLPM0</name>
         <value>0x2239</value>
         <object_component_ref idref="oc-1c0"/>
      </symbol>
      <symbol id="sm-46b">
         <name>PCM_setPowerMode</name>
         <value>0x23bd</value>
         <object_component_ref idref="oc-3ca"/>
      </symbol>
      <symbol id="sm-4ca">
         <name>Timer_A_clearCaptureCompareInterrupt</name>
         <value>0x2119</value>
         <object_component_ref idref="oc-d1"/>
      </symbol>
      <symbol id="sm-4cb">
         <name>Timer_A_generatePWM</name>
         <value>0x1965</value>
         <object_component_ref idref="oc-1a2"/>
      </symbol>
      <symbol id="sm-4cc">
         <name>Timer_A_startCounter</name>
         <value>0x2335</value>
         <object_component_ref idref="oc-196"/>
      </symbol>
      <symbol id="sm-4cd">
         <name>Timer_A_stopTimer</name>
         <value>0x2361</value>
         <object_component_ref idref="oc-1a8"/>
      </symbol>
      <symbol id="sm-4ce">
         <name>Timer_A_clearTimer</name>
         <value>0x2305</value>
         <object_component_ref idref="oc-28c"/>
      </symbol>
      <symbol id="sm-4cf">
         <name>Timer_A_configureUpMode</name>
         <value>0x1a49</value>
         <object_component_ref idref="oc-286"/>
      </symbol>
      <symbol id="sm-507">
         <name>UART_getEnabledInterruptStatus</name>
         <value>0x1b19</value>
         <object_component_ref idref="oc-f3"/>
      </symbol>
      <symbol id="sm-508">
         <name>UART_getInterruptStatus</name>
         <value>0x231d</value>
         <object_component_ref idref="oc-239"/>
      </symbol>
      <symbol id="sm-509">
         <name>UART_initModule</name>
         <value>0xe59</value>
         <object_component_ref idref="oc-2a2"/>
      </symbol>
      <symbol id="sm-51c">
         <name>CPU_wfi</name>
         <value>0x2409</value>
         <object_component_ref idref="oc-307"/>
      </symbol>
      <symbol id="sm-51d">
         <name>CPU_cpsie</name>
         <value>0x23db</value>
         <object_component_ref idref="oc-2c8"/>
      </symbol>
      <symbol id="sm-52c">
         <name>__aeabi_memset</name>
         <value>0x1873</value>
         <object_component_ref idref="oc-ab"/>
      </symbol>
      <symbol id="sm-52d">
         <name>memset</name>
         <value>0x1879</value>
         <object_component_ref idref="oc-ab"/>
      </symbol>
      <symbol id="sm-52e">
         <name>__aeabi_memset8</name>
         <value>0x1873</value>
         <object_component_ref idref="oc-ab"/>
      </symbol>
      <symbol id="sm-52f">
         <name>__aeabi_memset4</name>
         <value>0x1873</value>
         <object_component_ref idref="oc-ab"/>
      </symbol>
      <symbol id="sm-530">
         <name>__aeabi_memclr8</name>
         <value>0x1871</value>
         <object_component_ref idref="oc-ab"/>
      </symbol>
      <symbol id="sm-531">
         <name>__aeabi_memclr4</name>
         <value>0x1871</value>
         <object_component_ref idref="oc-ab"/>
      </symbol>
      <symbol id="sm-532">
         <name>__aeabi_memclr</name>
         <value>0x1871</value>
         <object_component_ref idref="oc-ab"/>
      </symbol>
      <symbol id="sm-546">
         <name>__aeabi_ddiv</name>
         <value>0xc01</value>
         <object_component_ref idref="oc-e0"/>
      </symbol>
      <symbol id="sm-551">
         <name>__aeabi_dmul</name>
         <value>0x107d</value>
         <object_component_ref idref="oc-e5"/>
      </symbol>
      <symbol id="sm-55d">
         <name>__aeabi_d2f</name>
         <value>0x19d9</value>
         <object_component_ref idref="oc-ea"/>
      </symbol>
      <symbol id="sm-567">
         <name>__aeabi_ui2d</name>
         <value>0x22c9</value>
         <object_component_ref idref="oc-db"/>
      </symbol>
      <symbol id="sm-579">
         <name>__TI_zero_init</name>
         <value>0x23f3</value>
         <object_component_ref idref="oc-49"/>
      </symbol>
      <symbol id="sm-590">
         <name>__TI_decompress_none</name>
         <value>0x23cd</value>
         <object_component_ref idref="oc-1d"/>
      </symbol>
      <symbol id="sm-5b3">
         <name>__TI_decompress_lzss</name>
         <value>0x1ab1</value>
         <object_component_ref idref="oc-17"/>
      </symbol>
      <symbol id="sm-5c1">
         <name>strcpy</name>
         <value>0x2375</value>
         <object_component_ref idref="oc-184"/>
      </symbol>
      <symbol id="sm-5cf">
         <name>strlen</name>
         <value>0x2389</value>
         <object_component_ref idref="oc-18a"/>
      </symbol>
      <symbol id="sm-5e2">
         <name>strstr</name>
         <value>0x20e5</value>
         <object_component_ref idref="oc-35f"/>
      </symbol>
      <symbol id="sm-5fa">
         <name>strtok</name>
         <value>0x1fcd</value>
         <object_component_ref idref="oc-17e"/>
      </symbol>
      <symbol id="sm-60d">
         <name>__stack</name>
         <value>0x2000fe00</value>
         <object_component_ref idref="oc-29"/>
      </symbol>
      <symbol id="sm-60e">
         <name>_c_int00_noargs</name>
         <value>0x20b1</value>
         <object_component_ref idref="oc-55"/>
      </symbol>
      <symbol id="sm-629">
         <name>memcpy</name>
         <value>0x149d</value>
         <object_component_ref idref="oc-37"/>
      </symbol>
      <symbol id="sm-62a">
         <name>__aeabi_memcpy</name>
         <value>0x149d</value>
         <object_component_ref idref="oc-37"/>
      </symbol>
      <symbol id="sm-62b">
         <name>__aeabi_memcpy8</name>
         <value>0x149d</value>
         <object_component_ref idref="oc-37"/>
      </symbol>
      <symbol id="sm-62c">
         <name>__aeabi_memcpy4</name>
         <value>0x149d</value>
         <object_component_ref idref="oc-37"/>
      </symbol>
      <symbol id="sm-654">
         <name>__TI_auto_init_nobinit_nopinit</name>
         <value>0x1ec9</value>
         <object_component_ref idref="oc-1da"/>
      </symbol>
      <symbol id="sm-65e">
         <name>_system_pre_init</name>
         <value>0x240d</value>
         <object_component_ref idref="oc-b1"/>
      </symbol>
      <symbol id="sm-66a">
         <name>C$$EXIT</name>
         <value>0x2411</value>
         <object_component_ref idref="oc-1ce"/>
      </symbol>
      <symbol id="sm-66b">
         <name>abort</name>
         <value>0x2411</value>
         <object_component_ref idref="oc-1ce"/>
      </symbol>
      <symbol id="sm-67e">
         <name>strcspn</name>
         <value>0x2285</value>
         <object_component_ref idref="oc-2df"/>
      </symbol>
      <symbol id="sm-690">
         <name>strspn</name>
         <value>0x2145</value>
         <object_component_ref idref="oc-2d9"/>
      </symbol>
      <symbol id="sm-691">
         <name>__TI_static_base__</name>
         <value>0x0</value>
      </symbol>
      <symbol id="sm-694">
         <name>__mpu_init</name>
         <value>0x0</value>
      </symbol>
      <symbol id="sm-695">
         <name>_system_post_cinit</name>
         <value>0x0</value>
      </symbol>
      <symbol id="sm-696">
         <name>NMI_Handler</name>
         <value>0xd37</value>
      </symbol>
      <symbol id="sm-697">
         <name>HardFault_Handler</name>
         <value>0xd37</value>
      </symbol>
      <symbol id="sm-698">
         <name>MemManage_Handler</name>
         <value>0xd37</value>
      </symbol>
      <symbol id="sm-699">
         <name>BusFault_Handler</name>
         <value>0xd37</value>
      </symbol>
      <symbol id="sm-69a">
         <name>UsageFault_Handler</name>
         <value>0xd37</value>
      </symbol>
      <symbol id="sm-69b">
         <name>SVC_Handler</name>
         <value>0xd37</value>
      </symbol>
      <symbol id="sm-69c">
         <name>DebugMon_Handler</name>
         <value>0xd37</value>
      </symbol>
      <symbol id="sm-69d">
         <name>PendSV_Handler</name>
         <value>0xd37</value>
      </symbol>
      <symbol id="sm-69e">
         <name>SysTick_Handler</name>
         <value>0xd37</value>
      </symbol>
      <symbol id="sm-69f">
         <name>PSS_IRQHandler</name>
         <value>0xd37</value>
      </symbol>
      <symbol id="sm-6a0">
         <name>CS_IRQHandler</name>
         <value>0xd37</value>
      </symbol>
      <symbol id="sm-6a1">
         <name>PCM_IRQHandler</name>
         <value>0xd37</value>
      </symbol>
      <symbol id="sm-6a2">
         <name>WDT_A_IRQHandler</name>
         <value>0xd37</value>
      </symbol>
      <symbol id="sm-6a3">
         <name>FPU_IRQHandler</name>
         <value>0xd37</value>
      </symbol>
      <symbol id="sm-6a4">
         <name>FLCTL_IRQHandler</name>
         <value>0xd37</value>
      </symbol>
      <symbol id="sm-6a5">
         <name>COMP_E0_IRQHandler</name>
         <value>0xd37</value>
      </symbol>
      <symbol id="sm-6a6">
         <name>COMP_E1_IRQHandler</name>
         <value>0xd37</value>
      </symbol>
      <symbol id="sm-6a7">
         <name>TA0_0_IRQHandler</name>
         <value>0x22e9</value>
      </symbol>
      <symbol id="sm-6a8">
         <name>TA0_N_IRQHandler</name>
         <value>0xd37</value>
      </symbol>
      <symbol id="sm-6a9">
         <name>TA1_0_IRQHandler</name>
         <value>0x1539</value>
      </symbol>
      <symbol id="sm-6aa">
         <name>TA1_N_IRQHandler</name>
         <value>0xd37</value>
      </symbol>
      <symbol id="sm-6ab">
         <name>TA2_0_IRQHandler</name>
         <value>0xd37</value>
      </symbol>
      <symbol id="sm-6ac">
         <name>TA2_N_IRQHandler</name>
         <value>0xd37</value>
      </symbol>
      <symbol id="sm-6ad">
         <name>TA3_0_IRQHandler</name>
         <value>0xd37</value>
      </symbol>
      <symbol id="sm-6ae">
         <name>TA3_N_IRQHandler</name>
         <value>0xd37</value>
      </symbol>
      <symbol id="sm-6af">
         <name>EUSCIA0_IRQHandler</name>
         <value>0xd37</value>
      </symbol>
      <symbol id="sm-6b0">
         <name>EUSCIA1_IRQHandler</name>
         <value>0xd37</value>
      </symbol>
      <symbol id="sm-6b1">
         <name>EUSCIA2_IRQHandler</name>
         <value>0x1401</value>
      </symbol>
      <symbol id="sm-6b2">
         <name>EUSCIA3_IRQHandler</name>
         <value>0xd37</value>
      </symbol>
      <symbol id="sm-6b3">
         <name>EUSCIB0_IRQHandler</name>
         <value>0xd37</value>
      </symbol>
      <symbol id="sm-6b4">
         <name>EUSCIB1_IRQHandler</name>
         <value>0xd37</value>
      </symbol>
      <symbol id="sm-6b5">
         <name>EUSCIB2_IRQHandler</name>
         <value>0xd37</value>
      </symbol>
      <symbol id="sm-6b6">
         <name>EUSCIB3_IRQHandler</name>
         <value>0xd37</value>
      </symbol>
      <symbol id="sm-6b7">
         <name>ADC14_IRQHandler</name>
         <value>0xd37</value>
      </symbol>
      <symbol id="sm-6b8">
         <name>T32_INT1_IRQHandler</name>
         <value>0xd37</value>
      </symbol>
      <symbol id="sm-6b9">
         <name>T32_INT2_IRQHandler</name>
         <value>0xd37</value>
      </symbol>
      <symbol id="sm-6ba">
         <name>T32_INTC_IRQHandler</name>
         <value>0xd37</value>
      </symbol>
      <symbol id="sm-6bb">
         <name>AES256_IRQHandler</name>
         <value>0xd37</value>
      </symbol>
      <symbol id="sm-6bc">
         <name>RTC_C_IRQHandler</name>
         <value>0xd37</value>
      </symbol>
      <symbol id="sm-6bd">
         <name>DMA_ERR_IRQHandler</name>
         <value>0xd37</value>
      </symbol>
      <symbol id="sm-6be">
         <name>DMA_INT3_IRQHandler</name>
         <value>0xd37</value>
      </symbol>
      <symbol id="sm-6bf">
         <name>DMA_INT2_IRQHandler</name>
         <value>0xd37</value>
      </symbol>
      <symbol id="sm-6c0">
         <name>DMA_INT1_IRQHandler</name>
         <value>0xd37</value>
      </symbol>
      <symbol id="sm-6c1">
         <name>DMA_INT0_IRQHandler</name>
         <value>0xd37</value>
      </symbol>
      <symbol id="sm-6c2">
         <name>PORT1_IRQHandler</name>
         <value>0x1b7d</value>
      </symbol>
      <symbol id="sm-6c3">
         <name>PORT2_IRQHandler</name>
         <value>0x1f4d</value>
      </symbol>
      <symbol id="sm-6c4">
         <name>PORT3_IRQHandler</name>
         <value>0xd37</value>
      </symbol>
      <symbol id="sm-6c5">
         <name>PORT4_IRQHandler</name>
         <value>0xd37</value>
      </symbol>
      <symbol id="sm-6c6">
         <name>PORT5_IRQHandler</name>
         <value>0xd37</value>
      </symbol>
      <symbol id="sm-6c7">
         <name>PORT6_IRQHandler</name>
         <value>0xd37</value>
      </symbol>
   </symbol_table>
   <title>Link successful</title>
</link_info>
