******************************************************************************
                  TI ARM Linker PC v20.2.4                     
******************************************************************************
>> Linked Thu Nov 18 12:04:04 2021

OUTPUT FILE NAME:   <empty_MSP_EXP432P401R_nortos_ccs.out>
ENTRY POINT SYMBOL: "_c_int00_noargs"  address: 000020d9


MEMORY CONFIGURATION

         name            origin    length      used     unused   attr    fill
----------------------  --------  ---------  --------  --------  ----  --------
  MAIN                  00000000   00040000  000024f0  0003db10  R  X
  INFO                  00200000   00004000  00000000  00004000  R  X
  SRAM_CODE             01000000   00010000  00001ad4  0000e52c  RW X
  SRAM_DATA             20000000   00010000  00001ad4  0000e52c  RW  


SEGMENT ALLOCATION MAP

run origin  load origin   length   init length attrs members
----------  ----------- ---------- ----------- ----- -------
00000000    00000000    000024f0   000024f0    r-x
  00000000    00000000    000000e4   000000e4    r-- .intvecs
  000000e4    000000e4    00002358   00002358    r-x .text
  0000243c    0000243c    0000005c   0000005c    r-- .const
  00002498    00002498    00000058   00000058    r-- .cinit
20000000    20000000    000018d4   00000000    rw-
  20000000    20000000    00001840   00000000    rw- .bss
  20001840    20001840    00000094   00000000    rw- .data
2000fe00    2000fe00    00000200   00000000    rw-
  2000fe00    2000fe00    00000200   00000000    rw- .stack


SECTION ALLOCATION MAP

 output                                  attributes/
section   page    origin      length       input sections
--------  ----  ----------  ----------   ----------------
.intvecs   0    00000000    000000e4     
                  00000000    000000e4     startup_msp432p401r_ccs.obj (.intvecs:retain)

.text      0    000000e4    00002358     
                  000000e4    00000318     main.obj (.text:main)
                  000003fc    000002e0     main.obj (.text:getPIDOutput)
                  000006dc    0000015c     msp432p4xx_driverlib.lib : pcm.o (.text:__PCM_setPowerModeAdvanced)
                  00000838    00000158     UART_Driver.obj (.text:UART_Printf)
                  00000990    00000144     msp432p4xx_driverlib.lib : timer_a.o (.text:privateTimer_AProcessClockSourceDivider)
                  00000ad4    00000140     UART_Driver.obj (.text:UART_Read)
                  00000c14    00000136     rtsv7M4_T_le_v4SPD16_eabi.lib : fd_div_t2.asm.obj (.text)
                  00000d4a    00000002     startup_msp432p401r_ccs.obj (.text:Default_Handler)
                  00000d4c    00000120     main.obj (.text:Initialise_EspUART)
                  00000e6c    0000011c     msp432p4xx_driverlib.lib : uart.o (.text:UART_initModule)
                  00000f88    00000108                              : pcm.o (.text:__PCM_setCoreVoltageLevelAdvanced)
                  00001090    000000fc     rtsv7M4_T_le_v4SPD16_eabi.lib : fd_mul_t2.asm.obj (.text)
                  0000118c    000000ec     main.obj (.text:setWheelDirection)
                  00001278    000000d0     main.obj (.text:clearCounters)
                  00001348    000000cc     ESP8266.obj (.text:ESP8266_EstablishConnection)
                  00001414    0000009c     UART_Driver.obj (.text:EUSCIA2_IRQHandler)
                  000014b0    0000009c     rtsv7M4_T_le_v4SPD16_eabi.lib : memcpy_t2.asm.obj (.text)
                  0000154c    00000098     main.obj (.text:TA1_0_IRQHandler)
                  000015e4    0000008c     ESP8266.obj (.text:ESP8266_WaitForAnswer)
                  00001670    00000088     msp432p4xx_driverlib.lib : gpio.o (.text:GPIO_setAsPeripheralModuleFunctionOutputPin)
                  000016f8    00000088     main.obj (.text:Initialise_IO)
                  00001780    00000084     msp432p4xx_driverlib.lib : gpio.o (.text:GPIO_getEnabledInterruptStatus)
                  00001804    00000080                              : interrupt.o (.text:Interrupt_enableInterrupt)
                  00001884    0000007a     rtsv7M4_T_le_v4SPD16_eabi.lib : memset_t2.asm.obj (.text)
                  000018fe    00000002     --HOLE-- [fill = 0]
                  00001900    00000078     system_msp432p401r.obj (.text:SystemInit)
                  00001978    00000074     msp432p4xx_driverlib.lib : timer_a.o (.text:Timer_A_generatePWM)
                  000019ec    0000006e     rtsv7M4_T_le_v4SPD16_eabi.lib : fd_tos_t2.asm.obj (.text)
                  00001a5a    00000068     main.obj (.text:Initialise_Encoder)
                  00001ac2    00000002     --HOLE-- [fill = 0]
                  00001ac4    00000068     msp432p4xx_driverlib.lib : timer_a.o (.text:Timer_A_configureUpMode)
                  00001b2c    00000068     rtsv7M4_T_le_v4SPD16_eabi.lib : copy_decompress_lzss.c.obj (.text:decompress:lzss:__TI_decompress_lzss)
                  00001b94    00000064     msp432p4xx_driverlib.lib : uart.o (.text:UART_getEnabledInterruptStatus)
                  00001bf8    00000060     main.obj (.text:PORT1_IRQHandler)
                  00001c58    0000005e     msp432p4xx_driverlib.lib : pcm.o (.text:PCM_getCoreVoltageLevel)
                  00001cb6    0000005a                              : pcm.o (.text:PCM_getPowerMode)
                  00001d10    00000058                              : gpio.o (.text:GPIO_setAsInputPinWithPullUpResistor)
                  00001d68    00000058     main.obj (.text:Initialise_CarMotor)
                  00001dc0    00000054     ESP8266.obj (.text:ESP8266_ChangeMode1)
                  00001e14    0000004c     ESP8266.obj (.text:ESP8266_SendData)
                  00001e60    00000048     msp432p4xx_driverlib.lib : flash.o (.text:FlashCtl_setWaitState)
                  00001ea8    00000048     UART_Driver.obj (.text:UART_Flush)
                  00001ef0    00000044     rtsv7M4_T_le_v4SPD16_eabi.lib : autoinit.c.obj (.text:__TI_auto_init_nobinit_nopinit:__TI_auto_init_nobinit_nopinit)
                  00001f34    00000040     msp432p4xx_driverlib.lib : gpio.o (.text:GPIO_setAsOutputPin)
                  00001f74    00000040     main.obj (.text:PORT2_IRQHandler)
                  00001fb4    00000040     UART_Driver.obj (.text:UART_Write)
                  00001ff4    00000040     rtsv7M4_T_le_v4SPD16_eabi.lib : strtok.c.obj (.text:strtok)
                  00002034    0000003c     msp432p4xx_driverlib.lib : gpio.o (.text:GPIO_interruptEdgeSelect)
                  00002070    00000034                              : cs.o (.text:CS_setDCOCenteredFrequency)
                  000020a4    00000034     ESP8266.obj (.text:ESP8266_HardReset)
                  000020d8    00000034     rtsv7M4_T_le_v4SPD16_eabi.lib : boot_cortex_m.c.obj (.text:_c_int00_noargs:_c_int00_noargs)
                  0000210c    00000034                                   : strstr.c.obj (.text:strstr)
                  00002140    0000002c     msp432p4xx_driverlib.lib : timer_a.o (.text:Timer_A_clearCaptureCompareInterrupt)
                  0000216c    0000002a     rtsv7M4_T_le_v4SPD16_eabi.lib : strspn.c.obj (.text:strspn)
                  00002196    00000002     --HOLE-- [fill = 0]
                  00002198    00000028     msp432p4xx_driverlib.lib : gpio.o (.text:GPIO_clearInterruptFlag)
                  000021c0    00000028                              : gpio.o (.text:GPIO_enableInterrupt)
                  000021e8    00000028                              : gpio.o (.text:GPIO_setOutputHighOnPin)
                  00002210    00000028                              : gpio.o (.text:GPIO_setOutputLowOnPin)
                  00002238    00000028                              : gpio.o (.text:GPIO_toggleOutputOnPin)
                  00002260    00000028                              : pcm.o (.text:PCM_gotoLPM0)
                  00002288    00000024                              : gpio.o (.text:GPIO_getInterruptStatus)
                  000022ac    00000024     rtsv7M4_T_le_v4SPD16_eabi.lib : strcspn.c.obj (.text:strcspn)
                  000022d0    00000020     main.obj (.text:Initialise_TimerA1)
                  000022f0    00000020     rtsv7M4_T_le_v4SPD16_eabi.lib : u_tofd_t2.asm.obj (.text)
                  00002310    0000001c     main.obj (.text:TA0_0_IRQHandler)
                  0000232c    00000018     msp432p4xx_driverlib.lib : timer_a.o (.text:Timer_A_clearTimer)
                  00002344    00000018                              : uart.o (.text:UART_getInterruptStatus)
                  0000235c    00000016                              : timer_a.o (.text:Timer_A_startCounter)
                  00002372    00000002     --HOLE-- [fill = 0]
                  00002374    00000014                              : pcm.o (.text:PCM_getPowerState)
                  00002388    00000014                              : timer_a.o (.text:Timer_A_stopTimer)
                  0000239c    00000014     rtsv7M4_T_le_v4SPD16_eabi.lib : strcpy.c.obj (.text:strcpy)
                  000023b0    00000014                                   : strlen.c.obj (.text:strlen)
                  000023c4    00000010     msp432p4xx_driverlib.lib : interrupt.o (.text:Interrupt_enableMaster)
                  000023d4    00000010                              : pcm.o (.text:PCM_setCoreVoltageLevel)
                  000023e4    00000010                              : pcm.o (.text:PCM_setPowerMode)
                  000023f4    0000000e     rtsv7M4_T_le_v4SPD16_eabi.lib : copy_decompress_none.c.obj (.text:decompress:none:__TI_decompress_none)
                  00002402    0000000c     msp432p4xx_driverlib.lib : cpu.o (.text:CPU_cpsie)
                  0000240e    0000000c     startup_msp432p401r_ccs.obj (.text:Reset_Handler)
                  0000241a    0000000c     rtsv7M4_T_le_v4SPD16_eabi.lib : copy_zero_init.c.obj (.text:decompress:ZI:__TI_zero_init)
                  00002426    00000002     --HOLE-- [fill = 0]
                  00002428    00000008     ESP8266.obj (.text:ESP8266_GetBuffer)
                  00002430    00000004     msp432p4xx_driverlib.lib : cpu.o (.text:CPU_wfi)
                  00002434    00000004     rtsv7M4_T_le_v4SPD16_eabi.lib : pre_init.c.obj (.text:_system_pre_init)
                  00002438    00000004                                   : exit.c.obj (.text:abort:abort)

.const     0    0000243c    0000005c     
                  0000243c    00000030     msp432p4xx_driverlib.lib : gpio.o (.const:GPIO_PORT_TO_BASE)
                  0000246c    00000018     main.obj (.const:upConfigEncoder)
                  00002484    00000009     main.obj (.const:.string:$P$T0$1)
                  0000248d    00000003     --HOLE-- [fill = 0]
                  00002490    00000008     msp432p4xx_driverlib.lib : interrupt.o (.const:g_pulEnRegs)

.cinit     0    00002498    00000058     
                  00002498    00000032     (.cinit..data.load) [load image, compression = lzss]
                  000024ca    00000002     --HOLE-- [fill = 0]
                  000024cc    0000000c     (__TI_handler_table)
                  000024d8    00000008     (.cinit..bss.load) [load image, compression = zero_init]
                  000024e0    00000010     (__TI_cinit_table)

.init_array 
*          0    00000000    00000000     UNINITIALIZED

.binit     0    00000000    00000000     

.bss       0    20000000    00001840     UNINITIALIZED
                  20000000    00000800     (.common:ESP8266_Buffer)
                  20000800    00000800     (.common:UARTA0Data)
                  20001000    00000800     (.common:UARTA2Data)
                  20001800    00000004     (.common:SR04IntTimes)
                  20001804    00000004     (.common:UARTA0ReadIndex)
                  20001808    00000004     (.common:UARTA0WriteIndex)
                  2000180c    00000004     (.common:UARTA2ReadIndex)
                  20001810    00000004     (.common:UARTA2WriteIndex)
                  20001814    00000004     (.common:derivativeL)
                  20001818    00000004     (.common:derivativeR)
                  2000181c    00000004     (.common:errorTl)
                  20001820    00000004     (.common:errorTr)
                  20001824    00000004     (.common:instructionBuffer)
                  20001828    00000004     (.common:integralL)
                  2000182c    00000004     (.common:integralR)
                  20001830    00000004     (.common:lastErrorL)
                  20001834    00000004     (.common:lastErrorR)
                  20001838    00000004     (.common:proportionL)
                  2000183c    00000004     (.common:proportionR)

.data      0    20001840    00000094     UNINITIALIZED
                  20001840    00000035     main.obj (.data)
                  20001875    00000001     UART_Driver.obj (.data)
                  20001876    00000002     --HOLE--
                  20001878    00000028     main.obj (.data:UART2Config)
                  200018a0    00000018     main.obj (.data:pwmConfig2)
                  200018b8    00000018     main.obj (.data:pwmConfig)
                  200018d0    00000004     rtsv7M4_T_le_v4SPD16_eabi.lib : strtok.c.obj (.data)

.stack     0    2000fe00    00000200     UNINITIALIZED
                  2000fe00    00000004     rtsv7M4_T_le_v4SPD16_eabi.lib : boot_cortex_m.c.obj (.stack)
                  2000fe04    000001fc     --HOLE--

__llvm_prf_cnts 
*          0    20000000    00000000     UNINITIALIZED

MODULE SUMMARY

       Module                        code   ro data   rw data
       ------                        ----   -------   -------
    .\
       ESP8266.obj                   564    0         12320  
       main.obj                      2960   33        378    
       UART_Driver.obj               956    0         2      
       system_msp432p401r.obj        120    0         0      
    +--+-----------------------------+------+---------+---------+
       Total:                        4600   33        12700  
                                                             
    .\ccs\
       startup_msp432p401r_ccs.obj   14     228       0      
    +--+-----------------------------+------+---------+---------+
       Total:                        14     228       0      
                                                             
    C:/ti/simplelink_msp432p4_sdk_3_40_01_02/source/ti/devices/msp432p4xx/driverlib/ccs/msp432p4xx_driverlib.lib
       pcm.o                         888    0         0      
       gpio.o                        716    48        0      
       timer_a.o                     654    0         0      
       uart.o                        408    0         0      
       interrupt.o                   144    8         0      
       flash.o                       72     0         0      
       cs.o                          52     0         0      
       cpu.o                         16     0         0      
    +--+-----------------------------+------+---------+---------+
       Total:                        2950   56        0      
                                                             
    C:\ti\ti-cgt-arm_20.2.4.LTS\lib\rtsv7M4_T_le_v4SPD16_eabi.lib
       fd_div_t2.asm.obj             310    0         0      
       fd_mul_t2.asm.obj             252    0         0      
       memcpy_t2.asm.obj             156    0         0      
       memset_t2.asm.obj             122    0         0      
       fd_tos_t2.asm.obj             110    0         0      
       copy_decompress_lzss.c.obj    104    0         0      
       strtok.c.obj                  64     0         8      
       autoinit.c.obj                68     0         0      
       boot_cortex_m.c.obj           52     0         0      
       strstr.c.obj                  52     0         0      
       strspn.c.obj                  42     0         0      
       strcspn.c.obj                 36     0         0      
       u_tofd_t2.asm.obj             32     0         0      
       strcpy.c.obj                  20     0         0      
       strlen.c.obj                  20     0         0      
       copy_decompress_none.c.obj    14     0         0      
       copy_zero_init.c.obj          12     0         0      
       exit.c.obj                    4      0         0      
       pre_init.c.obj                4      0         0      
    +--+-----------------------------+------+---------+---------+
       Total:                        1474   0         8      
                                                             
       Stack:                        0      0         1024   
       Linker Generated:             0      86        0      
    +--+-----------------------------+------+---------+---------+
       Grand Total:                  9038   403       13732  


LINKER GENERATED COPY TABLES

__TI_cinit_table @ 000024e0 records: 2, size/record: 8, table size: 16
	.data: load addr=00002498, load size=00000032 bytes, run addr=20001840, run size=00000094 bytes, compression=lzss
	.bss: load addr=000024d8, load size=00000008 bytes, run addr=20000000, run size=00001840 bytes, compression=zero_init


LINKER GENERATED HANDLER TABLE

__TI_handler_table @ 000024cc records: 3, size/record: 4, table size: 12
	index: 0, handler: __TI_decompress_lzss
	index: 1, handler: __TI_decompress_none
	index: 2, handler: __TI_zero_init


GLOBAL SYMBOLS: SORTED ALPHABETICALLY BY Name 

address   name                                       
-------   ----                                       
00000d4b  ADC14_IRQHandler                           
00000d4b  AES256_IRQHandler                          
00000d4b  BusFault_Handler                           
00002439  C$$EXIT                                    
00000d4b  COMP_E0_IRQHandler                         
00000d4b  COMP_E1_IRQHandler                         
00002403  CPU_cpsie                                  
00002431  CPU_wfi                                    
00000d4b  CS_IRQHandler                              
00002071  CS_setDCOCenteredFrequency                 
00000d4b  DMA_ERR_IRQHandler                         
00000d4b  DMA_INT0_IRQHandler                        
00000d4b  DMA_INT1_IRQHandler                        
00000d4b  DMA_INT2_IRQHandler                        
00000d4b  DMA_INT3_IRQHandler                        
00000d4b  DebugMon_Handler                           
00000d4b  Default_Handler                            
20000000  ESP8266_Buffer                             
00001dc1  ESP8266_ChangeMode1                        
00001349  ESP8266_EstablishConnection                
00002429  ESP8266_GetBuffer                          
000020a5  ESP8266_HardReset                          
00001e15  ESP8266_SendData                           
000015e5  ESP8266_WaitForAnswer                      
00000d4b  EUSCIA0_IRQHandler                         
00000d4b  EUSCIA1_IRQHandler                         
00001415  EUSCIA2_IRQHandler                         
00001415  EUSCIA2_IRQHandler                         
00000d4b  EUSCIA3_IRQHandler                         
00000d4b  EUSCIB0_IRQHandler                         
00000d4b  EUSCIB1_IRQHandler                         
00000d4b  EUSCIB2_IRQHandler                         
00000d4b  EUSCIB3_IRQHandler                         
00000d4b  FLCTL_IRQHandler                           
00000d4b  FPU_IRQHandler                             
00001e61  FlashCtl_setWaitState                      
00002199  GPIO_clearInterruptFlag                    
000021c1  GPIO_enableInterrupt                       
00001781  GPIO_getEnabledInterruptStatus             
00002289  GPIO_getInterruptStatus                    
00002035  GPIO_interruptEdgeSelect                   
00001d11  GPIO_setAsInputPinWithPullUpResistor       
00001f35  GPIO_setAsOutputPin                        
00001671  GPIO_setAsPeripheralModuleFunctionOutputPin
000021e9  GPIO_setOutputHighOnPin                    
00002211  GPIO_setOutputLowOnPin                     
00002239  GPIO_toggleOutputOnPin                     
00000d4b  HardFault_Handler                          
00001d69  Initialise_CarMotor                        
00001a5b  Initialise_Encoder                         
00000d4d  Initialise_EspUART                         
000016f9  Initialise_IO                              
000022d1  Initialise_TimerA1                         
00001805  Interrupt_enableInterrupt                  
000023c5  Interrupt_enableMaster                     
00000d4b  MemManage_Handler                          
00000d4b  NMI_Handler                                
00000d4b  PCM_IRQHandler                             
00001c59  PCM_getCoreVoltageLevel                    
00001cb7  PCM_getPowerMode                           
00002375  PCM_getPowerState                          
00002261  PCM_gotoLPM0                               
000023d5  PCM_setCoreVoltageLevel                    
000023e5  PCM_setPowerMode                           
00001bf9  PORT1_IRQHandler                           
00001bf9  PORT1_IRQHandler                           
00001f75  PORT2_IRQHandler                           
00001f75  PORT2_IRQHandler                           
00000d4b  PORT3_IRQHandler                           
00000d4b  PORT4_IRQHandler                           
00000d4b  PORT5_IRQHandler                           
00000d4b  PORT6_IRQHandler                           
00000d4b  PSS_IRQHandler                             
00000d4b  PendSV_Handler                             
00000d4b  RTC_C_IRQHandler                           
0000240f  Reset_Handler                              
20001800  SR04IntTimes                               
00000d4b  SVC_Handler                                
00000d4b  SysTick_Handler                            
00001901  SystemInit                                 
00000d4b  T32_INT1_IRQHandler                        
00000d4b  T32_INT2_IRQHandler                        
00000d4b  T32_INTC_IRQHandler                        
00002311  TA0_0_IRQHandler                           
00002311  TA0_0_IRQHandler                           
00000d4b  TA0_N_IRQHandler                           
0000154d  TA1_0_IRQHandler                           
0000154d  TA1_0_IRQHandler                           
00000d4b  TA1_N_IRQHandler                           
00000d4b  TA2_0_IRQHandler                           
00000d4b  TA2_N_IRQHandler                           
00000d4b  TA3_0_IRQHandler                           
00000d4b  TA3_N_IRQHandler                           
00002141  Timer_A_clearCaptureCompareInterrupt       
0000232d  Timer_A_clearTimer                         
00001ac5  Timer_A_configureUpMode                    
00001979  Timer_A_generatePWM                        
0000235d  Timer_A_startCounter                       
00002389  Timer_A_stopTimer                          
20001878  UART2Config                                
20000800  UARTA0Data                                 
20001804  UARTA0ReadIndex                            
20001808  UARTA0WriteIndex                           
20001000  UARTA2Data                                 
2000180c  UARTA2ReadIndex                            
20001810  UARTA2WriteIndex                           
00001ea9  UART_Flush                                 
00000839  UART_Printf                                
00000ad5  UART_Read                                  
00001fb5  UART_Write                                 
00001b95  UART_getEnabledInterruptStatus             
00002345  UART_getInterruptStatus                    
00000e6d  UART_initModule                            
00000d4b  UsageFault_Handler                         
4000480c  WDTCTL_SYM                                 
00000d4b  WDT_A_IRQHandler                           
20010000  __STACK_END                                
00000200  __STACK_SIZE                               
000024e0  __TI_CINIT_Base                            
000024f0  __TI_CINIT_Limit                           
000024cc  __TI_Handler_Table_Base                    
000024d8  __TI_Handler_Table_Limit                   
00001ef1  __TI_auto_init_nobinit_nopinit             
00001b2d  __TI_decompress_lzss                       
000023f5  __TI_decompress_none                       
ffffffff  __TI_pprof_out_hndl                        
ffffffff  __TI_prof_data_size                        
ffffffff  __TI_prof_data_start                       
00000000  __TI_static_base__                         
0000241b  __TI_zero_init                             
000019ed  __aeabi_d2f                                
00000c15  __aeabi_ddiv                               
00001091  __aeabi_dmul                               
00001885  __aeabi_memclr                             
00001885  __aeabi_memclr4                            
00001885  __aeabi_memclr8                            
000014b1  __aeabi_memcpy                             
000014b1  __aeabi_memcpy4                            
000014b1  __aeabi_memcpy8                            
00001887  __aeabi_memset                             
00001887  __aeabi_memset4                            
00001887  __aeabi_memset8                            
000022f1  __aeabi_ui2d                               
ffffffff  __binit__                                  
ffffffff  __c_args__                                 
UNDEFED   __mpu_init                                 
2000fe00  __stack                                    
20000000  __start___llvm_prf_cnts                    
20000000  __stop___llvm_prf_cnts                     
000020d9  _c_int00_noargs                            
UNDEFED   _system_post_cinit                         
00002435  _system_pre_init                           
00002439  abort                                      
ffffffff  binit                                      
00001279  clearCounters                              
20001814  derivativeL                                
20001818  derivativeR                                
20001840  engineState                                
2000181c  errorTl                                    
20001820  errorTr                                    
000003fd  getPIDOutput                               
20001824  instructionBuffer                          
20001828  integralL                                  
2000182c  integralR                                  
00000000  interruptVectors                           
20001830  lastErrorL                                 
20001834  lastErrorR                                 
20001864  leftError                                  
20001848  leftNotchesDetected                        
2000185c  leftRPM                                    
20001854  leftSpeed                                  
000000e5  main                                       
000014b1  memcpy                                     
0000188d  memset                                     
2000184c  notches                                    
20001838  proportionL                                
2000183c  proportionR                                
200018b8  pwmConfig                                  
200018a0  pwmConfig2                                 
20001868  rightError                                 
20001844  rightNotchesDetected                       
20001860  rightRPM                                   
20001858  rightSpeed                                 
0000118d  setWheelDirection                          
2000186c  speed                                      
20001875  state                                      
0000239d  strcpy                                     
000022ad  strcspn                                    
000023b1  strlen                                     
0000216d  strspn                                     
0000210d  strstr                                     
00001ff5  strtok                                     
20001850  timeSeconds                                
0000246c  upConfigEncoder                            
20001870  wheelDirection                             
20001874  wifiState                                  


GLOBAL SYMBOLS: SORTED BY Symbol Address 

address   name                                       
-------   ----                                       
00000000  __TI_static_base__                         
00000000  interruptVectors                           
000000e5  main                                       
00000200  __STACK_SIZE                               
000003fd  getPIDOutput                               
00000839  UART_Printf                                
00000ad5  UART_Read                                  
00000c15  __aeabi_ddiv                               
00000d4b  ADC14_IRQHandler                           
00000d4b  AES256_IRQHandler                          
00000d4b  BusFault_Handler                           
00000d4b  COMP_E0_IRQHandler                         
00000d4b  COMP_E1_IRQHandler                         
00000d4b  CS_IRQHandler                              
00000d4b  DMA_ERR_IRQHandler                         
00000d4b  DMA_INT0_IRQHandler                        
00000d4b  DMA_INT1_IRQHandler                        
00000d4b  DMA_INT2_IRQHandler                        
00000d4b  DMA_INT3_IRQHandler                        
00000d4b  DebugMon_Handler                           
00000d4b  Default_Handler                            
00000d4b  EUSCIA0_IRQHandler                         
00000d4b  EUSCIA1_IRQHandler                         
00000d4b  EUSCIA3_IRQHandler                         
00000d4b  EUSCIB0_IRQHandler                         
00000d4b  EUSCIB1_IRQHandler                         
00000d4b  EUSCIB2_IRQHandler                         
00000d4b  EUSCIB3_IRQHandler                         
00000d4b  FLCTL_IRQHandler                           
00000d4b  FPU_IRQHandler                             
00000d4b  HardFault_Handler                          
00000d4b  MemManage_Handler                          
00000d4b  NMI_Handler                                
00000d4b  PCM_IRQHandler                             
00000d4b  PORT3_IRQHandler                           
00000d4b  PORT4_IRQHandler                           
00000d4b  PORT5_IRQHandler                           
00000d4b  PORT6_IRQHandler                           
00000d4b  PSS_IRQHandler                             
00000d4b  PendSV_Handler                             
00000d4b  RTC_C_IRQHandler                           
00000d4b  SVC_Handler                                
00000d4b  SysTick_Handler                            
00000d4b  T32_INT1_IRQHandler                        
00000d4b  T32_INT2_IRQHandler                        
00000d4b  T32_INTC_IRQHandler                        
00000d4b  TA0_N_IRQHandler                           
00000d4b  TA1_N_IRQHandler                           
00000d4b  TA2_0_IRQHandler                           
00000d4b  TA2_N_IRQHandler                           
00000d4b  TA3_0_IRQHandler                           
00000d4b  TA3_N_IRQHandler                           
00000d4b  UsageFault_Handler                         
00000d4b  WDT_A_IRQHandler                           
00000d4d  Initialise_EspUART                         
00000e6d  UART_initModule                            
00001091  __aeabi_dmul                               
0000118d  setWheelDirection                          
00001279  clearCounters                              
00001349  ESP8266_EstablishConnection                
00001415  EUSCIA2_IRQHandler                         
00001415  EUSCIA2_IRQHandler                         
000014b1  __aeabi_memcpy                             
000014b1  __aeabi_memcpy4                            
000014b1  __aeabi_memcpy8                            
000014b1  memcpy                                     
0000154d  TA1_0_IRQHandler                           
0000154d  TA1_0_IRQHandler                           
000015e5  ESP8266_WaitForAnswer                      
00001671  GPIO_setAsPeripheralModuleFunctionOutputPin
000016f9  Initialise_IO                              
00001781  GPIO_getEnabledInterruptStatus             
00001805  Interrupt_enableInterrupt                  
00001885  __aeabi_memclr                             
00001885  __aeabi_memclr4                            
00001885  __aeabi_memclr8                            
00001887  __aeabi_memset                             
00001887  __aeabi_memset4                            
00001887  __aeabi_memset8                            
0000188d  memset                                     
00001901  SystemInit                                 
00001979  Timer_A_generatePWM                        
000019ed  __aeabi_d2f                                
00001a5b  Initialise_Encoder                         
00001ac5  Timer_A_configureUpMode                    
00001b2d  __TI_decompress_lzss                       
00001b95  UART_getEnabledInterruptStatus             
00001bf9  PORT1_IRQHandler                           
00001bf9  PORT1_IRQHandler                           
00001c59  PCM_getCoreVoltageLevel                    
00001cb7  PCM_getPowerMode                           
00001d11  GPIO_setAsInputPinWithPullUpResistor       
00001d69  Initialise_CarMotor                        
00001dc1  ESP8266_ChangeMode1                        
00001e15  ESP8266_SendData                           
00001e61  FlashCtl_setWaitState                      
00001ea9  UART_Flush                                 
00001ef1  __TI_auto_init_nobinit_nopinit             
00001f35  GPIO_setAsOutputPin                        
00001f75  PORT2_IRQHandler                           
00001f75  PORT2_IRQHandler                           
00001fb5  UART_Write                                 
00001ff5  strtok                                     
00002035  GPIO_interruptEdgeSelect                   
00002071  CS_setDCOCenteredFrequency                 
000020a5  ESP8266_HardReset                          
000020d9  _c_int00_noargs                            
0000210d  strstr                                     
00002141  Timer_A_clearCaptureCompareInterrupt       
0000216d  strspn                                     
00002199  GPIO_clearInterruptFlag                    
000021c1  GPIO_enableInterrupt                       
000021e9  GPIO_setOutputHighOnPin                    
00002211  GPIO_setOutputLowOnPin                     
00002239  GPIO_toggleOutputOnPin                     
00002261  PCM_gotoLPM0                               
00002289  GPIO_getInterruptStatus                    
000022ad  strcspn                                    
000022d1  Initialise_TimerA1                         
000022f1  __aeabi_ui2d                               
00002311  TA0_0_IRQHandler                           
00002311  TA0_0_IRQHandler                           
0000232d  Timer_A_clearTimer                         
00002345  UART_getInterruptStatus                    
0000235d  Timer_A_startCounter                       
00002375  PCM_getPowerState                          
00002389  Timer_A_stopTimer                          
0000239d  strcpy                                     
000023b1  strlen                                     
000023c5  Interrupt_enableMaster                     
000023d5  PCM_setCoreVoltageLevel                    
000023e5  PCM_setPowerMode                           
000023f5  __TI_decompress_none                       
00002403  CPU_cpsie                                  
0000240f  Reset_Handler                              
0000241b  __TI_zero_init                             
00002429  ESP8266_GetBuffer                          
00002431  CPU_wfi                                    
00002435  _system_pre_init                           
00002439  C$$EXIT                                    
00002439  abort                                      
0000246c  upConfigEncoder                            
000024cc  __TI_Handler_Table_Base                    
000024d8  __TI_Handler_Table_Limit                   
000024e0  __TI_CINIT_Base                            
000024f0  __TI_CINIT_Limit                           
20000000  ESP8266_Buffer                             
20000000  __start___llvm_prf_cnts                    
20000000  __stop___llvm_prf_cnts                     
20000800  UARTA0Data                                 
20001000  UARTA2Data                                 
20001800  SR04IntTimes                               
20001804  UARTA0ReadIndex                            
20001808  UARTA0WriteIndex                           
2000180c  UARTA2ReadIndex                            
20001810  UARTA2WriteIndex                           
20001814  derivativeL                                
20001818  derivativeR                                
2000181c  errorTl                                    
20001820  errorTr                                    
20001824  instructionBuffer                          
20001828  integralL                                  
2000182c  integralR                                  
20001830  lastErrorL                                 
20001834  lastErrorR                                 
20001838  proportionL                                
2000183c  proportionR                                
20001840  engineState                                
20001844  rightNotchesDetected                       
20001848  leftNotchesDetected                        
2000184c  notches                                    
20001850  timeSeconds                                
20001854  leftSpeed                                  
20001858  rightSpeed                                 
2000185c  leftRPM                                    
20001860  rightRPM                                   
20001864  leftError                                  
20001868  rightError                                 
2000186c  speed                                      
20001870  wheelDirection                             
20001874  wifiState                                  
20001875  state                                      
20001878  UART2Config                                
200018a0  pwmConfig2                                 
200018b8  pwmConfig                                  
2000fe00  __stack                                    
20010000  __STACK_END                                
4000480c  WDTCTL_SYM                                 
ffffffff  __TI_pprof_out_hndl                        
ffffffff  __TI_prof_data_size                        
ffffffff  __TI_prof_data_start                       
ffffffff  __binit__                                  
ffffffff  __c_args__                                 
ffffffff  binit                                      
UNDEFED   __mpu_init                                 
UNDEFED   _system_post_cinit                         

[196 symbols]
