<?xml version="1.0" encoding="ISO-8859-1" ?>
<link_info>
   <banner>TI ARM Linker PC v20.2.4.LTS</banner>
   <copyright>Copyright (c) 1996-2018 Texas Instruments Incorporated</copyright>
   <link_time>0x6196315b</link_time>
   <link_errors>0x0</link_errors>
   <output_file>empty_MSP_EXP432P401R_nortos_ccs.out</output_file>
   <entry_point>
      <name>_c_int00_noargs</name>
      <address>0x1f85</address>
   </entry_point>
   <input_file_list>
      <input_file id="fl-2">
         <path>.\</path>
         <kind>object</kind>
         <file>CAR_Controls.obj</file>
         <name>CAR_Controls.obj</name>
      </input_file>
      <input_file id="fl-3">
         <path>.\</path>
         <kind>object</kind>
         <file>ESP8266.obj</file>
         <name>ESP8266.obj</name>
      </input_file>
      <input_file id="fl-4">
         <path>.\</path>
         <kind>object</kind>
         <file>HCSR04.obj</file>
         <name>HCSR04.obj</name>
      </input_file>
      <input_file id="fl-5">
         <path>.\</path>
         <kind>object</kind>
         <file>Initialise.obj</file>
         <name>Initialise.obj</name>
      </input_file>
      <input_file id="fl-6">
         <path>.\</path>
         <kind>object</kind>
         <file>UART_Driver.obj</file>
         <name>UART_Driver.obj</name>
      </input_file>
      <input_file id="fl-7">
         <path>.\</path>
         <kind>object</kind>
         <file>main.obj</file>
         <name>main.obj</name>
      </input_file>
      <input_file id="fl-8">
         <path>.\</path>
         <kind>object</kind>
         <file>system_msp432p401r.obj</file>
         <name>system_msp432p401r.obj</name>
      </input_file>
      <input_file id="fl-9">
         <path>.\ccs\</path>
         <kind>object</kind>
         <file>startup_msp432p401r_ccs.obj</file>
         <name>startup_msp432p401r_ccs.obj</name>
      </input_file>
      <input_file id="fl-13">
         <kind>object</kind>
         <file>&lt;internal&gt;</file>
         <name>&lt;internal&gt;</name>
      </input_file>
      <input_file id="fl-14">
         <path>C:\ti\simplelink_msp432p4_sdk_3_40_01_02\source\ti\devices\msp432p4xx\driverlib\ccs\</path>
         <kind>archive</kind>
         <file>msp432p4xx_driverlib.lib</file>
         <name>cs.o</name>
      </input_file>
      <input_file id="fl-15">
         <path>C:\ti\simplelink_msp432p4_sdk_3_40_01_02\source\ti\devices\msp432p4xx\driverlib\ccs\</path>
         <kind>archive</kind>
         <file>msp432p4xx_driverlib.lib</file>
         <name>flash.o</name>
      </input_file>
      <input_file id="fl-16">
         <path>C:\ti\simplelink_msp432p4_sdk_3_40_01_02\source\ti\devices\msp432p4xx\driverlib\ccs\</path>
         <kind>archive</kind>
         <file>msp432p4xx_driverlib.lib</file>
         <name>gpio.o</name>
      </input_file>
      <input_file id="fl-17">
         <path>C:\ti\simplelink_msp432p4_sdk_3_40_01_02\source\ti\devices\msp432p4xx\driverlib\ccs\</path>
         <kind>archive</kind>
         <file>msp432p4xx_driverlib.lib</file>
         <name>interrupt.o</name>
      </input_file>
      <input_file id="fl-18">
         <path>C:\ti\simplelink_msp432p4_sdk_3_40_01_02\source\ti\devices\msp432p4xx\driverlib\ccs\</path>
         <kind>archive</kind>
         <file>msp432p4xx_driverlib.lib</file>
         <name>pcm.o</name>
      </input_file>
      <input_file id="fl-19">
         <path>C:\ti\simplelink_msp432p4_sdk_3_40_01_02\source\ti\devices\msp432p4xx\driverlib\ccs\</path>
         <kind>archive</kind>
         <file>msp432p4xx_driverlib.lib</file>
         <name>rtc_c.o</name>
      </input_file>
      <input_file id="fl-1a">
         <path>C:\ti\simplelink_msp432p4_sdk_3_40_01_02\source\ti\devices\msp432p4xx\driverlib\ccs\</path>
         <kind>archive</kind>
         <file>msp432p4xx_driverlib.lib</file>
         <name>sysctl.o</name>
      </input_file>
      <input_file id="fl-1b">
         <path>C:\ti\simplelink_msp432p4_sdk_3_40_01_02\source\ti\devices\msp432p4xx\driverlib\ccs\</path>
         <kind>archive</kind>
         <file>msp432p4xx_driverlib.lib</file>
         <name>sysctl_a.o</name>
      </input_file>
      <input_file id="fl-1c">
         <path>C:\ti\simplelink_msp432p4_sdk_3_40_01_02\source\ti\devices\msp432p4xx\driverlib\ccs\</path>
         <kind>archive</kind>
         <file>msp432p4xx_driverlib.lib</file>
         <name>timer_a.o</name>
      </input_file>
      <input_file id="fl-1d">
         <path>C:\ti\simplelink_msp432p4_sdk_3_40_01_02\source\ti\devices\msp432p4xx\driverlib\ccs\</path>
         <kind>archive</kind>
         <file>msp432p4xx_driverlib.lib</file>
         <name>uart.o</name>
      </input_file>
      <input_file id="fl-1e">
         <path>C:\ti\simplelink_msp432p4_sdk_3_40_01_02\source\ti\devices\msp432p4xx\driverlib\ccs\</path>
         <kind>archive</kind>
         <file>msp432p4xx_driverlib.lib</file>
         <name>wdt_a.o</name>
      </input_file>
      <input_file id="fl-1f">
         <path>C:\ti\simplelink_msp432p4_sdk_3_40_01_02\source\ti\devices\msp432p4xx\driverlib\ccs\</path>
         <kind>archive</kind>
         <file>msp432p4xx_driverlib.lib</file>
         <name>cpu.o</name>
      </input_file>
      <input_file id="fl-d5">
         <path>C:\ti\ti-cgt-arm_20.2.4.LTS\lib\</path>
         <kind>archive</kind>
         <file>rtsv7M4_T_le_v4SPD16_eabi.lib</file>
         <name>memset_t2.asm.obj</name>
      </input_file>
      <input_file id="fl-d6">
         <path>C:\ti\ti-cgt-arm_20.2.4.LTS\lib\</path>
         <kind>archive</kind>
         <file>rtsv7M4_T_le_v4SPD16_eabi.lib</file>
         <name>fd_div_t2.asm.obj</name>
      </input_file>
      <input_file id="fl-d7">
         <path>C:\ti\ti-cgt-arm_20.2.4.LTS\lib\</path>
         <kind>archive</kind>
         <file>rtsv7M4_T_le_v4SPD16_eabi.lib</file>
         <name>fd_mul_t2.asm.obj</name>
      </input_file>
      <input_file id="fl-d8">
         <path>C:\ti\ti-cgt-arm_20.2.4.LTS\lib\</path>
         <kind>archive</kind>
         <file>rtsv7M4_T_le_v4SPD16_eabi.lib</file>
         <name>fd_tos_t2.asm.obj</name>
      </input_file>
      <input_file id="fl-d9">
         <path>C:\ti\ti-cgt-arm_20.2.4.LTS\lib\</path>
         <kind>archive</kind>
         <file>rtsv7M4_T_le_v4SPD16_eabi.lib</file>
         <name>u_tofd_t2.asm.obj</name>
      </input_file>
      <input_file id="fl-da">
         <path>C:\ti\ti-cgt-arm_20.2.4.LTS\lib\</path>
         <kind>archive</kind>
         <file>rtsv7M4_T_le_v4SPD16_eabi.lib</file>
         <name>copy_zero_init.c.obj</name>
      </input_file>
      <input_file id="fl-db">
         <path>C:\ti\ti-cgt-arm_20.2.4.LTS\lib\</path>
         <kind>archive</kind>
         <file>rtsv7M4_T_le_v4SPD16_eabi.lib</file>
         <name>copy_decompress_none.c.obj</name>
      </input_file>
      <input_file id="fl-dc">
         <path>C:\ti\ti-cgt-arm_20.2.4.LTS\lib\</path>
         <kind>archive</kind>
         <file>rtsv7M4_T_le_v4SPD16_eabi.lib</file>
         <name>copy_decompress_lzss.c.obj</name>
      </input_file>
      <input_file id="fl-dd">
         <path>C:\ti\ti-cgt-arm_20.2.4.LTS\lib\</path>
         <kind>archive</kind>
         <file>rtsv7M4_T_le_v4SPD16_eabi.lib</file>
         <name>strcpy.c.obj</name>
      </input_file>
      <input_file id="fl-de">
         <path>C:\ti\ti-cgt-arm_20.2.4.LTS\lib\</path>
         <kind>archive</kind>
         <file>rtsv7M4_T_le_v4SPD16_eabi.lib</file>
         <name>strlen.c.obj</name>
      </input_file>
      <input_file id="fl-df">
         <path>C:\ti\ti-cgt-arm_20.2.4.LTS\lib\</path>
         <kind>archive</kind>
         <file>rtsv7M4_T_le_v4SPD16_eabi.lib</file>
         <name>strstr.c.obj</name>
      </input_file>
      <input_file id="fl-e0">
         <path>C:\ti\ti-cgt-arm_20.2.4.LTS\lib\</path>
         <kind>archive</kind>
         <file>rtsv7M4_T_le_v4SPD16_eabi.lib</file>
         <name>strtok.c.obj</name>
      </input_file>
      <input_file id="fl-e1">
         <path>C:\ti\ti-cgt-arm_20.2.4.LTS\lib\</path>
         <kind>archive</kind>
         <file>rtsv7M4_T_le_v4SPD16_eabi.lib</file>
         <name>boot_cortex_m.c.obj</name>
      </input_file>
      <input_file id="fl-e2">
         <path>C:\ti\ti-cgt-arm_20.2.4.LTS\lib\</path>
         <kind>archive</kind>
         <file>rtsv7M4_T_le_v4SPD16_eabi.lib</file>
         <name>memcpy_t2.asm.obj</name>
      </input_file>
      <input_file id="fl-e3">
         <path>C:\ti\ti-cgt-arm_20.2.4.LTS\lib\</path>
         <kind>archive</kind>
         <file>rtsv7M4_T_le_v4SPD16_eabi.lib</file>
         <name>autoinit.c.obj</name>
      </input_file>
      <input_file id="fl-e4">
         <path>C:\ti\ti-cgt-arm_20.2.4.LTS\lib\</path>
         <kind>archive</kind>
         <file>rtsv7M4_T_le_v4SPD16_eabi.lib</file>
         <name>pre_init.c.obj</name>
      </input_file>
      <input_file id="fl-e5">
         <path>C:\ti\ti-cgt-arm_20.2.4.LTS\lib\</path>
         <kind>archive</kind>
         <file>rtsv7M4_T_le_v4SPD16_eabi.lib</file>
         <name>cpy_tbl.c.obj</name>
      </input_file>
      <input_file id="fl-e6">
         <path>C:\ti\ti-cgt-arm_20.2.4.LTS\lib\</path>
         <kind>archive</kind>
         <file>rtsv7M4_T_le_v4SPD16_eabi.lib</file>
         <name>exit.c.obj</name>
      </input_file>
      <input_file id="fl-e7">
         <path>C:\ti\ti-cgt-arm_20.2.4.LTS\lib\</path>
         <kind>archive</kind>
         <file>rtsv7M4_T_le_v4SPD16_eabi.lib</file>
         <name>_lock.c.obj</name>
      </input_file>
      <input_file id="fl-e8">
         <path>C:\ti\ti-cgt-arm_20.2.4.LTS\lib\</path>
         <kind>archive</kind>
         <file>rtsv7M4_T_le_v4SPD16_eabi.lib</file>
         <name>args_main.c.obj</name>
      </input_file>
      <input_file id="fl-e9">
         <path>C:\ti\ti-cgt-arm_20.2.4.LTS\lib\</path>
         <kind>archive</kind>
         <file>rtsv7M4_T_le_v4SPD16_eabi.lib</file>
         <name>strcspn.c.obj</name>
      </input_file>
      <input_file id="fl-ea">
         <path>C:\ti\ti-cgt-arm_20.2.4.LTS\lib\</path>
         <kind>archive</kind>
         <file>rtsv7M4_T_le_v4SPD16_eabi.lib</file>
         <name>strspn.c.obj</name>
      </input_file>
   </input_file_list>
   <object_component_list>
      <object_component id="oc-26">
         <name>.intvecs:retain</name>
         <load_address>0x0</load_address>
         <run_address>0x0</run_address>
         <size>0xe4</size>
         <input_file_ref idref="fl-9"/>
      </object_component>
      <object_component id="oc-2cf">
         <name>.text:getPIDOutput</name>
         <load_address>0xe4</load_address>
         <run_address>0xe4</run_address>
         <size>0x2e8</size>
         <input_file_ref idref="fl-7"/>
      </object_component>
      <object_component id="oc-40c">
         <name>.text:__PCM_setPowerModeAdvanced</name>
         <load_address>0x3cc</load_address>
         <run_address>0x3cc</run_address>
         <size>0x15c</size>
         <input_file_ref idref="fl-18"/>
      </object_component>
      <object_component id="oc-211">
         <name>.text:UART_Printf</name>
         <load_address>0x528</load_address>
         <run_address>0x528</run_address>
         <size>0x158</size>
         <input_file_ref idref="fl-6"/>
      </object_component>
      <object_component id="oc-334">
         <name>.text:privateTimer_AProcessClockSourceDivider</name>
         <load_address>0x680</load_address>
         <run_address>0x680</run_address>
         <size>0x144</size>
         <input_file_ref idref="fl-1c"/>
      </object_component>
      <object_component id="oc-2a5">
         <name>.text:UART_Read</name>
         <load_address>0x7c4</load_address>
         <run_address>0x7c4</run_address>
         <size>0x140</size>
         <input_file_ref idref="fl-6"/>
      </object_component>
      <object_component id="oc-17e">
         <name>.text:moveCar</name>
         <load_address>0x904</load_address>
         <run_address>0x904</run_address>
         <size>0x140</size>
         <input_file_ref idref="fl-7"/>
      </object_component>
      <object_component id="oc-d0">
         <name>.text</name>
         <load_address>0xa44</load_address>
         <run_address>0xa44</run_address>
         <size>0x136</size>
         <input_file_ref idref="fl-d6"/>
      </object_component>
      <object_component id="oc-6d">
         <name>.text:Default_Handler</name>
         <load_address>0xb7a</load_address>
         <run_address>0xb7a</run_address>
         <size>0x2</size>
         <input_file_ref idref="fl-9"/>
      </object_component>
      <object_component id="oc-b1">
         <name>.text:main</name>
         <load_address>0xb7c</load_address>
         <run_address>0xb7c</run_address>
         <size>0x124</size>
         <input_file_ref idref="fl-7"/>
      </object_component>
      <object_component id="oc-27b">
         <name>.text:UART_initModule</name>
         <load_address>0xca0</load_address>
         <run_address>0xca0</run_address>
         <size>0x11c</size>
         <input_file_ref idref="fl-1d"/>
      </object_component>
      <object_component id="oc-344">
         <name>.text:__PCM_setCoreVoltageLevelAdvanced</name>
         <load_address>0xdbc</load_address>
         <run_address>0xdbc</run_address>
         <size>0x108</size>
         <input_file_ref idref="fl-18"/>
      </object_component>
      <object_component id="oc-d5">
         <name>.text</name>
         <load_address>0xec4</load_address>
         <run_address>0xec4</run_address>
         <size>0xfc</size>
         <input_file_ref idref="fl-d7"/>
      </object_component>
      <object_component id="oc-2c3">
         <name>.text:setWheelDirection</name>
         <load_address>0xfc0</load_address>
         <run_address>0xfc0</run_address>
         <size>0xec</size>
         <input_file_ref idref="fl-2"/>
      </object_component>
      <object_component id="oc-2e1">
         <name>.text:clearCounters</name>
         <load_address>0x10ac</load_address>
         <run_address>0x10ac</run_address>
         <size>0xd0</size>
         <input_file_ref idref="fl-7"/>
      </object_component>
      <object_component id="oc-293">
         <name>.text:ESP8266_EstablishConnection</name>
         <load_address>0x117c</load_address>
         <run_address>0x117c</run_address>
         <size>0xcc</size>
         <input_file_ref idref="fl-3"/>
      </object_component>
      <object_component id="oc-14e">
         <name>.text:Initialise_EspUART</name>
         <load_address>0x1248</load_address>
         <run_address>0x1248</run_address>
         <size>0xbc</size>
         <input_file_ref idref="fl-5"/>
      </object_component>
      <object_component id="oc-79">
         <name>.text:EUSCIA2_IRQHandler</name>
         <load_address>0x1304</load_address>
         <run_address>0x1304</run_address>
         <size>0x9c</size>
         <input_file_ref idref="fl-6"/>
      </object_component>
      <object_component id="oc-37">
         <name>.text</name>
         <load_address>0x13a0</load_address>
         <run_address>0x13a0</run_address>
         <size>0x9c</size>
         <input_file_ref idref="fl-e2"/>
      </object_component>
      <object_component id="oc-73">
         <name>.text:TA1_0_IRQHandler</name>
         <load_address>0x143c</load_address>
         <run_address>0x143c</run_address>
         <size>0x98</size>
         <input_file_ref idref="fl-7"/>
      </object_component>
      <object_component id="oc-160">
         <name>.text:ESP8266_WaitForAnswer</name>
         <load_address>0x14d4</load_address>
         <run_address>0x14d4</run_address>
         <size>0x8c</size>
         <input_file_ref idref="fl-3"/>
      </object_component>
      <object_component id="oc-239">
         <name>.text:GPIO_setAsPeripheralModuleFunctionOutputPin</name>
         <load_address>0x1560</load_address>
         <run_address>0x1560</run_address>
         <size>0x88</size>
         <input_file_ref idref="fl-16"/>
      </object_component>
      <object_component id="oc-112">
         <name>.text:GPIO_getEnabledInterruptStatus</name>
         <load_address>0x15e8</load_address>
         <run_address>0x15e8</run_address>
         <size>0x84</size>
         <input_file_ref idref="fl-16"/>
      </object_component>
      <object_component id="oc-259">
         <name>.text:Interrupt_enableInterrupt</name>
         <load_address>0x166c</load_address>
         <run_address>0x166c</run_address>
         <size>0x80</size>
         <input_file_ref idref="fl-17"/>
      </object_component>
      <object_component id="oc-a5">
         <name>.text</name>
         <load_address>0x16ec</load_address>
         <run_address>0x16ec</run_address>
         <size>0x7a</size>
         <input_file_ref idref="fl-d5"/>
      </object_component>
      <object_component id="oc-c3">
         <name>.text:SystemInit</name>
         <load_address>0x1768</load_address>
         <run_address>0x1768</run_address>
         <size>0x78</size>
         <input_file_ref idref="fl-8"/>
      </object_component>
      <object_component id="oc-2d5">
         <name>.text:Timer_A_generatePWM</name>
         <load_address>0x17e0</load_address>
         <run_address>0x17e0</run_address>
         <size>0x74</size>
         <input_file_ref idref="fl-1c"/>
      </object_component>
      <object_component id="oc-da">
         <name>.text</name>
         <load_address>0x1854</load_address>
         <run_address>0x1854</run_address>
         <size>0x6e</size>
         <input_file_ref idref="fl-d8"/>
      </object_component>
      <object_component id="oc-253">
         <name>.text:Timer_A_configureUpMode</name>
         <load_address>0x18c4</load_address>
         <run_address>0x18c4</run_address>
         <size>0x68</size>
         <input_file_ref idref="fl-1c"/>
      </object_component>
      <object_component id="oc-17">
         <name>.text:decompress:lzss:__TI_decompress_lzss</name>
         <load_address>0x192c</load_address>
         <run_address>0x192c</run_address>
         <size>0x68</size>
         <input_file_ref idref="fl-dc"/>
      </object_component>
      <object_component id="oc-136">
         <name>.text:Initialise_IO</name>
         <load_address>0x1994</load_address>
         <run_address>0x1994</run_address>
         <size>0x64</size>
         <input_file_ref idref="fl-5"/>
      </object_component>
      <object_component id="oc-e9">
         <name>.text:UART_getEnabledInterruptStatus</name>
         <load_address>0x19f8</load_address>
         <run_address>0x19f8</run_address>
         <size>0x64</size>
         <input_file_ref idref="fl-1d"/>
      </object_component>
      <object_component id="oc-7f">
         <name>.text:PORT1_IRQHandler</name>
         <load_address>0x1a5c</load_address>
         <run_address>0x1a5c</run_address>
         <size>0x60</size>
         <input_file_ref idref="fl-7"/>
      </object_component>
      <object_component id="oc-3ce">
         <name>.text:PCM_getCoreVoltageLevel</name>
         <load_address>0x1abc</load_address>
         <run_address>0x1abc</run_address>
         <size>0x5e</size>
         <input_file_ref idref="fl-18"/>
      </object_component>
      <object_component id="oc-3c8">
         <name>.text:PCM_getPowerMode</name>
         <load_address>0x1b1a</load_address>
         <run_address>0x1b1a</run_address>
         <size>0x5a</size>
         <input_file_ref idref="fl-18"/>
      </object_component>
      <object_component id="oc-240">
         <name>.text:GPIO_setAsInputPinWithPullUpResistor</name>
         <load_address>0x1b74</load_address>
         <run_address>0x1b74</run_address>
         <size>0x58</size>
         <input_file_ref idref="fl-16"/>
      </object_component>
      <object_component id="oc-13c">
         <name>.text:Initialise_CarMotor</name>
         <load_address>0x1bcc</load_address>
         <run_address>0x1bcc</run_address>
         <size>0x58</size>
         <input_file_ref idref="fl-5"/>
      </object_component>
      <object_component id="oc-28d">
         <name>.text:ESP8266_ChangeMode1</name>
         <load_address>0x1c24</load_address>
         <run_address>0x1c24</run_address>
         <size>0x54</size>
         <input_file_ref idref="fl-3"/>
      </object_component>
      <object_component id="oc-108">
         <name>.text:ESP8266_SendData</name>
         <load_address>0x1c78</load_address>
         <run_address>0x1c78</run_address>
         <size>0x4c</size>
         <input_file_ref idref="fl-3"/>
      </object_component>
      <object_component id="oc-269">
         <name>.text:FlashCtl_setWaitState</name>
         <load_address>0x1cc4</load_address>
         <run_address>0x1cc4</run_address>
         <size>0x48</size>
         <input_file_ref idref="fl-15"/>
      </object_component>
      <object_component id="oc-142">
         <name>.text:Initialise_Encoder</name>
         <load_address>0x1d0c</load_address>
         <run_address>0x1d0c</run_address>
         <size>0x48</size>
         <input_file_ref idref="fl-5"/>
      </object_component>
      <object_component id="oc-287">
         <name>.text:UART_Flush</name>
         <load_address>0x1d54</load_address>
         <run_address>0x1d54</run_address>
         <size>0x48</size>
         <input_file_ref idref="fl-6"/>
      </object_component>
      <object_component id="oc-199">
         <name>.text:__TI_auto_init_nobinit_nopinit:__TI_auto_init_nobinit_nopinit</name>
         <load_address>0x1d9c</load_address>
         <run_address>0x1d9c</run_address>
         <size>0x44</size>
         <input_file_ref idref="fl-e3"/>
      </object_component>
      <object_component id="oc-226">
         <name>.text:GPIO_setAsOutputPin</name>
         <load_address>0x1de0</load_address>
         <run_address>0x1de0</run_address>
         <size>0x40</size>
         <input_file_ref idref="fl-16"/>
      </object_component>
      <object_component id="oc-85">
         <name>.text:PORT2_IRQHandler</name>
         <load_address>0x1e20</load_address>
         <run_address>0x1e20</run_address>
         <size>0x40</size>
         <input_file_ref idref="fl-7"/>
      </object_component>
      <object_component id="oc-31b">
         <name>.text:UART_Write</name>
         <load_address>0x1e60</load_address>
         <run_address>0x1e60</run_address>
         <size>0x40</size>
         <input_file_ref idref="fl-6"/>
      </object_component>
      <object_component id="oc-16c">
         <name>.text:strtok</name>
         <load_address>0x1ea0</load_address>
         <run_address>0x1ea0</run_address>
         <size>0x40</size>
         <input_file_ref idref="fl-e0"/>
      </object_component>
      <object_component id="oc-246">
         <name>.text:GPIO_interruptEdgeSelect</name>
         <load_address>0x1ee0</load_address>
         <run_address>0x1ee0</run_address>
         <size>0x3c</size>
         <input_file_ref idref="fl-16"/>
      </object_component>
      <object_component id="oc-275">
         <name>.text:CS_setDCOCenteredFrequency</name>
         <load_address>0x1f1c</load_address>
         <run_address>0x1f1c</run_address>
         <size>0x34</size>
         <input_file_ref idref="fl-14"/>
      </object_component>
      <object_component id="oc-281">
         <name>.text:ESP8266_HardReset</name>
         <load_address>0x1f50</load_address>
         <run_address>0x1f50</run_address>
         <size>0x34</size>
         <input_file_ref idref="fl-3"/>
      </object_component>
      <object_component id="oc-55">
         <name>.text:_c_int00_noargs:_c_int00_noargs</name>
         <load_address>0x1f84</load_address>
         <run_address>0x1f84</run_address>
         <size>0x34</size>
         <input_file_ref idref="fl-e1"/>
      </object_component>
      <object_component id="oc-352">
         <name>.text:strstr</name>
         <load_address>0x1fb8</load_address>
         <run_address>0x1fb8</run_address>
         <size>0x34</size>
         <input_file_ref idref="fl-df"/>
      </object_component>
      <object_component id="oc-df">
         <name>.text:Timer_A_clearCaptureCompareInterrupt</name>
         <load_address>0x1fec</load_address>
         <run_address>0x1fec</run_address>
         <size>0x2c</size>
         <input_file_ref idref="fl-1c"/>
      </object_component>
      <object_component id="oc-2ae">
         <name>.text:strspn</name>
         <load_address>0x2018</load_address>
         <run_address>0x2018</run_address>
         <size>0x2a</size>
         <input_file_ref idref="fl-ea"/>
      </object_component>
      <object_component id="oc-118">
         <name>.text:GPIO_clearInterruptFlag</name>
         <load_address>0x2044</load_address>
         <run_address>0x2044</run_address>
         <size>0x28</size>
         <input_file_ref idref="fl-16"/>
      </object_component>
      <object_component id="oc-24c">
         <name>.text:GPIO_enableInterrupt</name>
         <load_address>0x206c</load_address>
         <run_address>0x206c</run_address>
         <size>0x28</size>
         <input_file_ref idref="fl-16"/>
      </object_component>
      <object_component id="oc-232">
         <name>.text:GPIO_setOutputHighOnPin</name>
         <load_address>0x2094</load_address>
         <run_address>0x2094</run_address>
         <size>0x28</size>
         <input_file_ref idref="fl-16"/>
      </object_component>
      <object_component id="oc-22c">
         <name>.text:GPIO_setOutputLowOnPin</name>
         <load_address>0x20bc</load_address>
         <run_address>0x20bc</run_address>
         <size>0x28</size>
         <input_file_ref idref="fl-16"/>
      </object_component>
      <object_component id="oc-15a">
         <name>.text:GPIO_toggleOutputOnPin</name>
         <load_address>0x20e4</load_address>
         <run_address>0x20e4</run_address>
         <size>0x28</size>
         <input_file_ref idref="fl-16"/>
      </object_component>
      <object_component id="oc-184">
         <name>.text:PCM_gotoLPM0</name>
         <load_address>0x210c</load_address>
         <run_address>0x210c</run_address>
         <size>0x28</size>
         <input_file_ref idref="fl-18"/>
      </object_component>
      <object_component id="oc-21a">
         <name>.text:GPIO_getInterruptStatus</name>
         <load_address>0x2134</load_address>
         <run_address>0x2134</run_address>
         <size>0x24</size>
         <input_file_ref idref="fl-16"/>
      </object_component>
      <object_component id="oc-2b4">
         <name>.text:strcspn</name>
         <load_address>0x2158</load_address>
         <run_address>0x2158</run_address>
         <size>0x24</size>
         <input_file_ref idref="fl-e9"/>
      </object_component>
      <object_component id="oc-148">
         <name>.text:Initialise_TimerA1</name>
         <load_address>0x217c</load_address>
         <run_address>0x217c</run_address>
         <size>0x20</size>
         <input_file_ref idref="fl-5"/>
      </object_component>
      <object_component id="oc-cb">
         <name>.text</name>
         <load_address>0x219c</load_address>
         <run_address>0x219c</run_address>
         <size>0x20</size>
         <input_file_ref idref="fl-d9"/>
      </object_component>
      <object_component id="oc-154">
         <name>.text:enableInterrupts</name>
         <load_address>0x21bc</load_address>
         <run_address>0x21bc</run_address>
         <size>0x1a</size>
         <input_file_ref idref="fl-5"/>
      </object_component>
      <object_component id="oc-25f">
         <name>.text:Timer_A_clearTimer</name>
         <load_address>0x21d8</load_address>
         <run_address>0x21d8</run_address>
         <size>0x18</size>
         <input_file_ref idref="fl-1c"/>
      </object_component>
      <object_component id="oc-1dd">
         <name>.text:UART_getInterruptStatus</name>
         <load_address>0x21f0</load_address>
         <run_address>0x21f0</run_address>
         <size>0x18</size>
         <input_file_ref idref="fl-1d"/>
      </object_component>
      <object_component id="oc-2c9">
         <name>.text:Timer_A_startCounter</name>
         <load_address>0x2208</load_address>
         <run_address>0x2208</run_address>
         <size>0x16</size>
         <input_file_ref idref="fl-1c"/>
      </object_component>
      <object_component id="oc-3d4">
         <name>.text:PCM_getPowerState</name>
         <load_address>0x2220</load_address>
         <run_address>0x2220</run_address>
         <size>0x14</size>
         <input_file_ref idref="fl-18"/>
      </object_component>
      <object_component id="oc-2db">
         <name>.text:Timer_A_stopTimer</name>
         <load_address>0x2234</load_address>
         <run_address>0x2234</run_address>
         <size>0x14</size>
         <input_file_ref idref="fl-1c"/>
      </object_component>
      <object_component id="oc-172">
         <name>.text:strcpy</name>
         <load_address>0x2248</load_address>
         <run_address>0x2248</run_address>
         <size>0x14</size>
         <input_file_ref idref="fl-dd"/>
      </object_component>
      <object_component id="oc-178">
         <name>.text:strlen</name>
         <load_address>0x225c</load_address>
         <run_address>0x225c</run_address>
         <size>0x14</size>
         <input_file_ref idref="fl-de"/>
      </object_component>
      <object_component id="oc-29d">
         <name>.text:Interrupt_enableMaster</name>
         <load_address>0x2270</load_address>
         <run_address>0x2270</run_address>
         <size>0x10</size>
         <input_file_ref idref="fl-17"/>
      </object_component>
      <object_component id="oc-26f">
         <name>.text:PCM_setCoreVoltageLevel</name>
         <load_address>0x2280</load_address>
         <run_address>0x2280</run_address>
         <size>0x10</size>
         <input_file_ref idref="fl-18"/>
      </object_component>
      <object_component id="oc-3da">
         <name>.text:PCM_setPowerMode</name>
         <load_address>0x2290</load_address>
         <run_address>0x2290</run_address>
         <size>0x10</size>
         <input_file_ref idref="fl-18"/>
      </object_component>
      <object_component id="oc-1d">
         <name>.text:decompress:none:__TI_decompress_none</name>
         <load_address>0x22a0</load_address>
         <run_address>0x22a0</run_address>
         <size>0xe</size>
         <input_file_ref idref="fl-db"/>
      </object_component>
      <object_component id="oc-35c">
         <name>.text:CPU_cpsie</name>
         <load_address>0x22ae</load_address>
         <run_address>0x22ae</run_address>
         <size>0xc</size>
         <input_file_ref idref="fl-1f"/>
      </object_component>
      <object_component id="oc-67">
         <name>.text:Reset_Handler</name>
         <load_address>0x22ba</load_address>
         <run_address>0x22ba</run_address>
         <size>0xc</size>
         <input_file_ref idref="fl-9"/>
      </object_component>
      <object_component id="oc-49">
         <name>.text:decompress:ZI:__TI_zero_init</name>
         <load_address>0x22c6</load_address>
         <run_address>0x22c6</run_address>
         <size>0xc</size>
         <input_file_ref idref="fl-da"/>
      </object_component>
      <object_component id="oc-166">
         <name>.text:ESP8266_GetBuffer</name>
         <load_address>0x22d4</load_address>
         <run_address>0x22d4</run_address>
         <size>0x8</size>
         <input_file_ref idref="fl-3"/>
      </object_component>
      <object_component id="oc-2ee">
         <name>.text:CPU_wfi</name>
         <load_address>0x22dc</load_address>
         <run_address>0x22dc</run_address>
         <size>0x4</size>
         <input_file_ref idref="fl-1f"/>
      </object_component>
      <object_component id="oc-ab">
         <name>.text:_system_pre_init</name>
         <load_address>0x22e0</load_address>
         <run_address>0x22e0</run_address>
         <size>0x4</size>
         <input_file_ref idref="fl-e4"/>
      </object_component>
      <object_component id="oc-18d">
         <name>.text:abort:abort</name>
         <load_address>0x22e4</load_address>
         <run_address>0x22e4</run_address>
         <size>0x4</size>
         <input_file_ref idref="fl-e6"/>
      </object_component>
      <object_component id="oc-220">
         <name>.const:GPIO_PORT_TO_BASE</name>
         <load_address>0x22e8</load_address>
         <run_address>0x22e8</run_address>
         <size>0x30</size>
         <input_file_ref idref="fl-16"/>
      </object_component>
      <object_component id="oc-265">
         <name>.const:upConfigEncoder</name>
         <load_address>0x2318</load_address>
         <run_address>0x2318</run_address>
         <size>0x18</size>
         <input_file_ref idref="fl-5"/>
      </object_component>
      <object_component id="oc-10e">
         <name>.const:.string:$P$T0$1</name>
         <load_address>0x2330</load_address>
         <run_address>0x2330</run_address>
         <size>0x9</size>
         <input_file_ref idref="fl-7"/>
      </object_component>
      <object_component id="oc-33c">
         <name>.const:g_pulEnRegs</name>
         <load_address>0x233c</load_address>
         <run_address>0x233c</run_address>
         <size>0x8</size>
         <input_file_ref idref="fl-17"/>
      </object_component>
      <object_component id="oc-447">
         <name>.cinit..data.load</name>
         <load_address>0x2348</load_address>
         <run_address>0x2348</run_address>
         <size>0x3b</size>
      </object_component>
      <object_component id="oc-445">
         <name>__TI_handler_table</name>
         <load_address>0x2384</load_address>
         <run_address>0x2384</run_address>
         <size>0xc</size>
      </object_component>
      <object_component id="oc-448">
         <name>.cinit..bss.load</name>
         <load_address>0x2390</load_address>
         <run_address>0x2390</run_address>
         <size>0x8</size>
      </object_component>
      <object_component id="oc-446">
         <name>__TI_cinit_table</name>
         <load_address>0x2398</load_address>
         <run_address>0x2398</run_address>
         <size>0x10</size>
      </object_component>
      <object_component id="oc-419">
         <name>.binit</name>
         <load_address>0x0</load_address>
         <run_address>0x0</run_address>
         <size>0x0</size>
      </object_component>
      <object_component id="oc-371">
         <name>.data</name>
         <load_address>0x200018cc</load_address>
         <run_address>0x200018cc</run_address>
         <size>0x4</size>
         <input_file_ref idref="fl-2"/>
      </object_component>
      <object_component id="oc-299">
         <name>.data:UART2Config</name>
         <load_address>0x20001874</load_address>
         <run_address>0x20001874</run_address>
         <size>0x28</size>
         <input_file_ref idref="fl-5"/>
      </object_component>
      <object_component id="oc-fa">
         <name>.data</name>
         <load_address>0x200018d4</load_address>
         <run_address>0x200018d4</run_address>
         <size>0x1</size>
         <input_file_ref idref="fl-6"/>
      </object_component>
      <object_component id="oc-e5">
         <name>.data</name>
         <load_address>0x20001840</load_address>
         <run_address>0x20001840</run_address>
         <size>0x34</size>
         <input_file_ref idref="fl-7"/>
      </object_component>
      <object_component id="oc-2e7">
         <name>.data:pwmConfig</name>
         <load_address>0x200018b4</load_address>
         <run_address>0x200018b4</run_address>
         <size>0x18</size>
         <input_file_ref idref="fl-7"/>
      </object_component>
      <object_component id="oc-2ea">
         <name>.data:pwmConfig2</name>
         <load_address>0x2000189c</load_address>
         <run_address>0x2000189c</run_address>
         <size>0x18</size>
         <input_file_ref idref="fl-7"/>
      </object_component>
      <object_component id="oc-2ba">
         <name>.data</name>
         <load_address>0x200018d0</load_address>
         <run_address>0x200018d0</run_address>
         <size>0x4</size>
         <input_file_ref idref="fl-e0"/>
      </object_component>
      <object_component id="oc-363">
         <name>.common:UARTA0Data</name>
         <uninitialized>true</uninitialized>
         <run_address>0x20000800</run_address>
         <size>0x800</size>
      </object_component>
      <object_component id="oc-350">
         <name>.common:UARTA0ReadIndex</name>
         <uninitialized>true</uninitialized>
         <run_address>0x20001800</run_address>
         <size>0x4</size>
      </object_component>
      <object_component id="oc-34f">
         <name>.common:UARTA0WriteIndex</name>
         <uninitialized>true</uninitialized>
         <run_address>0x20001804</run_address>
         <size>0x4</size>
      </object_component>
      <object_component id="oc-f9">
         <name>.common:UARTA2Data</name>
         <uninitialized>true</uninitialized>
         <run_address>0x20001000</run_address>
         <size>0x800</size>
      </object_component>
      <object_component id="oc-f8">
         <name>.common:UARTA2ReadIndex</name>
         <uninitialized>true</uninitialized>
         <run_address>0x20001808</run_address>
         <size>0x4</size>
      </object_component>
      <object_component id="oc-ef">
         <name>.common:UARTA2WriteIndex</name>
         <uninitialized>true</uninitialized>
         <run_address>0x2000180c</run_address>
         <size>0x4</size>
      </object_component>
      <object_component id="oc-2ab">
         <name>.common:ESP8266_Buffer</name>
         <uninitialized>true</uninitialized>
         <run_address>0x20000000</run_address>
         <size>0x800</size>
      </object_component>
      <object_component id="oc-18a">
         <name>.common:wifiState</name>
         <uninitialized>true</uninitialized>
         <run_address>0x2000183c</run_address>
         <size>0x1</size>
      </object_component>
      <object_component id="oc-18b">
         <name>.common:instructionBuffer</name>
         <uninitialized>true</uninitialized>
         <run_address>0x20001820</run_address>
         <size>0x4</size>
      </object_component>
      <object_component id="oc-376">
         <name>.common:errorTl</name>
         <uninitialized>true</uninitialized>
         <run_address>0x20001818</run_address>
         <size>0x4</size>
      </object_component>
      <object_component id="oc-377">
         <name>.common:errorTr</name>
         <uninitialized>true</uninitialized>
         <run_address>0x2000181c</run_address>
         <size>0x4</size>
      </object_component>
      <object_component id="oc-37e">
         <name>.common:lastErrorL</name>
         <uninitialized>true</uninitialized>
         <run_address>0x2000182c</run_address>
         <size>0x4</size>
      </object_component>
      <object_component id="oc-37f">
         <name>.common:lastErrorR</name>
         <uninitialized>true</uninitialized>
         <run_address>0x20001830</run_address>
         <size>0x4</size>
      </object_component>
      <object_component id="oc-37a">
         <name>.common:proportionL</name>
         <uninitialized>true</uninitialized>
         <run_address>0x20001834</run_address>
         <size>0x4</size>
      </object_component>
      <object_component id="oc-37b">
         <name>.common:proportionR</name>
         <uninitialized>true</uninitialized>
         <run_address>0x20001838</run_address>
         <size>0x4</size>
      </object_component>
      <object_component id="oc-37c">
         <name>.common:integralL</name>
         <uninitialized>true</uninitialized>
         <run_address>0x20001824</run_address>
         <size>0x4</size>
      </object_component>
      <object_component id="oc-37d">
         <name>.common:integralR</name>
         <uninitialized>true</uninitialized>
         <run_address>0x20001828</run_address>
         <size>0x4</size>
      </object_component>
      <object_component id="oc-378">
         <name>.common:derivativeL</name>
         <uninitialized>true</uninitialized>
         <run_address>0x20001810</run_address>
         <size>0x4</size>
      </object_component>
      <object_component id="oc-379">
         <name>.common:derivativeR</name>
         <uninitialized>true</uninitialized>
         <run_address>0x20001814</run_address>
         <size>0x4</size>
      </object_component>
      <object_component id="oc-29">
         <name>.stack</name>
         <uninitialized>true</uninitialized>
         <run_address>0x2000fe00</run_address>
         <size>0x4</size>
         <input_file_ref idref="fl-e1"/>
      </object_component>
      <object_component id="oc-44a">
         <name>.stack</name>
         <uninitialized>true</uninitialized>
         <run_address>0x2000fe00</run_address>
         <size>0x0</size>
      </object_component>
      <object_component id="oc-225">
         <name>.debug_info</name>
         <load_address>0x0</load_address>
         <run_address>0x0</run_address>
         <size>0x5f8</size>
         <input_file_ref idref="fl-2"/>
      </object_component>
      <object_component id="oc-372">
         <name>.debug_info</name>
         <load_address>0x5f8</load_address>
         <run_address>0x5f8</run_address>
         <size>0x118</size>
         <input_file_ref idref="fl-2"/>
      </object_component>
      <object_component id="oc-2c4">
         <name>.debug_info</name>
         <load_address>0x710</load_address>
         <run_address>0x710</run_address>
         <size>0x34f</size>
         <input_file_ref idref="fl-2"/>
      </object_component>
      <object_component id="oc-121">
         <name>.debug_info</name>
         <load_address>0xa5f</load_address>
         <run_address>0xa5f</run_address>
         <size>0x26b</size>
         <input_file_ref idref="fl-2"/>
      </object_component>
      <object_component id="oc-1eb">
         <name>.debug_info</name>
         <load_address>0xcca</load_address>
         <run_address>0xcca</run_address>
         <size>0x1028</size>
         <input_file_ref idref="fl-2"/>
      </object_component>
      <object_component id="oc-1e6">
         <name>.debug_info</name>
         <load_address>0x1cf2</load_address>
         <run_address>0x1cf2</run_address>
         <size>0x37e2</size>
         <input_file_ref idref="fl-2"/>
      </object_component>
      <object_component id="oc-1f2">
         <name>.debug_info</name>
         <load_address>0x54d4</load_address>
         <run_address>0x54d4</run_address>
         <size>0x341</size>
         <input_file_ref idref="fl-2"/>
      </object_component>
      <object_component id="oc-32">
         <name>.debug_info</name>
         <load_address>0x5815</load_address>
         <run_address>0x5815</run_address>
         <size>0x84</size>
         <input_file_ref idref="fl-2"/>
      </object_component>
      <object_component id="oc-20c">
         <name>.debug_info</name>
         <load_address>0x5899</load_address>
         <run_address>0x5899</run_address>
         <size>0x2a4</size>
         <input_file_ref idref="fl-2"/>
      </object_component>
      <object_component id="oc-1fc">
         <name>.debug_info</name>
         <load_address>0x5b3d</load_address>
         <run_address>0x5b3d</run_address>
         <size>0xef</size>
         <input_file_ref idref="fl-2"/>
      </object_component>
      <object_component id="oc-fe">
         <name>.debug_info</name>
         <load_address>0x5c2c</load_address>
         <run_address>0x5c2c</run_address>
         <size>0xbb</size>
         <input_file_ref idref="fl-2"/>
      </object_component>
      <object_component id="oc-1f7">
         <name>.debug_info</name>
         <load_address>0x5ce7</load_address>
         <run_address>0x5ce7</run_address>
         <size>0x102</size>
         <input_file_ref idref="fl-2"/>
      </object_component>
      <object_component id="oc-f0">
         <name>.debug_info</name>
         <load_address>0x5de9</load_address>
         <run_address>0x5de9</run_address>
         <size>0x7b5</size>
         <input_file_ref idref="fl-3"/>
      </object_component>
      <object_component id="oc-161">
         <name>.debug_info</name>
         <load_address>0x659e</load_address>
         <run_address>0x659e</run_address>
         <size>0x1a4</size>
         <input_file_ref idref="fl-3"/>
      </object_component>
      <object_component id="oc-28e">
         <name>.debug_info</name>
         <load_address>0x6742</load_address>
         <run_address>0x6742</run_address>
         <size>0x18c</size>
         <input_file_ref idref="fl-3"/>
      </object_component>
      <object_component id="oc-294">
         <name>.debug_info</name>
         <load_address>0x68ce</load_address>
         <run_address>0x68ce</run_address>
         <size>0x247</size>
         <input_file_ref idref="fl-3"/>
      </object_component>
      <object_component id="oc-109">
         <name>.debug_info</name>
         <load_address>0x6b15</load_address>
         <run_address>0x6b15</run_address>
         <size>0x1c5</size>
         <input_file_ref idref="fl-3"/>
      </object_component>
      <object_component id="oc-167">
         <name>.debug_info</name>
         <load_address>0x6cda</load_address>
         <run_address>0x6cda</run_address>
         <size>0x150</size>
         <input_file_ref idref="fl-3"/>
      </object_component>
      <object_component id="oc-282">
         <name>.debug_info</name>
         <load_address>0x6e2a</load_address>
         <run_address>0x6e2a</run_address>
         <size>0x15a</size>
         <input_file_ref idref="fl-3"/>
      </object_component>
      <object_component id="oc-103">
         <name>.debug_info</name>
         <load_address>0x6f84</load_address>
         <run_address>0x6f84</run_address>
         <size>0x8b</size>
         <input_file_ref idref="fl-3"/>
      </object_component>
      <object_component id="oc-12d">
         <name>.debug_info</name>
         <load_address>0x700f</load_address>
         <run_address>0x700f</run_address>
         <size>0x2c</size>
         <input_file_ref idref="fl-3"/>
      </object_component>
      <object_component id="oc-322">
         <name>.debug_info</name>
         <load_address>0x703b</load_address>
         <run_address>0x703b</run_address>
         <size>0x2c</size>
         <input_file_ref idref="fl-3"/>
      </object_component>
      <object_component id="oc-f2">
         <name>.debug_info</name>
         <load_address>0x7067</load_address>
         <run_address>0x7067</run_address>
         <size>0xc20</size>
         <input_file_ref idref="fl-5"/>
      </object_component>
      <object_component id="oc-29a">
         <name>.debug_info</name>
         <load_address>0x7c87</load_address>
         <run_address>0x7c87</run_address>
         <size>0x110</size>
         <input_file_ref idref="fl-5"/>
      </object_component>
      <object_component id="oc-266">
         <name>.debug_info</name>
         <load_address>0x7d97</load_address>
         <run_address>0x7d97</run_address>
         <size>0x118</size>
         <input_file_ref idref="fl-5"/>
      </object_component>
      <object_component id="oc-138">
         <name>.debug_info</name>
         <load_address>0x7eaf</load_address>
         <run_address>0x7eaf</run_address>
         <size>0x296</size>
         <input_file_ref idref="fl-5"/>
      </object_component>
      <object_component id="oc-13e">
         <name>.debug_info</name>
         <load_address>0x8145</load_address>
         <run_address>0x8145</run_address>
         <size>0x296</size>
         <input_file_ref idref="fl-5"/>
      </object_component>
      <object_component id="oc-150">
         <name>.debug_info</name>
         <load_address>0x83db</load_address>
         <run_address>0x83db</run_address>
         <size>0x27c</size>
         <input_file_ref idref="fl-5"/>
      </object_component>
      <object_component id="oc-144">
         <name>.debug_info</name>
         <load_address>0x8657</load_address>
         <run_address>0x8657</run_address>
         <size>0x25a</size>
         <input_file_ref idref="fl-5"/>
      </object_component>
      <object_component id="oc-14b">
         <name>.debug_info</name>
         <load_address>0x88b1</load_address>
         <run_address>0x88b1</run_address>
         <size>0x1ab</size>
         <input_file_ref idref="fl-5"/>
      </object_component>
      <object_component id="oc-157">
         <name>.debug_info</name>
         <load_address>0x8a5c</load_address>
         <run_address>0x8a5c</run_address>
         <size>0x1cd</size>
         <input_file_ref idref="fl-5"/>
      </object_component>
      <object_component id="oc-f4">
         <name>.debug_info</name>
         <load_address>0x8c29</load_address>
         <run_address>0x8c29</run_address>
         <size>0x705</size>
         <input_file_ref idref="fl-6"/>
      </object_component>
      <object_component id="oc-fb">
         <name>.debug_info</name>
         <load_address>0x932e</load_address>
         <run_address>0x932e</run_address>
         <size>0x105</size>
         <input_file_ref idref="fl-6"/>
      </object_component>
      <object_component id="oc-31d">
         <name>.debug_info</name>
         <load_address>0x9433</load_address>
         <run_address>0x9433</run_address>
         <size>0x1c3</size>
         <input_file_ref idref="fl-6"/>
      </object_component>
      <object_component id="oc-289">
         <name>.debug_info</name>
         <load_address>0x95f6</load_address>
         <run_address>0x95f6</run_address>
         <size>0x16a</size>
         <input_file_ref idref="fl-6"/>
      </object_component>
      <object_component id="oc-2a7">
         <name>.debug_info</name>
         <load_address>0x9760</load_address>
         <run_address>0x9760</run_address>
         <size>0x24c</size>
         <input_file_ref idref="fl-6"/>
      </object_component>
      <object_component id="oc-214">
         <name>.debug_info</name>
         <load_address>0x99ac</load_address>
         <run_address>0x99ac</run_address>
         <size>0x27b</size>
         <input_file_ref idref="fl-6"/>
      </object_component>
      <object_component id="oc-7b">
         <name>.debug_info</name>
         <load_address>0x9c27</load_address>
         <run_address>0x9c27</run_address>
         <size>0x1d3</size>
         <input_file_ref idref="fl-6"/>
      </object_component>
      <object_component id="oc-f6">
         <name>.debug_info</name>
         <load_address>0x9dfa</load_address>
         <run_address>0x9dfa</run_address>
         <size>0xe1d</size>
         <input_file_ref idref="fl-7"/>
      </object_component>
      <object_component id="oc-e6">
         <name>.debug_info</name>
         <load_address>0xac17</load_address>
         <run_address>0xac17</run_address>
         <size>0x2f4</size>
         <input_file_ref idref="fl-7"/>
      </object_component>
      <object_component id="oc-2e8">
         <name>.debug_info</name>
         <load_address>0xaf0b</load_address>
         <run_address>0xaf0b</run_address>
         <size>0x106</size>
         <input_file_ref idref="fl-7"/>
      </object_component>
      <object_component id="oc-2eb">
         <name>.debug_info</name>
         <load_address>0xb011</load_address>
         <run_address>0xb011</run_address>
         <size>0x108</size>
         <input_file_ref idref="fl-7"/>
      </object_component>
      <object_component id="oc-10f">
         <name>.debug_info</name>
         <load_address>0xb119</load_address>
         <run_address>0xb119</run_address>
         <size>0x102</size>
         <input_file_ref idref="fl-7"/>
      </object_component>
      <object_component id="oc-b3">
         <name>.debug_info</name>
         <load_address>0xb21b</load_address>
         <run_address>0xb21b</run_address>
         <size>0x2e7</size>
         <input_file_ref idref="fl-7"/>
      </object_component>
      <object_component id="oc-180">
         <name>.debug_info</name>
         <load_address>0xb502</load_address>
         <run_address>0xb502</run_address>
         <size>0x32f</size>
         <input_file_ref idref="fl-7"/>
      </object_component>
      <object_component id="oc-2d1">
         <name>.debug_info</name>
         <load_address>0xb831</load_address>
         <run_address>0xb831</run_address>
         <size>0x28b</size>
         <input_file_ref idref="fl-7"/>
      </object_component>
      <object_component id="oc-2e3">
         <name>.debug_info</name>
         <load_address>0xbabc</load_address>
         <run_address>0xbabc</run_address>
         <size>0x151</size>
         <input_file_ref idref="fl-7"/>
      </object_component>
      <object_component id="oc-81">
         <name>.debug_info</name>
         <load_address>0xbc0d</load_address>
         <run_address>0xbc0d</run_address>
         <size>0x1cf</size>
         <input_file_ref idref="fl-7"/>
      </object_component>
      <object_component id="oc-87">
         <name>.debug_info</name>
         <load_address>0xbddc</load_address>
         <run_address>0xbddc</run_address>
         <size>0x1b8</size>
         <input_file_ref idref="fl-7"/>
      </object_component>
      <object_component id="oc-75">
         <name>.debug_info</name>
         <load_address>0xbf94</load_address>
         <run_address>0xbf94</run_address>
         <size>0x202</size>
         <input_file_ref idref="fl-7"/>
      </object_component>
      <object_component id="oc-205">
         <name>.debug_info</name>
         <load_address>0xc196</load_address>
         <run_address>0xc196</run_address>
         <size>0x37e2</size>
         <input_file_ref idref="fl-7"/>
      </object_component>
      <object_component id="oc-c4">
         <name>.debug_info</name>
         <load_address>0xf978</load_address>
         <run_address>0xf978</run_address>
         <size>0x15f</size>
         <input_file_ref idref="fl-8"/>
      </object_component>
      <object_component id="oc-8d">
         <name>.debug_info</name>
         <load_address>0xfad7</load_address>
         <run_address>0xfad7</run_address>
         <size>0x2ff</size>
         <input_file_ref idref="fl-9"/>
      </object_component>
      <object_component id="oc-27">
         <name>.debug_info</name>
         <load_address>0xfdd6</load_address>
         <run_address>0xfdd6</run_address>
         <size>0x12b</size>
         <input_file_ref idref="fl-9"/>
      </object_component>
      <object_component id="oc-6a">
         <name>.debug_info</name>
         <load_address>0xff01</load_address>
         <run_address>0xff01</run_address>
         <size>0x18e</size>
         <input_file_ref idref="fl-9"/>
      </object_component>
      <object_component id="oc-70">
         <name>.debug_info</name>
         <load_address>0x1008f</load_address>
         <run_address>0x1008f</run_address>
         <size>0x176</size>
         <input_file_ref idref="fl-9"/>
      </object_component>
      <object_component id="oc-3aa">
         <name>.debug_info</name>
         <load_address>0x10205</load_address>
         <run_address>0x10205</run_address>
         <size>0x807</size>
         <input_file_ref idref="fl-14"/>
      </object_component>
      <object_component id="oc-276">
         <name>.debug_info</name>
         <load_address>0x10a0c</load_address>
         <run_address>0x10a0c</run_address>
         <size>0x1e5</size>
         <input_file_ref idref="fl-14"/>
      </object_component>
      <object_component id="oc-3ae">
         <name>.debug_info</name>
         <load_address>0x10bf1</load_address>
         <run_address>0x10bf1</run_address>
         <size>0x431a</size>
         <input_file_ref idref="fl-14"/>
      </object_component>
      <object_component id="oc-402">
         <name>.debug_info</name>
         <load_address>0x14f0b</load_address>
         <run_address>0x14f0b</run_address>
         <size>0x1b5</size>
         <input_file_ref idref="fl-14"/>
      </object_component>
      <object_component id="oc-3b8">
         <name>.debug_info</name>
         <load_address>0x150c0</load_address>
         <run_address>0x150c0</run_address>
         <size>0x26b</size>
         <input_file_ref idref="fl-14"/>
      </object_component>
      <object_component id="oc-3b3">
         <name>.debug_info</name>
         <load_address>0x1532b</load_address>
         <run_address>0x1532b</run_address>
         <size>0x1028</size>
         <input_file_ref idref="fl-14"/>
      </object_component>
      <object_component id="oc-315">
         <name>.debug_info</name>
         <load_address>0x16353</load_address>
         <run_address>0x16353</run_address>
         <size>0x297</size>
         <input_file_ref idref="fl-14"/>
      </object_component>
      <object_component id="oc-1d6">
         <name>.debug_info</name>
         <load_address>0x165ea</load_address>
         <run_address>0x165ea</run_address>
         <size>0xef</size>
         <input_file_ref idref="fl-14"/>
      </object_component>
      <object_component id="oc-1d1">
         <name>.debug_info</name>
         <load_address>0x166d9</load_address>
         <run_address>0x166d9</run_address>
         <size>0xbb</size>
         <input_file_ref idref="fl-14"/>
      </object_component>
      <object_component id="oc-26b">
         <name>.debug_info</name>
         <load_address>0x16794</load_address>
         <run_address>0x16794</run_address>
         <size>0x224</size>
         <input_file_ref idref="fl-15"/>
      </object_component>
      <object_component id="oc-32a">
         <name>.debug_info</name>
         <load_address>0x169b8</load_address>
         <run_address>0x169b8</run_address>
         <size>0x701</size>
         <input_file_ref idref="fl-16"/>
      </object_component>
      <object_component id="oc-221">
         <name>.debug_info</name>
         <load_address>0x170b9</load_address>
         <run_address>0x170b9</run_address>
         <size>0x135</size>
         <input_file_ref idref="fl-16"/>
      </object_component>
      <object_component id="oc-227">
         <name>.debug_info</name>
         <load_address>0x171ee</load_address>
         <run_address>0x171ee</run_address>
         <size>0x252</size>
         <input_file_ref idref="fl-16"/>
      </object_component>
      <object_component id="oc-23a">
         <name>.debug_info</name>
         <load_address>0x17440</load_address>
         <run_address>0x17440</run_address>
         <size>0x2a5</size>
         <input_file_ref idref="fl-16"/>
      </object_component>
      <object_component id="oc-233">
         <name>.debug_info</name>
         <load_address>0x176e5</load_address>
         <run_address>0x176e5</run_address>
         <size>0x25a</size>
         <input_file_ref idref="fl-16"/>
      </object_component>
      <object_component id="oc-22f">
         <name>.debug_info</name>
         <load_address>0x1793f</load_address>
         <run_address>0x1793f</run_address>
         <size>0x258</size>
         <input_file_ref idref="fl-16"/>
      </object_component>
      <object_component id="oc-15d">
         <name>.debug_info</name>
         <load_address>0x17b97</load_address>
         <run_address>0x17b97</run_address>
         <size>0x258</size>
         <input_file_ref idref="fl-16"/>
      </object_component>
      <object_component id="oc-241">
         <name>.debug_info</name>
         <load_address>0x17def</load_address>
         <run_address>0x17def</run_address>
         <size>0x274</size>
         <input_file_ref idref="fl-16"/>
      </object_component>
      <object_component id="oc-24e">
         <name>.debug_info</name>
         <load_address>0x18063</load_address>
         <run_address>0x18063</run_address>
         <size>0x254</size>
         <input_file_ref idref="fl-16"/>
      </object_component>
      <object_component id="oc-21b">
         <name>.debug_info</name>
         <load_address>0x182b7</load_address>
         <run_address>0x182b7</run_address>
         <size>0x25e</size>
         <input_file_ref idref="fl-16"/>
      </object_component>
      <object_component id="oc-11a">
         <name>.debug_info</name>
         <load_address>0x18515</load_address>
         <run_address>0x18515</run_address>
         <size>0x25a</size>
         <input_file_ref idref="fl-16"/>
      </object_component>
      <object_component id="oc-248">
         <name>.debug_info</name>
         <load_address>0x1876f</load_address>
         <run_address>0x1876f</run_address>
         <size>0x298</size>
         <input_file_ref idref="fl-16"/>
      </object_component>
      <object_component id="oc-114">
         <name>.debug_info</name>
         <load_address>0x18a07</load_address>
         <run_address>0x18a07</run_address>
         <size>0x264</size>
         <input_file_ref idref="fl-16"/>
      </object_component>
      <object_component id="oc-3c7">
         <name>.debug_info</name>
         <load_address>0x18c6b</load_address>
         <run_address>0x18c6b</run_address>
         <size>0x68f</size>
         <input_file_ref idref="fl-17"/>
      </object_component>
      <object_component id="oc-33d">
         <name>.debug_info</name>
         <load_address>0x192fa</load_address>
         <run_address>0x192fa</run_address>
         <size>0x12e</size>
         <input_file_ref idref="fl-17"/>
      </object_component>
      <object_component id="oc-2a0">
         <name>.debug_info</name>
         <load_address>0x19428</load_address>
         <run_address>0x19428</run_address>
         <size>0x1d5</size>
         <input_file_ref idref="fl-17"/>
      </object_component>
      <object_component id="oc-25c">
         <name>.debug_info</name>
         <load_address>0x195fd</load_address>
         <run_address>0x195fd</run_address>
         <size>0x219</size>
         <input_file_ref idref="fl-17"/>
      </object_component>
      <object_component id="oc-346">
         <name>.debug_info</name>
         <load_address>0x19816</load_address>
         <run_address>0x19816</run_address>
         <size>0x3a5</size>
         <input_file_ref idref="fl-18"/>
      </object_component>
      <object_component id="oc-271">
         <name>.debug_info</name>
         <load_address>0x19bbb</load_address>
         <run_address>0x19bbb</run_address>
         <size>0x220</size>
         <input_file_ref idref="fl-18"/>
      </object_component>
      <object_component id="oc-3ca">
         <name>.debug_info</name>
         <load_address>0x19ddb</load_address>
         <run_address>0x19ddb</run_address>
         <size>0x1eb</size>
         <input_file_ref idref="fl-18"/>
      </object_component>
      <object_component id="oc-3d0">
         <name>.debug_info</name>
         <load_address>0x19fc6</load_address>
         <run_address>0x19fc6</run_address>
         <size>0x1f9</size>
         <input_file_ref idref="fl-18"/>
      </object_component>
      <object_component id="oc-40e">
         <name>.debug_info</name>
         <load_address>0x1a1bf</load_address>
         <run_address>0x1a1bf</run_address>
         <size>0x346</size>
         <input_file_ref idref="fl-18"/>
      </object_component>
      <object_component id="oc-3dc">
         <name>.debug_info</name>
         <load_address>0x1a505</load_address>
         <run_address>0x1a505</run_address>
         <size>0x202</size>
         <input_file_ref idref="fl-18"/>
      </object_component>
      <object_component id="oc-186">
         <name>.debug_info</name>
         <load_address>0x1a707</load_address>
         <run_address>0x1a707</run_address>
         <size>0x1b0</size>
         <input_file_ref idref="fl-18"/>
      </object_component>
      <object_component id="oc-3d6">
         <name>.debug_info</name>
         <load_address>0x1a8b7</load_address>
         <run_address>0x1a8b7</run_address>
         <size>0x1ac</size>
         <input_file_ref idref="fl-18"/>
      </object_component>
      <object_component id="oc-33b">
         <name>.debug_info</name>
         <load_address>0x1aa63</load_address>
         <run_address>0x1aa63</run_address>
         <size>0x725</size>
         <input_file_ref idref="fl-1c"/>
      </object_component>
      <object_component id="oc-335">
         <name>.debug_info</name>
         <load_address>0x1b188</load_address>
         <run_address>0x1b188</run_address>
         <size>0x25e</size>
         <input_file_ref idref="fl-1c"/>
      </object_component>
      <object_component id="oc-2ca">
         <name>.debug_info</name>
         <load_address>0x1b3e6</load_address>
         <run_address>0x1b3e6</run_address>
         <size>0x215</size>
         <input_file_ref idref="fl-1c"/>
      </object_component>
      <object_component id="oc-254">
         <name>.debug_info</name>
         <load_address>0x1b5fb</load_address>
         <run_address>0x1b5fb</run_address>
         <size>0x23d</size>
         <input_file_ref idref="fl-1c"/>
      </object_component>
      <object_component id="oc-260">
         <name>.debug_info</name>
         <load_address>0x1b838</load_address>
         <run_address>0x1b838</run_address>
         <size>0x1dd</size>
         <input_file_ref idref="fl-1c"/>
      </object_component>
      <object_component id="oc-2d6">
         <name>.debug_info</name>
         <load_address>0x1ba15</load_address>
         <run_address>0x1ba15</run_address>
         <size>0x248</size>
         <input_file_ref idref="fl-1c"/>
      </object_component>
      <object_component id="oc-2dc">
         <name>.debug_info</name>
         <load_address>0x1bc5d</load_address>
         <run_address>0x1bc5d</run_address>
         <size>0x1db</size>
         <input_file_ref idref="fl-1c"/>
      </object_component>
      <object_component id="oc-e1">
         <name>.debug_info</name>
         <load_address>0x1be38</load_address>
         <run_address>0x1be38</run_address>
         <size>0x27c</size>
         <input_file_ref idref="fl-1c"/>
      </object_component>
      <object_component id="oc-3c0">
         <name>.debug_info</name>
         <load_address>0x1c0b4</load_address>
         <run_address>0x1c0b4</run_address>
         <size>0x341</size>
         <input_file_ref idref="fl-1c"/>
      </object_component>
      <object_component id="oc-34d">
         <name>.debug_info</name>
         <load_address>0x1c3f5</load_address>
         <run_address>0x1c3f5</run_address>
         <size>0x6eb</size>
         <input_file_ref idref="fl-1d"/>
      </object_component>
      <object_component id="oc-27c">
         <name>.debug_info</name>
         <load_address>0x1cae0</load_address>
         <run_address>0x1cae0</run_address>
         <size>0x234</size>
         <input_file_ref idref="fl-1d"/>
      </object_component>
      <object_component id="oc-1de">
         <name>.debug_info</name>
         <load_address>0x1cd14</load_address>
         <run_address>0x1cd14</run_address>
         <size>0x229</size>
         <input_file_ref idref="fl-1d"/>
      </object_component>
      <object_component id="oc-ea">
         <name>.debug_info</name>
         <load_address>0x1cf3d</load_address>
         <run_address>0x1cf3d</run_address>
         <size>0x26c</size>
         <input_file_ref idref="fl-1d"/>
      </object_component>
      <object_component id="oc-3e3">
         <name>.debug_info</name>
         <load_address>0x1d1a9</load_address>
         <run_address>0x1d1a9</run_address>
         <size>0x102</size>
         <input_file_ref idref="fl-1d"/>
      </object_component>
      <object_component id="oc-35d">
         <name>.debug_info</name>
         <load_address>0x1d2ab</load_address>
         <run_address>0x1d2ab</run_address>
         <size>0x19a</size>
         <input_file_ref idref="fl-1f"/>
      </object_component>
      <object_component id="oc-2ef">
         <name>.debug_info</name>
         <load_address>0x1d445</load_address>
         <run_address>0x1d445</run_address>
         <size>0x194</size>
         <input_file_ref idref="fl-1f"/>
      </object_component>
      <object_component id="oc-a8">
         <name>.debug_info</name>
         <load_address>0x1d5d9</load_address>
         <run_address>0x1d5d9</run_address>
         <size>0x147</size>
         <input_file_ref idref="fl-d5"/>
      </object_component>
      <object_component id="oc-d1">
         <name>.debug_info</name>
         <load_address>0x1d720</load_address>
         <run_address>0x1d720</run_address>
         <size>0x13a</size>
         <input_file_ref idref="fl-d6"/>
      </object_component>
      <object_component id="oc-d7">
         <name>.debug_info</name>
         <load_address>0x1d85a</load_address>
         <run_address>0x1d85a</run_address>
         <size>0x13a</size>
         <input_file_ref idref="fl-d7"/>
      </object_component>
      <object_component id="oc-dc">
         <name>.debug_info</name>
         <load_address>0x1d994</load_address>
         <run_address>0x1d994</run_address>
         <size>0x13e</size>
         <input_file_ref idref="fl-d8"/>
      </object_component>
      <object_component id="oc-cc">
         <name>.debug_info</name>
         <load_address>0x1dad2</load_address>
         <run_address>0x1dad2</run_address>
         <size>0x12e</size>
         <input_file_ref idref="fl-d9"/>
      </object_component>
      <object_component id="oc-a4">
         <name>.debug_info</name>
         <load_address>0x1dc00</load_address>
         <run_address>0x1dc00</run_address>
         <size>0x2d4</size>
         <input_file_ref idref="fl-da"/>
      </object_component>
      <object_component id="oc-4b">
         <name>.debug_info</name>
         <load_address>0x1ded4</load_address>
         <run_address>0x1ded4</run_address>
         <size>0x1b5</size>
         <input_file_ref idref="fl-da"/>
      </object_component>
      <object_component id="oc-9f">
         <name>.debug_info</name>
         <load_address>0x1e089</load_address>
         <run_address>0x1e089</run_address>
         <size>0x46</size>
         <input_file_ref idref="fl-da"/>
      </object_component>
      <object_component id="oc-42">
         <name>.debug_info</name>
         <load_address>0x1e0cf</load_address>
         <run_address>0x1e0cf</run_address>
         <size>0x2a8</size>
         <input_file_ref idref="fl-db"/>
      </object_component>
      <object_component id="oc-1e">
         <name>.debug_info</name>
         <load_address>0x1e377</load_address>
         <run_address>0x1e377</run_address>
         <size>0x1ea</size>
         <input_file_ref idref="fl-db"/>
      </object_component>
      <object_component id="oc-3d">
         <name>.debug_info</name>
         <load_address>0x1e561</load_address>
         <run_address>0x1e561</run_address>
         <size>0x46</size>
         <input_file_ref idref="fl-db"/>
      </object_component>
      <object_component id="oc-97">
         <name>.debug_info</name>
         <load_address>0x1e5a7</load_address>
         <run_address>0x1e5a7</run_address>
         <size>0x2c</size>
         <input_file_ref idref="fl-db"/>
      </object_component>
      <object_component id="oc-95">
         <name>.debug_info</name>
         <load_address>0x1e5d3</load_address>
         <run_address>0x1e5d3</run_address>
         <size>0x29e</size>
         <input_file_ref idref="fl-dc"/>
      </object_component>
      <object_component id="oc-1a">
         <name>.debug_info</name>
         <load_address>0x1e871</load_address>
         <run_address>0x1e871</run_address>
         <size>0x250</size>
         <input_file_ref idref="fl-dc"/>
      </object_component>
      <object_component id="oc-2d">
         <name>.debug_info</name>
         <load_address>0x1eac1</load_address>
         <run_address>0x1eac1</run_address>
         <size>0x60</size>
         <input_file_ref idref="fl-dc"/>
      </object_component>
      <object_component id="oc-126">
         <name>.debug_info</name>
         <load_address>0x1eb21</load_address>
         <run_address>0x1eb21</run_address>
         <size>0x46</size>
         <input_file_ref idref="fl-dc"/>
      </object_component>
      <object_component id="oc-90">
         <name>.debug_info</name>
         <load_address>0x1eb67</load_address>
         <run_address>0x1eb67</run_address>
         <size>0x39</size>
         <input_file_ref idref="fl-dc"/>
      </object_component>
      <object_component id="oc-2c0">
         <name>.debug_info</name>
         <load_address>0x1eba0</load_address>
         <run_address>0x1eba0</run_address>
         <size>0x2a4</size>
         <input_file_ref idref="fl-dd"/>
      </object_component>
      <object_component id="oc-176">
         <name>.debug_info</name>
         <load_address>0x1ee44</load_address>
         <run_address>0x1ee44</run_address>
         <size>0x24d</size>
         <input_file_ref idref="fl-dd"/>
      </object_component>
      <object_component id="oc-2c2">
         <name>.debug_info</name>
         <load_address>0x1f091</load_address>
         <run_address>0x1f091</run_address>
         <size>0x28f</size>
         <input_file_ref idref="fl-de"/>
      </object_component>
      <object_component id="oc-179">
         <name>.debug_info</name>
         <load_address>0x1f320</load_address>
         <run_address>0x1f320</run_address>
         <size>0x245</size>
         <input_file_ref idref="fl-de"/>
      </object_component>
      <object_component id="oc-3e9">
         <name>.debug_info</name>
         <load_address>0x1f565</load_address>
         <run_address>0x1f565</run_address>
         <size>0x295</size>
         <input_file_ref idref="fl-df"/>
      </object_component>
      <object_component id="oc-353">
         <name>.debug_info</name>
         <load_address>0x1f7fa</load_address>
         <run_address>0x1f7fa</run_address>
         <size>0x1d1</size>
         <input_file_ref idref="fl-df"/>
      </object_component>
      <object_component id="oc-2be">
         <name>.debug_info</name>
         <load_address>0x1f9cb</load_address>
         <run_address>0x1f9cb</run_address>
         <size>0x2fe</size>
         <input_file_ref idref="fl-e0"/>
      </object_component>
      <object_component id="oc-2bb">
         <name>.debug_info</name>
         <load_address>0x1fcc9</load_address>
         <run_address>0x1fcc9</run_address>
         <size>0x105</size>
         <input_file_ref idref="fl-e0"/>
      </object_component>
      <object_component id="oc-16f">
         <name>.debug_info</name>
         <load_address>0x1fdce</load_address>
         <run_address>0x1fdce</run_address>
         <size>0x1ab</size>
         <input_file_ref idref="fl-e0"/>
      </object_component>
      <object_component id="oc-2a">
         <name>.debug_info</name>
         <load_address>0x1ff79</load_address>
         <run_address>0x1ff79</run_address>
         <size>0x10b</size>
         <input_file_ref idref="fl-e1"/>
      </object_component>
      <object_component id="oc-56">
         <name>.debug_info</name>
         <load_address>0x20084</load_address>
         <run_address>0x20084</run_address>
         <size>0x1a9</size>
         <input_file_ref idref="fl-e1"/>
      </object_component>
      <object_component id="oc-38">
         <name>.debug_info</name>
         <load_address>0x2022d</load_address>
         <run_address>0x2022d</run_address>
         <size>0x119</size>
         <input_file_ref idref="fl-e2"/>
      </object_component>
      <object_component id="oc-300">
         <name>.debug_info</name>
         <load_address>0x20346</load_address>
         <run_address>0x20346</run_address>
         <size>0x4b3</size>
         <input_file_ref idref="fl-e3"/>
      </object_component>
      <object_component id="oc-19a">
         <name>.debug_info</name>
         <load_address>0x207f9</load_address>
         <run_address>0x207f9</run_address>
         <size>0x1a6</size>
         <input_file_ref idref="fl-e3"/>
      </object_component>
      <object_component id="oc-399">
         <name>.debug_info</name>
         <load_address>0x2099f</load_address>
         <run_address>0x2099f</run_address>
         <size>0x39</size>
         <input_file_ref idref="fl-e3"/>
      </object_component>
      <object_component id="oc-3f4">
         <name>.debug_info</name>
         <load_address>0x209d8</load_address>
         <run_address>0x209d8</run_address>
         <size>0x39</size>
         <input_file_ref idref="fl-e3"/>
      </object_component>
      <object_component id="oc-39e">
         <name>.debug_info</name>
         <load_address>0x20a11</load_address>
         <run_address>0x20a11</run_address>
         <size>0x39</size>
         <input_file_ref idref="fl-e3"/>
      </object_component>
      <object_component id="oc-3a3">
         <name>.debug_info</name>
         <load_address>0x20a4a</load_address>
         <run_address>0x20a4a</run_address>
         <size>0xcd</size>
         <input_file_ref idref="fl-e3"/>
      </object_component>
      <object_component id="oc-ae">
         <name>.debug_info</name>
         <load_address>0x20b17</load_address>
         <run_address>0x20b17</run_address>
         <size>0x153</size>
         <input_file_ref idref="fl-e4"/>
      </object_component>
      <object_component id="oc-18f">
         <name>.debug_info</name>
         <load_address>0x20c6a</load_address>
         <run_address>0x20c6a</run_address>
         <size>0x122</size>
         <input_file_ref idref="fl-e6"/>
      </object_component>
      <object_component id="oc-368">
         <name>.debug_info</name>
         <load_address>0x20d8c</load_address>
         <run_address>0x20d8c</run_address>
         <size>0x290</size>
         <input_file_ref idref="fl-e9"/>
      </object_component>
      <object_component id="oc-2b5">
         <name>.debug_info</name>
         <load_address>0x2101c</load_address>
         <run_address>0x2101c</run_address>
[...]
         <name>leftSpeed</name>
         <value>0x2000185c</value>
         <object_component_ref idref="oc-e5"/>
      </symbol>
      <symbol id="sm-2b2">
         <name>rightNotchesDetected</name>
         <value>0x20001848</value>
         <object_component_ref idref="oc-e5"/>
      </symbol>
      <symbol id="sm-2b3">
         <name>getPIDOutput</name>
         <value>0xe5</value>
         <object_component_ref idref="oc-2cf"/>
      </symbol>
      <symbol id="sm-2b4">
         <name>PORT2_IRQHandler</name>
         <value>0x1e21</value>
         <object_component_ref idref="oc-85"/>
      </symbol>
      <symbol id="sm-2b5">
         <name>desiredNotches</name>
         <value>0x20001850</value>
         <object_component_ref idref="oc-e5"/>
      </symbol>
      <symbol id="sm-2b6">
         <name>timeSeconds</name>
         <value>0x20001858</value>
         <object_component_ref idref="oc-e5"/>
      </symbol>
      <symbol id="sm-2b7">
         <name>engineState</name>
         <value>0x20001840</value>
         <object_component_ref idref="oc-e5"/>
      </symbol>
      <symbol id="sm-2b8">
         <name>main</name>
         <value>0xb7d</value>
         <object_component_ref idref="oc-b1"/>
      </symbol>
      <symbol id="sm-2b9">
         <name>leftError</name>
         <value>0x2000186c</value>
         <object_component_ref idref="oc-e5"/>
      </symbol>
      <symbol id="sm-2ba">
         <name>moveCar</name>
         <value>0x905</value>
         <object_component_ref idref="oc-17e"/>
      </symbol>
      <symbol id="sm-2bb">
         <name>PIDDesiredNotches</name>
         <value>0x20001854</value>
         <object_component_ref idref="oc-e5"/>
      </symbol>
      <symbol id="sm-2bc">
         <name>leftRPM</name>
         <value>0x20001864</value>
         <object_component_ref idref="oc-e5"/>
      </symbol>
      <symbol id="sm-2bd">
         <name>TA1_0_IRQHandler</name>
         <value>0x143d</value>
         <object_component_ref idref="oc-73"/>
      </symbol>
      <symbol id="sm-2be">
         <name>clearCounters</name>
         <value>0x10ad</value>
         <object_component_ref idref="oc-2e1"/>
      </symbol>
      <symbol id="sm-2bf">
         <name>leftNotchesDetected</name>
         <value>0x2000184c</value>
         <object_component_ref idref="oc-e5"/>
      </symbol>
      <symbol id="sm-2c0">
         <name>collision</name>
         <value>0x20001844</value>
         <object_component_ref idref="oc-e5"/>
      </symbol>
      <symbol id="sm-2c1">
         <name>rightSpeed</name>
         <value>0x20001860</value>
         <object_component_ref idref="oc-e5"/>
      </symbol>
      <symbol id="sm-2d4">
         <name>SystemInit</name>
         <value>0x1769</value>
         <object_component_ref idref="oc-c3"/>
      </symbol>
      <symbol id="sm-2f0">
         <name>Reset_Handler</name>
         <value>0x22bb</value>
         <object_component_ref idref="oc-67"/>
      </symbol>
      <symbol id="sm-2f1">
         <name>Default_Handler</name>
         <value>0xb7b</value>
         <object_component_ref idref="oc-6d"/>
      </symbol>
      <symbol id="sm-2f2">
         <name>interruptVectors</name>
         <value>0x0</value>
         <object_component_ref idref="oc-26"/>
      </symbol>
      <symbol id="sm-326">
         <name>CS_setDCOCenteredFrequency</name>
         <value>0x1f1d</value>
         <object_component_ref idref="oc-275"/>
      </symbol>
      <symbol id="sm-335">
         <name>FlashCtl_setWaitState</name>
         <value>0x1cc5</value>
         <object_component_ref idref="oc-269"/>
      </symbol>
      <symbol id="sm-3bf">
         <name>GPIO_setOutputHighOnPin</name>
         <value>0x2095</value>
         <object_component_ref idref="oc-232"/>
      </symbol>
      <symbol id="sm-3c0">
         <name>GPIO_setAsInputPinWithPullUpResistor</name>
         <value>0x1b75</value>
         <object_component_ref idref="oc-240"/>
      </symbol>
      <symbol id="sm-3c1">
         <name>GPIO_getInterruptStatus</name>
         <value>0x2135</value>
         <object_component_ref idref="oc-21a"/>
      </symbol>
      <symbol id="sm-3c2">
         <name>GPIO_enableInterrupt</name>
         <value>0x206d</value>
         <object_component_ref idref="oc-24c"/>
      </symbol>
      <symbol id="sm-3c3">
         <name>GPIO_getEnabledInterruptStatus</name>
         <value>0x15e9</value>
         <object_component_ref idref="oc-112"/>
      </symbol>
      <symbol id="sm-3c4">
         <name>GPIO_setAsOutputPin</name>
         <value>0x1de1</value>
         <object_component_ref idref="oc-226"/>
      </symbol>
      <symbol id="sm-3c5">
         <name>GPIO_interruptEdgeSelect</name>
         <value>0x1ee1</value>
         <object_component_ref idref="oc-246"/>
      </symbol>
      <symbol id="sm-3c6">
         <name>GPIO_setOutputLowOnPin</name>
         <value>0x20bd</value>
         <object_component_ref idref="oc-22c"/>
      </symbol>
      <symbol id="sm-3c7">
         <name>GPIO_clearInterruptFlag</name>
         <value>0x2045</value>
         <object_component_ref idref="oc-118"/>
      </symbol>
      <symbol id="sm-3c8">
         <name>GPIO_toggleOutputOnPin</name>
         <value>0x20e5</value>
         <object_component_ref idref="oc-15a"/>
      </symbol>
      <symbol id="sm-3c9">
         <name>GPIO_setAsPeripheralModuleFunctionOutputPin</name>
         <value>0x1561</value>
         <object_component_ref idref="oc-239"/>
      </symbol>
      <symbol id="sm-3ef">
         <name>Interrupt_enableMaster</name>
         <value>0x2271</value>
         <object_component_ref idref="oc-29d"/>
      </symbol>
      <symbol id="sm-3f0">
         <name>Interrupt_enableInterrupt</name>
         <value>0x166d</value>
         <object_component_ref idref="oc-259"/>
      </symbol>
      <symbol id="sm-47b">
         <name>PCM_setCoreVoltageLevel</name>
         <value>0x2281</value>
         <object_component_ref idref="oc-26f"/>
      </symbol>
      <symbol id="sm-47c">
         <name>PCM_getCoreVoltageLevel</name>
         <value>0x1abd</value>
         <object_component_ref idref="oc-3ce"/>
      </symbol>
      <symbol id="sm-47d">
         <name>PCM_getPowerMode</name>
         <value>0x1b1b</value>
         <object_component_ref idref="oc-3c8"/>
      </symbol>
      <symbol id="sm-47e">
         <name>PCM_getPowerState</name>
         <value>0x2221</value>
         <object_component_ref idref="oc-3d4"/>
      </symbol>
      <symbol id="sm-47f">
         <name>PCM_gotoLPM0</name>
         <value>0x210d</value>
         <object_component_ref idref="oc-184"/>
      </symbol>
      <symbol id="sm-480">
         <name>PCM_setPowerMode</name>
         <value>0x2291</value>
         <object_component_ref idref="oc-3da"/>
      </symbol>
      <symbol id="sm-4df">
         <name>Timer_A_clearCaptureCompareInterrupt</name>
         <value>0x1fed</value>
         <object_component_ref idref="oc-df"/>
      </symbol>
      <symbol id="sm-4e0">
         <name>Timer_A_generatePWM</name>
         <value>0x17e1</value>
         <object_component_ref idref="oc-2d5"/>
      </symbol>
      <symbol id="sm-4e1">
         <name>Timer_A_startCounter</name>
         <value>0x2209</value>
         <object_component_ref idref="oc-2c9"/>
      </symbol>
      <symbol id="sm-4e2">
         <name>Timer_A_stopTimer</name>
         <value>0x2235</value>
         <object_component_ref idref="oc-2db"/>
      </symbol>
      <symbol id="sm-4e3">
         <name>Timer_A_clearTimer</name>
         <value>0x21d9</value>
         <object_component_ref idref="oc-25f"/>
      </symbol>
      <symbol id="sm-4e4">
         <name>Timer_A_configureUpMode</name>
         <value>0x18c5</value>
         <object_component_ref idref="oc-253"/>
      </symbol>
      <symbol id="sm-51c">
         <name>UART_getEnabledInterruptStatus</name>
         <value>0x19f9</value>
         <object_component_ref idref="oc-e9"/>
      </symbol>
      <symbol id="sm-51d">
         <name>UART_getInterruptStatus</name>
         <value>0x21f1</value>
         <object_component_ref idref="oc-1dd"/>
      </symbol>
      <symbol id="sm-51e">
         <name>UART_initModule</name>
         <value>0xca1</value>
         <object_component_ref idref="oc-27b"/>
      </symbol>
      <symbol id="sm-531">
         <name>CPU_wfi</name>
         <value>0x22dd</value>
         <object_component_ref idref="oc-2ee"/>
      </symbol>
      <symbol id="sm-532">
         <name>CPU_cpsie</name>
         <value>0x22af</value>
         <object_component_ref idref="oc-35c"/>
      </symbol>
      <symbol id="sm-541">
         <name>__aeabi_memset</name>
         <value>0x16ef</value>
         <object_component_ref idref="oc-a5"/>
      </symbol>
      <symbol id="sm-542">
         <name>memset</name>
         <value>0x16f5</value>
         <object_component_ref idref="oc-a5"/>
      </symbol>
      <symbol id="sm-543">
         <name>__aeabi_memset8</name>
         <value>0x16ef</value>
         <object_component_ref idref="oc-a5"/>
      </symbol>
      <symbol id="sm-544">
         <name>__aeabi_memset4</name>
         <value>0x16ef</value>
         <object_component_ref idref="oc-a5"/>
      </symbol>
      <symbol id="sm-545">
         <name>__aeabi_memclr8</name>
         <value>0x16ed</value>
         <object_component_ref idref="oc-a5"/>
      </symbol>
      <symbol id="sm-546">
         <name>__aeabi_memclr4</name>
         <value>0x16ed</value>
         <object_component_ref idref="oc-a5"/>
      </symbol>
      <symbol id="sm-547">
         <name>__aeabi_memclr</name>
         <value>0x16ed</value>
         <object_component_ref idref="oc-a5"/>
      </symbol>
      <symbol id="sm-55b">
         <name>__aeabi_ddiv</name>
         <value>0xa45</value>
         <object_component_ref idref="oc-d0"/>
      </symbol>
      <symbol id="sm-566">
         <name>__aeabi_dmul</name>
         <value>0xec5</value>
         <object_component_ref idref="oc-d5"/>
      </symbol>
      <symbol id="sm-572">
         <name>__aeabi_d2f</name>
         <value>0x1855</value>
         <object_component_ref idref="oc-da"/>
      </symbol>
      <symbol id="sm-57c">
         <name>__aeabi_ui2d</name>
         <value>0x219d</value>
         <object_component_ref idref="oc-cb"/>
      </symbol>
      <symbol id="sm-58e">
         <name>__TI_zero_init</name>
         <value>0x22c7</value>
         <object_component_ref idref="oc-49"/>
      </symbol>
      <symbol id="sm-5a5">
         <name>__TI_decompress_none</name>
         <value>0x22a1</value>
         <object_component_ref idref="oc-1d"/>
      </symbol>
      <symbol id="sm-5c8">
         <name>__TI_decompress_lzss</name>
         <value>0x192d</value>
         <object_component_ref idref="oc-17"/>
      </symbol>
      <symbol id="sm-5d6">
         <name>strcpy</name>
         <value>0x2249</value>
         <object_component_ref idref="oc-172"/>
      </symbol>
      <symbol id="sm-5e4">
         <name>strlen</name>
         <value>0x225d</value>
         <object_component_ref idref="oc-178"/>
      </symbol>
      <symbol id="sm-5f7">
         <name>strstr</name>
         <value>0x1fb9</value>
         <object_component_ref idref="oc-352"/>
      </symbol>
      <symbol id="sm-60f">
         <name>strtok</name>
         <value>0x1ea1</value>
         <object_component_ref idref="oc-16c"/>
      </symbol>
      <symbol id="sm-622">
         <name>__stack</name>
         <value>0x2000fe00</value>
         <object_component_ref idref="oc-29"/>
      </symbol>
      <symbol id="sm-623">
         <name>_c_int00_noargs</name>
         <value>0x1f85</value>
         <object_component_ref idref="oc-55"/>
      </symbol>
      <symbol id="sm-63e">
         <name>memcpy</name>
         <value>0x13a1</value>
         <object_component_ref idref="oc-37"/>
      </symbol>
      <symbol id="sm-63f">
         <name>__aeabi_memcpy</name>
         <value>0x13a1</value>
         <object_component_ref idref="oc-37"/>
      </symbol>
      <symbol id="sm-640">
         <name>__aeabi_memcpy8</name>
         <value>0x13a1</value>
         <object_component_ref idref="oc-37"/>
      </symbol>
      <symbol id="sm-641">
         <name>__aeabi_memcpy4</name>
         <value>0x13a1</value>
         <object_component_ref idref="oc-37"/>
      </symbol>
      <symbol id="sm-669">
         <name>__TI_auto_init_nobinit_nopinit</name>
         <value>0x1d9d</value>
         <object_component_ref idref="oc-199"/>
      </symbol>
      <symbol id="sm-673">
         <name>_system_pre_init</name>
         <value>0x22e1</value>
         <object_component_ref idref="oc-ab"/>
      </symbol>
      <symbol id="sm-67f">
         <name>C$$EXIT</name>
         <value>0x22e5</value>
         <object_component_ref idref="oc-18d"/>
      </symbol>
      <symbol id="sm-680">
         <name>abort</name>
         <value>0x22e5</value>
         <object_component_ref idref="oc-18d"/>
      </symbol>
      <symbol id="sm-693">
         <name>strcspn</name>
         <value>0x2159</value>
         <object_component_ref idref="oc-2b4"/>
      </symbol>
      <symbol id="sm-6a5">
         <name>strspn</name>
         <value>0x2019</value>
         <object_component_ref idref="oc-2ae"/>
      </symbol>
      <symbol id="sm-6a6">
         <name>__TI_static_base__</name>
         <value>0x0</value>
      </symbol>
      <symbol id="sm-6a9">
         <name>__mpu_init</name>
         <value>0x0</value>
      </symbol>
      <symbol id="sm-6aa">
         <name>_system_post_cinit</name>
         <value>0x0</value>
      </symbol>
      <symbol id="sm-6ab">
         <name>NMI_Handler</name>
         <value>0xb7b</value>
      </symbol>
      <symbol id="sm-6ac">
         <name>HardFault_Handler</name>
         <value>0xb7b</value>
      </symbol>
      <symbol id="sm-6ad">
         <name>MemManage_Handler</name>
         <value>0xb7b</value>
      </symbol>
      <symbol id="sm-6ae">
         <name>BusFault_Handler</name>
         <value>0xb7b</value>
      </symbol>
      <symbol id="sm-6af">
         <name>UsageFault_Handler</name>
         <value>0xb7b</value>
      </symbol>
      <symbol id="sm-6b0">
         <name>SVC_Handler</name>
         <value>0xb7b</value>
      </symbol>
      <symbol id="sm-6b1">
         <name>DebugMon_Handler</name>
         <value>0xb7b</value>
      </symbol>
      <symbol id="sm-6b2">
         <name>PendSV_Handler</name>
         <value>0xb7b</value>
      </symbol>
      <symbol id="sm-6b3">
         <name>SysTick_Handler</name>
         <value>0xb7b</value>
      </symbol>
      <symbol id="sm-6b4">
         <name>PSS_IRQHandler</name>
         <value>0xb7b</value>
      </symbol>
      <symbol id="sm-6b5">
         <name>CS_IRQHandler</name>
         <value>0xb7b</value>
      </symbol>
      <symbol id="sm-6b6">
         <name>PCM_IRQHandler</name>
         <value>0xb7b</value>
      </symbol>
      <symbol id="sm-6b7">
         <name>WDT_A_IRQHandler</name>
         <value>0xb7b</value>
      </symbol>
      <symbol id="sm-6b8">
         <name>FPU_IRQHandler</name>
         <value>0xb7b</value>
      </symbol>
      <symbol id="sm-6b9">
         <name>FLCTL_IRQHandler</name>
         <value>0xb7b</value>
      </symbol>
      <symbol id="sm-6ba">
         <name>COMP_E0_IRQHandler</name>
         <value>0xb7b</value>
      </symbol>
      <symbol id="sm-6bb">
         <name>COMP_E1_IRQHandler</name>
         <value>0xb7b</value>
      </symbol>
      <symbol id="sm-6bc">
         <name>TA0_0_IRQHandler</name>
         <value>0xb7b</value>
      </symbol>
      <symbol id="sm-6bd">
         <name>TA0_N_IRQHandler</name>
         <value>0xb7b</value>
      </symbol>
      <symbol id="sm-6be">
         <name>TA1_0_IRQHandler</name>
         <value>0x143d</value>
      </symbol>
      <symbol id="sm-6bf">
         <name>TA1_N_IRQHandler</name>
         <value>0xb7b</value>
      </symbol>
      <symbol id="sm-6c0">
         <name>TA2_0_IRQHandler</name>
         <value>0xb7b</value>
      </symbol>
      <symbol id="sm-6c1">
         <name>TA2_N_IRQHandler</name>
         <value>0xb7b</value>
      </symbol>
      <symbol id="sm-6c2">
         <name>TA3_0_IRQHandler</name>
         <value>0xb7b</value>
      </symbol>
      <symbol id="sm-6c3">
         <name>TA3_N_IRQHandler</name>
         <value>0xb7b</value>
      </symbol>
      <symbol id="sm-6c4">
         <name>EUSCIA0_IRQHandler</name>
         <value>0xb7b</value>
      </symbol>
      <symbol id="sm-6c5">
         <name>EUSCIA1_IRQHandler</name>
         <value>0xb7b</value>
      </symbol>
      <symbol id="sm-6c6">
         <name>EUSCIA2_IRQHandler</name>
         <value>0x1305</value>
      </symbol>
      <symbol id="sm-6c7">
         <name>EUSCIA3_IRQHandler</name>
         <value>0xb7b</value>
      </symbol>
      <symbol id="sm-6c8">
         <name>EUSCIB0_IRQHandler</name>
         <value>0xb7b</value>
      </symbol>
      <symbol id="sm-6c9">
         <name>EUSCIB1_IRQHandler</name>
         <value>0xb7b</value>
      </symbol>
      <symbol id="sm-6ca">
         <name>EUSCIB2_IRQHandler</name>
         <value>0xb7b</value>
      </symbol>
      <symbol id="sm-6cb">
         <name>EUSCIB3_IRQHandler</name>
         <value>0xb7b</value>
      </symbol>
      <symbol id="sm-6cc">
         <name>ADC14_IRQHandler</name>
         <value>0xb7b</value>
      </symbol>
      <symbol id="sm-6cd">
         <name>T32_INT1_IRQHandler</name>
         <value>0xb7b</value>
      </symbol>
      <symbol id="sm-6ce">
         <name>T32_INT2_IRQHandler</name>
         <value>0xb7b</value>
      </symbol>
      <symbol id="sm-6cf">
         <name>T32_INTC_IRQHandler</name>
         <value>0xb7b</value>
      </symbol>
      <symbol id="sm-6d0">
         <name>AES256_IRQHandler</name>
         <value>0xb7b</value>
      </symbol>
      <symbol id="sm-6d1">
         <name>RTC_C_IRQHandler</name>
         <value>0xb7b</value>
      </symbol>
      <symbol id="sm-6d2">
         <name>DMA_ERR_IRQHandler</name>
         <value>0xb7b</value>
      </symbol>
      <symbol id="sm-6d3">
         <name>DMA_INT3_IRQHandler</name>
         <value>0xb7b</value>
      </symbol>
      <symbol id="sm-6d4">
         <name>DMA_INT2_IRQHandler</name>
         <value>0xb7b</value>
      </symbol>
      <symbol id="sm-6d5">
         <name>DMA_INT1_IRQHandler</name>
         <value>0xb7b</value>
      </symbol>
      <symbol id="sm-6d6">
         <name>DMA_INT0_IRQHandler</name>
         <value>0xb7b</value>
      </symbol>
      <symbol id="sm-6d7">
         <name>PORT1_IRQHandler</name>
         <value>0x1a5d</value>
      </symbol>
      <symbol id="sm-6d8">
         <name>PORT2_IRQHandler</name>
         <value>0x1e21</value>
      </symbol>
      <symbol id="sm-6d9">
         <name>PORT3_IRQHandler</name>
         <value>0xb7b</value>
      </symbol>
      <symbol id="sm-6da">
         <name>PORT4_IRQHandler</name>
         <value>0xb7b</value>
      </symbol>
      <symbol id="sm-6db">
         <name>PORT5_IRQHandler</name>
         <value>0xb7b</value>
      </symbol>
      <symbol id="sm-6dc">
         <name>PORT6_IRQHandler</name>
         <value>0xb7b</value>
      </symbol>
   </symbol_table>
   <title>Link successful</title>
</link_info>
