******************************************************************************
                  TI ARM Linker Unix v20.2.5                   
******************************************************************************
>> Linked Fri Nov 12 15:12:41 2021

OUTPUT FILE NAME:   <empty_MSP_EXP432P401R_nortos_ccs.out>
ENTRY POINT SYMBOL: "_c_int00_noargs"  address: 00003b95


MEMORY CONFIGURATION

         name            origin    length      used     unused   attr    fill
----------------------  --------  ---------  --------  --------  ----  --------
  MAIN                  00000000   00040000  000041e9  0003be17  R  X
  INFO                  00200000   00004000  00000000  00004000  R  X
  SRAM_CODE             01000000   00010000  00002638  0000d9c8  RW X
  SRAM_DATA             20000000   00010000  00002638  0000d9c8  RW  


SEGMENT ALLOCATION MAP

run origin  load origin   length   init length attrs members
----------  ----------- ---------- ----------- ----- -------
00000000    00000000    000041f0   000041f0    r-x
  00000000    00000000    000000e4   000000e4    r-- .intvecs
  000000e4    000000e4    00003f10   00003f10    r-x .text
  00003ff4    00003ff4    0000013d   0000013d    r-- .const
  00004138    00004138    000000b8   000000b8    r-- .cinit
20000000    20000000    00002438   00000000    rw-
  20000000    20000000    000019e0   00000000    rw- .bss
  200019e0    200019e0    00000800   00000000    rw- .sysmem
  200021e0    200021e0    00000258   00000000    rw- .data
2000fe00    2000fe00    00000200   00000000    rw-
  2000fe00    2000fe00    00000200   00000000    rw- .stack


SECTION ALLOCATION MAP

 output                                  attributes/
section   page    origin      length       input sections
--------  ----  ----------  ----------   ----------------
.intvecs   0    00000000    000000e4     
                  00000000    000000e4     startup_msp432p401r_ccs.obj (.intvecs:retain)

.text      0    000000e4    00003f10     
                  000000e4    00000a4e     rtsv7M4_T_le_v4SPD16_eabi.lib : _printfi.c.obj (.text:__TI_printfi)
                  00000b32    00000002     startup_msp432p401r_ccs.obj (.text:Default_Handler)
                  00000b34    00000290     main.obj (.text:main)
                  00000dc4    00000270     rtsv7M4_T_le_v4SPD16_eabi.lib : _printfi.c.obj (.text:_pconv_a)
                  00001034    000001d0                                   : _printfi.c.obj (.text:_pconv_g)
                  00001204    000001b6                                   : fd_add_t2.asm.obj (.text)
                  000013ba    00000002                                   : _lock.c.obj (.text:_nop)
                  000013bc    0000015c     msp432p4xx_driverlib.lib : pcm.o (.text:__PCM_setPowerModeAdvanced)
                  00001518    00000158     UART_Driver.obj (.text:UART_Printf)
                  00001670    00000154     main.obj (.text:PORT1_IRQHandler)
                  000017c4    00000144     msp432p4xx_driverlib.lib : timer_a.o (.text:privateTimer_AProcessClockSourceDivider)
                  00001908    00000140     UART_Driver.obj (.text:UART_Read)
                  00001a48    0000013c     rtsv7M4_T_le_v4SPD16_eabi.lib : _printfi.c.obj (.text:_pconv_e)
                  00001b84    00000136                                   : fd_div_t2.asm.obj (.text)
                  00001cba    00000002                                   : div0.asm.obj (.text)
                  00001cbc    00000124                                   : _printfi.c.obj (.text:fcvt)
                  00001de0    0000011c     msp432p4xx_driverlib.lib : uart.o (.text:UART_initModule)
                  00001efc    00000114     rtsv7M4_T_le_v4SPD16_eabi.lib : fputs.c.obj (.text:fputs)
                  00002010    00000110                                   : s_scalbn.c.obj (.text:scalbn)
                  00002120    00000108     msp432p4xx_driverlib.lib : pcm.o (.text:__PCM_setCoreVoltageLevelAdvanced)
                  00002228    00000100     rtsv7M4_T_le_v4SPD16_eabi.lib : memory.c.obj (.text:aligned_alloc)
                  00002328    000000fc                                   : fd_mul_t2.asm.obj (.text)
                  00002424    000000e4                                   : memory.c.obj (.text:free)
                  00002508    000000e4     main.obj (.text:setWheelDirection)
                  000025ec    000000dc     rtsv7M4_T_le_v4SPD16_eabi.lib : setvbuf.c.obj (.text:setvbuf)
                  000026c8    000000d8     ESP8266.obj (.text:ESP8266_EstablishConnection)
                  000027a0    000000b1     rtsv7M4_T_le_v4SPD16_eabi.lib : _printfi.c.obj (.text:_ltostr)
                  00002851    00000003     --HOLE-- [fill = 0]
                  00002854    0000009c     UART_Driver.obj (.text:EUSCIA2_IRQHandler)
                  000028f0    0000009c     rtsv7M4_T_le_v4SPD16_eabi.lib : memcpy_t2.asm.obj (.text)
                  0000298c    00000096                                   : ull_div_t2.asm.obj (.text)
                  00002a22    00000002     --HOLE-- [fill = 0]
                  00002a24    0000008c     ESP8266.obj (.text:ESP8266_WaitForAnswer)
                  00002ab0    0000008c     rtsv7M4_T_le_v4SPD16_eabi.lib : fputc.c.obj (.text:fputc)
                  00002b3c    00000086                                   : fd_cmp_t2.asm.obj (.text:__aeabi_cdcmple)
                  00002bc2    00000086                                   : fd_cmp_t2.asm.obj (.text:__aeabi_cdrcmple)
                  00002c48    00000084     msp432p4xx_driverlib.lib : gpio.o (.text:GPIO_getEnabledInterruptStatus)
                  00002ccc    0000007a     rtsv7M4_T_le_v4SPD16_eabi.lib : memset_t2.asm.obj (.text)
                  00002d46    00000002     --HOLE-- [fill = 0]
                  00002d48    00000078     system_msp432p401r.obj (.text:SystemInit)
                  00002dc0    00000074     msp432p4xx_driverlib.lib : timer_a.o (.text:Timer_A_generatePWM)
                  00002e34    00000074     rtsv7M4_T_le_v4SPD16_eabi.lib : fclose.c.obj (.text:__TI_closefile)
                  00002ea8    00000070                                   : memory.c.obj (.text:split)
                  00002f18    0000006e                                   : _printfi.c.obj (.text:_mcpy)
                  00002f86    00000002     --HOLE-- [fill = 0]
                  00002f88    0000006c                                   : hostrename.c.obj (.text:HOSTrename)
                  00002ff4    00000068                                   : hostlseek.c.obj (.text:HOSTlseek)
                  0000305c    00000068                                   : copy_decompress_lzss.c.obj (.text:decompress:lzss:__TI_decompress_lzss)
                  000030c4    00000068                                   : printf.c.obj (.text:printf)
                  0000312c    00000064     msp432p4xx_driverlib.lib : uart.o (.text:UART_getEnabledInterruptStatus)
                  00003190    00000064     rtsv7M4_T_le_v4SPD16_eabi.lib : s_frexp.c.obj (.text:frexp)
                  000031f4    00000064                                   : fseek.c.obj (.text:fseek)
                  00003258    00000062                                   : _io_perm.c.obj (.text:__TI_wrt_ok)
                  000032ba    00000002     --HOLE-- [fill = 0]
                  000032bc    00000060     ESP8266.obj (.text:ESP8266_ChangeMode1)
                  0000331c    00000060     rtsv7M4_T_le_v4SPD16_eabi.lib : hostopen.c.obj (.text:HOSTopen)
                  0000337c    0000005e     msp432p4xx_driverlib.lib : pcm.o (.text:PCM_getCoreVoltageLevel)
                  000033da    00000002     --HOLE-- [fill = 0]
                  000033dc    0000005c     rtsv7M4_T_le_v4SPD16_eabi.lib : close.c.obj (.text:close)
                  00003438    0000005a     msp432p4xx_driverlib.lib : pcm.o (.text:PCM_getPowerMode)
                  00003492    00000002     --HOLE-- [fill = 0]
                  00003494    00000058     rtsv7M4_T_le_v4SPD16_eabi.lib : hostread.c.obj (.text:HOSTread)
                  000034ec    00000058                                   : hostwrite.c.obj (.text:HOSTwrite)
                  00003544    00000056                                   : _printfi.c.obj (.text:_pconv_f)
                  0000359a    00000054                                   : _ltoa.c.obj (.text:__TI_ltoa)
                  000035ee    00000052                                   : _printfi.c.obj (.text:_ecpy)
                  00003640    0000004c     ESP8266.obj (.text:ESP8266_SendData)
                  0000368c    0000004c     rtsv7M4_T_le_v4SPD16_eabi.lib : fflush.c.obj (.text:__TI_doflush)
                  000036d8    0000004c                                   : atoi.c.obj (.text:atoi)
                  00003724    00000048     msp432p4xx_driverlib.lib : flash.o (.text:FlashCtl_setWaitState)
                  0000376c    00000048     UART_Driver.obj (.text:UART_Flush)
                  000037b4    00000048     rtsv7M4_T_le_v4SPD16_eabi.lib : exit.c.obj (.text:exit)
                  000037fc    00000048                                   : fd_toi_t2.asm.obj (.text)
                  00003844    00000044                                   : hostclose.c.obj (.text:HOSTclose)
                  00003888    00000044                                   : hostunlink.c.obj (.text:HOSTunlink)
                  000038cc    00000044                                   : autoinit.c.obj (.text:__TI_auto_init_nobinit_nopinit:__TI_auto_init_nobinit_nopinit)
                  00003910    00000044                                   : getdevice.c.obj (.text:getdevice)
                  00003954    00000040     msp432p4xx_driverlib.lib : gpio.o (.text:GPIO_setAsOutputPin)
                  00003994    00000040     UART_Driver.obj (.text:UART_Write)
                  000039d4    00000040     rtsv7M4_T_le_v4SPD16_eabi.lib : strtok.c.obj (.text:strtok)
                  00003a14    0000003e                                   : _printfi.c.obj (.text:_fcpy)
                  00003a52    00000002     --HOLE-- [fill = 0]
                  00003a54    00000038                                   : trgmsg.c.obj (.text:__TI_writemsg)
                  00003a8c    00000036                                   : strncpy.c.obj (.text:strncpy)
                  00003ac2    00000002     --HOLE-- [fill = 0]
                  00003ac4    00000034     msp432p4xx_driverlib.lib : cs.o (.text:CS_setDCOCenteredFrequency)
                  00003af8    00000034     ESP8266.obj (.text:ESP8266_HardReset)
                  00003b2c    00000034     rtsv7M4_T_le_v4SPD16_eabi.lib : fopen.c.obj (.text:__TI_cleanup)
                  00003b60    00000034                                   : trgmsg.c.obj (.text:__TI_readmsg)
                  00003b94    00000034                                   : boot_cortex_m.c.obj (.text:_c_int00_noargs:_c_int00_noargs)
                  00003bc8    00000034                                   : strstr.c.obj (.text:strstr)
                  00003bfc    00000030                                   : getdevice.c.obj (.text:finddevice)
                  00003c2c    0000002e                                   : i_tofd_t2.asm.obj (.text)
                  00003c5a    00000002     --HOLE-- [fill = 0]
                  00003c5c    0000002c     msp432p4xx_driverlib.lib : timer_a.o (.text:Timer_A_clearCaptureCompareInterrupt)
                  00003c88    0000002c     rtsv7M4_T_le_v4SPD16_eabi.lib : unlink.c.obj (.text:unlink)
                  00003cb4    0000002a                                   : strspn.c.obj (.text:strspn)
                  00003cde    00000002     --HOLE-- [fill = 0]
                  00003ce0    00000028     msp432p4xx_driverlib.lib : gpio.o (.text:GPIO_clearInterruptFlag)
                  00003d08    00000028                              : gpio.o (.text:GPIO_setOutputHighOnPin)
                  00003d30    00000028                              : gpio.o (.text:GPIO_setOutputLowOnPin)
                  00003d58    00000028                              : pcm.o (.text:PCM_gotoLPM0)
                  00003d80    00000028     rtsv7M4_T_le_v4SPD16_eabi.lib : memory.c.obj (.text:free_list_insert)
                  00003da8    00000028                                   : lseek.c.obj (.text:lseek)
                  00003dd0    00000028                                   : write.c.obj (.text:write)
                  00003df8    00000024     msp432p4xx_driverlib.lib : gpio.o (.text:GPIO_getInterruptStatus)
                  00003e1c    00000024     rtsv7M4_T_le_v4SPD16_eabi.lib : strcspn.c.obj (.text:strcspn)
                  00003e40    00000020     main.obj (.text:PORT2_IRQHandler)
                  00003e60    00000020     rtsv7M4_T_le_v4SPD16_eabi.lib : memchr.c.obj (.text:memchr)
                  00003e80    0000001c     main.obj (.text:TA0_0_IRQHandler)
                  00003e9c    0000001c     rtsv7M4_T_le_v4SPD16_eabi.lib : memory.c.obj (.text:free_list_remove)
                  00003eb8    0000001c                                   : memccpy.c.obj (.text:memccpy)
                  00003ed4    0000001a                                   : s_copysign.c.obj (.text:copysign)
                  00003eee    00000018     msp432p4xx_driverlib.lib : uart.o (.text:UART_getInterruptStatus)
                  00003f06    00000018     rtsv7M4_T_le_v4SPD16_eabi.lib : strcmp.c.obj (.text:strcmp)
                  00003f1e    00000016                                   : strchr.c.obj (.text:strchr)
                  00003f34    00000014     msp432p4xx_driverlib.lib : pcm.o (.text:PCM_getPowerState)
                  00003f48    00000014     rtsv7M4_T_le_v4SPD16_eabi.lib : strcpy.c.obj (.text:strcpy)
                  00003f5c    00000014                                   : strlen.c.obj (.text:strlen)
                  00003f70    00000012                                   : wcslen.c.obj (.text:wcslen)
                  00003f82    00000010     msp432p4xx_driverlib.lib : pcm.o (.text:PCM_setCoreVoltageLevel)
                  00003f92    00000010                              : pcm.o (.text:PCM_setPowerMode)
                  00003fa2    0000000e     rtsv7M4_T_le_v4SPD16_eabi.lib : copy_decompress_none.c.obj (.text:decompress:none:__TI_decompress_none)
                  00003fb0    0000000c     startup_msp432p401r_ccs.obj (.text:Reset_Handler)
                  00003fbc    0000000c     rtsv7M4_T_le_v4SPD16_eabi.lib : copy_zero_init.c.obj (.text:decompress:ZI:__TI_zero_init)
                  00003fc8    00000008     ESP8266.obj (.text:ESP8266_GetBuffer)
                  00003fd0    00000008     rtsv7M4_T_le_v4SPD16_eabi.lib : errno.c.obj (.text:__aeabi_errno_addr)
                  00003fd8    00000008                                   : memory.c.obj (.text:malloc)
                  00003fe0    00000004     msp432p4xx_driverlib.lib : cpu.o (.text:CPU_wfi)
                  00003fe4    00000004     rtsv7M4_T_le_v4SPD16_eabi.lib : printf.c.obj (.text:_outc)
                  00003fe8    00000004                                   : printf.c.obj (.text:_outs)
                  00003fec    00000004                                   : pre_init.c.obj (.text:_system_pre_init)
                  00003ff0    00000004                                   : exit.c.obj (.text:abort:abort)

.const     0    00003ff4    0000013d     
                  00003ff4    00000101     rtsv7M4_T_le_v4SPD16_eabi.lib : ctype.c.obj (.const:.string:_ctypes_)
                  000040f5    00000003     --HOLE-- [fill = 0]
                  000040f8    00000030     msp432p4xx_driverlib.lib : gpio.o (.const:GPIO_PORT_TO_BASE)
                  00004128    00000009     main.obj (.const:.string:$P$T0$1)

.cinit     0    00004138    000000b8     
                  00004138    0000008f     (.cinit..data.load) [load image, compression = lzss]
                  000041c7    00000001     --HOLE-- [fill = 0]
                  000041c8    0000000c     (__TI_handler_table)
                  000041d4    00000004     --HOLE-- [fill = 0]
                  000041d8    00000008     (.cinit..bss.load) [load image, compression = zero_init]
                  000041e0    00000010     (__TI_cinit_table)

.init_array 
*          0    00000000    00000000     UNINITIALIZED

.binit     0    00000000    00000000     

.bss       0    20000000    000019e0     UNINITIALIZED
                  20000000    00000800     (.common:ESP8266_Buffer)
                  20000800    00000800     (.common:UARTA0Data)
                  20001000    00000800     (.common:UARTA2Data)
                  20001800    00000120     rtsv7M4_T_le_v4SPD16_eabi.lib : trgmsg.c.obj (.bss:_CIOBUF_)
                  20001920    000000a0     (.common:__TI_tmpnams)
                  200019c0    00000008     (.common:parmbuf)
                  200019c8    00000004     (.common:SR04IntTimes)
                  200019cc    00000004     (.common:UARTA0ReadIndex)
                  200019d0    00000004     (.common:UARTA0WriteIndex)
                  200019d4    00000004     (.common:UARTA2ReadIndex)
                  200019d8    00000004     (.common:UARTA2WriteIndex)
                  200019dc    00000004     (.common:instructionBuffer)

.sysmem    0    200019e0    00000800     UNINITIALIZED
                  200019e0    00000010     rtsv7M4_T_le_v4SPD16_eabi.lib : memory.c.obj (.sysmem)
                  200019f0    000007f0     --HOLE--

.data      0    200021e0    00000258     UNINITIALIZED
                  200021e0    000000f0     rtsv7M4_T_le_v4SPD16_eabi.lib : defs.c.obj (.data:_ftable)
                  200022d0    00000078                                   : host_device.c.obj (.data:_device)
                  20002348    00000050                                   : host_device.c.obj (.data:_stream)
                  20002398    00000028     main.obj (.data:UART2Config)
                  200023c0    00000018     main.obj (.data:pwmConfig2)
                  200023d8    00000018     main.obj (.data:pwmConfig)
                  200023f0    00000011     main.obj (.data)
                  20002401    00000001     UART_Driver.obj (.data)
                  20002402    00000002     --HOLE--
                  20002404    00000010     rtsv7M4_T_le_v4SPD16_eabi.lib : defs.c.obj (.data)
                  20002414    0000000c                                   : exit.c.obj (.data:$O1$$)
                  20002420    00000008                                   : _lock.c.obj (.data:$O1$$)
                  20002428    00000008                                   : memory.c.obj (.data:$O1$$)
                  20002430    00000004                                   : errno.c.obj (.data)
                  20002434    00000004                                   : strtok.c.obj (.data)

.stack     0    2000fe00    00000200     UNINITIALIZED
                  2000fe00    00000004     rtsv7M4_T_le_v4SPD16_eabi.lib : boot_cortex_m.c.obj (.stack)
                  2000fe04    000001fc     --HOLE--

__llvm_prf_cnts 
*          0    20000000    00000000     UNINITIALIZED

MODULE SUMMARY

       Module                        code    ro data   rw data
       ------                        ----    -------   -------
    ./
       ESP8266.obj                   588     0         12320  
       main.obj                      1284    9         226    
       UART_Driver.obj               956     0         2      
       system_msp432p401r.obj        120     0         0      
    +--+-----------------------------+-------+---------+---------+
       Total:                        2948    9         12548  
                                                              
    ./ccs/
       startup_msp432p401r_ccs.obj   14      228       0      
    +--+-----------------------------+-------+---------+---------+
       Total:                        14      228       0      
                                                              
    /Applications/ti/ccs1100/ccs/tools/compiler/ti-cgt-arm_20.2.5.LTS/lib/rtsv7M4_T_le_v4SPD16_eabi.lib
       _printfi.c.obj                4851    0         0      
       defs.c.obj                    0       0         832    
       memory.c.obj                  672     0         16     
       trgmsg.c.obj                  108     0         576    
       fd_add_t2.asm.obj             438     0         0      
       host_device.c.obj             0       0         400    
       fd_div_t2.asm.obj             310     0         0      
       fputs.c.obj                   276     0         0      
       s_scalbn.c.obj                272     0         0      
       fd_cmp_t2.asm.obj             268     0         0      
       ctype.c.obj                   0       257       0      
       fd_mul_t2.asm.obj             252     0         0      
       setvbuf.c.obj                 220     0         0      
       memcpy_t2.asm.obj             156     0         0      
       ull_div_t2.asm.obj            150     0         0      
       fputc.c.obj                   140     0         0      
       memset_t2.asm.obj             122     0         0      
       fclose.c.obj                  116     0         0      
       getdevice.c.obj               116     0         0      
       hostopen.c.obj                96      0         16     
       printf.c.obj                  112     0         0      
       hostrename.c.obj              108     0         0      
       copy_decompress_lzss.c.obj    104     0         0      
       hostlseek.c.obj               104     0         0      
       exit.c.obj                    76      0         24     
       fseek.c.obj                   100     0         0      
       s_frexp.c.obj                 100     0         0      
       _io_perm.c.obj                98      0         0      
       close.c.obj                   92      0         0      
       hostread.c.obj                88      0         0      
       hostwrite.c.obj               88      0         0      
       _ltoa.c.obj                   84      0         0      
       atoi.c.obj                    76      0         0      
       fflush.c.obj                  76      0         0      
       fd_toi_t2.asm.obj             72      0         0      
       strtok.c.obj                  64      0         8      
       autoinit.c.obj                68      0         0      
       hostclose.c.obj               68      0         0      
       hostunlink.c.obj              68      0         0      
       strncpy.c.obj                 54      0         0      
       boot_cortex_m.c.obj           52      0         0      
       fopen.c.obj                   52      0         0      
       strstr.c.obj                  52      0         0      
       i_tofd_t2.asm.obj             46      0         0      
       unlink.c.obj                  44      0         0      
       strspn.c.obj                  42      0         0      
       lseek.c.obj                   40      0         0      
       write.c.obj                   40      0         0      
       strcspn.c.obj                 36      0         0      
       memchr.c.obj                  32      0         0      
       memccpy.c.obj                 28      0         0      
       s_copysign.c.obj              26      0         0      
       strcmp.c.obj                  24      0         0      
       strchr.c.obj                  22      0         0      
       strcpy.c.obj                  20      0         0      
       strlen.c.obj                  20      0         0      
       _lock.c.obj                   2       0         16     
       wcslen.c.obj                  18      0         0      
       errno.c.obj                   8       0         8      
       copy_decompress_none.c.obj    14      0         0      
       copy_zero_init.c.obj          12      0         0      
       pre_init.c.obj                4       0         0      
       div0.asm.obj                  2       0         0      
    +--+-----------------------------+-------+---------+---------+
       Total:                        10899   257       1896   
                                                              
    /Applications/ti/simplelink_msp432p4_sdk_3_40_01_02/source/ti/devices/msp432p4xx/driverlib/ccs/msp432p4xx_driverlib.lib
       pcm.o                         888     0         0      
       timer_a.o                     484     0         0      
       uart.o                        408     0         0      
       gpio.o                        352     48        0      
       flash.o                       72      0         0      
       cs.o                          52      0         0      
       cpu.o                         4       0         0      
    +--+-----------------------------+-------+---------+---------+
       Total:                        2260    48        0      
                                                              
       Heap:                         0       0         4096   
       Stack:                        0       0         1024   
       Linker Generated:             0       179       0      
    +--+-----------------------------+-------+---------+---------+
       Grand Total:                  16121   721       19564  


LINKER GENERATED COPY TABLES

__TI_cinit_table @ 000041e0 records: 2, size/record: 8, table size: 16
	.data: load addr=00004138, load size=0000008f bytes, run addr=200021e0, run size=00000258 bytes, compression=lzss
	.bss: load addr=000041d8, load size=00000008 bytes, run addr=20000000, run size=000019e0 bytes, compression=zero_init


LINKER GENERATED HANDLER TABLE

__TI_handler_table @ 000041c8 records: 3, size/record: 4, table size: 12
	index: 0, handler: __TI_decompress_lzss
	index: 1, handler: __TI_decompress_none
	index: 2, handler: __TI_zero_init


GLOBAL SYMBOLS: SORTED ALPHABETICALLY BY Name 

address   name                                
-------   ----                                
00000b33  ADC14_IRQHandler                    
00000b33  AES256_IRQHandler                   
00000b33  BusFault_Handler                    
00003ff1  C$$EXIT                             
00003a83  C$$IO$$                             
00000b33  COMP_E0_IRQHandler                  
00000b33  COMP_E1_IRQHandler                  
00003fe1  CPU_wfi                             
00000b33  CS_IRQHandler                       
00003ac5  CS_setDCOCenteredFrequency          
00000b33  DMA_ERR_IRQHandler                  
00000b33  DMA_INT0_IRQHandler                 
00000b33  DMA_INT1_IRQHandler                 
00000b33  DMA_INT2_IRQHandler                 
00000b33  DMA_INT3_IRQHandler                 
00000b33  DebugMon_Handler                    
00000b33  Default_Handler                     
20000000  ESP8266_Buffer                      
000032bd  ESP8266_ChangeMode1                 
000026c9  ESP8266_EstablishConnection         
00003fc9  ESP8266_GetBuffer                   
00003af9  ESP8266_HardReset                   
00003641  ESP8266_SendData                    
00002a25  ESP8266_WaitForAnswer               
00000b33  EUSCIA0_IRQHandler                  
00000b33  EUSCIA1_IRQHandler                  
00002855  EUSCIA2_IRQHandler                  
00002855  EUSCIA2_IRQHandler                  
00000b33  EUSCIA3_IRQHandler                  
00000b33  EUSCIB0_IRQHandler                  
00000b33  EUSCIB1_IRQHandler                  
00000b33  EUSCIB2_IRQHandler                  
00000b33  EUSCIB3_IRQHandler                  
00000b33  FLCTL_IRQHandler                    
00000b33  FPU_IRQHandler                      
00003725  FlashCtl_setWaitState               
00003ce1  GPIO_clearInterruptFlag             
00002c49  GPIO_getEnabledInterruptStatus      
00003df9  GPIO_getInterruptStatus             
00003955  GPIO_setAsOutputPin                 
00003d09  GPIO_setOutputHighOnPin             
00003d31  GPIO_setOutputLowOnPin              
00003845  HOSTclose                           
00002ff5  HOSTlseek                           
0000331d  HOSTopen                            
00003495  HOSTread                            
00002f89  HOSTrename                          
00003889  HOSTunlink                          
000034ed  HOSTwrite                           
00000b33  HardFault_Handler                   
00000b33  MemManage_Handler                   
00000b33  NMI_Handler                         
00000b33  PCM_IRQHandler                      
0000337d  PCM_getCoreVoltageLevel             
00003439  PCM_getPowerMode                    
00003f35  PCM_getPowerState                   
00003d59  PCM_gotoLPM0                        
00003f83  PCM_setCoreVoltageLevel             
00003f93  PCM_setPowerMode                    
00001671  PORT1_IRQHandler                    
00001671  PORT1_IRQHandler                    
00003e41  PORT2_IRQHandler                    
00003e41  PORT2_IRQHandler                    
00000b33  PORT3_IRQHandler                    
00000b33  PORT4_IRQHandler                    
00000b33  PORT5_IRQHandler                    
00000b33  PORT6_IRQHandler                    
00000b33  PSS_IRQHandler                      
00000b33  PendSV_Handler                      
00000b33  RTC_C_IRQHandler                    
00003fb1  Reset_Handler                       
200019c8  SR04IntTimes                        
00000b33  SVC_Handler                         
00000b33  SysTick_Handler                     
00002d49  SystemInit                          
00000b33  T32_INT1_IRQHandler                 
00000b33  T32_INT2_IRQHandler                 
00000b33  T32_INTC_IRQHandler                 
00003e81  TA0_0_IRQHandler                    
00003e81  TA0_0_IRQHandler                    
00000b33  TA0_N_IRQHandler                    
00000b33  TA1_0_IRQHandler                    
00000b33  TA1_N_IRQHandler                    
00000b33  TA2_0_IRQHandler                    
00000b33  TA2_N_IRQHandler                    
00000b33  TA3_0_IRQHandler                    
00000b33  TA3_N_IRQHandler                    
00003c5d  Timer_A_clearCaptureCompareInterrupt
00002dc1  Timer_A_generatePWM                 
20002398  UART2Config                         
20000800  UARTA0Data                          
200019cc  UARTA0ReadIndex                     
200019d0  UARTA0WriteIndex                    
20001000  UARTA2Data                          
200019d4  UARTA2ReadIndex                     
200019d8  UARTA2WriteIndex                    
0000376d  UART_Flush                          
00001519  UART_Printf                         
00001909  UART_Read                           
00003995  UART_Write                          
0000312d  UART_getEnabledInterruptStatus      
00003eef  UART_getInterruptStatus             
00001de1  UART_initModule                     
00000b33  UsageFault_Handler                  
4000480c  WDTCTL_SYM                          
00000b33  WDT_A_IRQHandler                    
20001800  __CIOBUF_                           
20010000  __STACK_END                         
00000200  __STACK_SIZE                        
00000800  __SYSMEM_SIZE                       
000041e0  __TI_CINIT_Base                     
000041f0  __TI_CINIT_Limit                    
000041c8  __TI_Handler_Table_Base             
000041d4  __TI_Handler_Table_Limit            
000038cd  __TI_auto_init_nobinit_nopinit      
00003b2d  __TI_cleanup                        
20002414  __TI_cleanup_ptr                    
00002e35  __TI_closefile                      
0000305d  __TI_decompress_lzss                
00003fa3  __TI_decompress_none                
0000368d  __TI_doflush                        
20002418  __TI_dtors_ptr                      
2000241c  __TI_enable_exit_profile_output     
20002404  __TI_ft_end                         
0000359b  __TI_ltoa                           
ffffffff  __TI_pprof_out_hndl                 
000000e5  __TI_printfi                        
ffffffff  __TI_prof_data_size                 
ffffffff  __TI_prof_data_start                
00003b61  __TI_readmsg                        
00000000  __TI_static_base__                  
20001920  __TI_tmpnams                        
00003a55  __TI_writemsg                       
00003259  __TI_wrt_ok                         
00003fbd  __TI_zero_init                      
00002b3d  __aeabi_cdcmpeq                     
00002b3d  __aeabi_cdcmple                     
00002bc3  __aeabi_cdrcmple                    
000037fd  __aeabi_d2iz                        
0000120f  __aeabi_dadd                        
00001b85  __aeabi_ddiv                        
00002329  __aeabi_dmul                        
00001205  __aeabi_dsub                        
00003fd1  __aeabi_errno_addr                  
00003c2d  __aeabi_i2d                         
00001cbb  __aeabi_idiv0                       
00001cbb  __aeabi_ldiv0                       
00002ccd  __aeabi_memclr                      
00002ccd  __aeabi_memclr4                     
00002ccd  __aeabi_memclr8                     
000028f1  __aeabi_memcpy                      
000028f1  __aeabi_memcpy4                     
000028f1  __aeabi_memcpy8                     
00002ccf  __aeabi_memset                      
00002ccf  __aeabi_memset4                     
00002ccf  __aeabi_memset8                     
20002410  __aeabi_stderr                      
20002408  __aeabi_stdin                       
2000240c  __aeabi_stdout                      
0000298d  __aeabi_uldivmod                    
ffffffff  __binit__                           
ffffffff  __c_args__                          
UNDEFED   __mpu_init                          
2000fe00  __stack                             
20000000  __start___llvm_prf_cnts             
20000000  __stop___llvm_prf_cnts              
00003b95  _c_int00_noargs                     
00003ff4  _ctypes_                            
200022d0  _device                             
200021e0  _ftable                             
20002420  _lock                               
000013bb  _nop                                
20002348  _stream                             
200019e0  _sys_memory                         
UNDEFED   _system_post_cinit                  
00003fed  _system_pre_init                    
20002424  _unlock                             
00003ff1  abort                               
00002229  aligned_alloc                       
000036d9  atoi                                
ffffffff  binit                               
000033dd  close                               
00003ed5  copysign                            
00003ed5  copysignl                           
200023f0  engineState                         
20002430  errno                               
000037b5  exit                                
00003bfd  finddevice                          
00002ab1  fputc                               
00001efd  fputs                               
00002425  free                                
00003191  frexp                               
00003191  frexpl                              
000031f5  fseek                               
00003911  getdevice                           
200019dc  instructionBuffer                   
00000000  interruptVectors                    
00002011  ldexp                               
00002011  ldexpl                              
00003da9  lseek                               
00000b35  main                                
00003fd9  malloc                              
00002229  memalign                            
00003eb9  memccpy                             
00003e61  memchr                              
000028f1  memcpy                              
00002cd5  memset                              
200023f4  notchesDetected                     
200019c0  parmbuf                             
000030c5  printf                              
00002ab1  putc                                
200023d8  pwmConfig                           
200023c0  pwmConfig2                          
00003c89  remove                              
00002011  scalbn                              
00002011  scalbnl                             
00002509  setWheelDirection                   
000025ed  setvbuf                             
200023f8  speed                               
20002401  state                               
00003f1f  strchr                              
00003f07  strcmp                              
00003f49  strcpy                              
00003e1d  strcspn                             
00003f5d  strlen                              
00003a8d  strncpy                             
00003cb5  strspn                              
00003bc9  strstr                              
000039d5  strtok                              
00003c89  unlink                              
00003f71  wcslen                              
200023fc  wheelDirection                      
20002400  wifiStatus                          
00003dd1  write                               


GLOBAL SYMBOLS: SORTED BY Symbol Address 

address   name                                
-------   ----                                
00000000  __TI_static_base__                  
00000000  interruptVectors                    
000000e5  __TI_printfi                        
00000200  __STACK_SIZE                        
00000800  __SYSMEM_SIZE                       
00000b33  ADC14_IRQHandler                    
00000b33  AES256_IRQHandler                   
00000b33  BusFault_Handler                    
00000b33  COMP_E0_IRQHandler                  
00000b33  COMP_E1_IRQHandler                  
00000b33  CS_IRQHandler                       
00000b33  DMA_ERR_IRQHandler                  
00000b33  DMA_INT0_IRQHandler                 
00000b33  DMA_INT1_IRQHandler                 
00000b33  DMA_INT2_IRQHandler                 
00000b33  DMA_INT3_IRQHandler                 
00000b33  DebugMon_Handler                    
00000b33  Default_Handler                     
00000b33  EUSCIA0_IRQHandler                  
00000b33  EUSCIA1_IRQHandler                  
00000b33  EUSCIA3_IRQHandler                  
00000b33  EUSCIB0_IRQHandler                  
00000b33  EUSCIB1_IRQHandler                  
00000b33  EUSCIB2_IRQHandler                  
00000b33  EUSCIB3_IRQHandler                  
00000b33  FLCTL_IRQHandler                    
00000b33  FPU_IRQHandler                      
00000b33  HardFault_Handler                   
00000b33  MemManage_Handler                   
00000b33  NMI_Handler                         
00000b33  PCM_IRQHandler                      
00000b33  PORT3_IRQHandler                    
00000b33  PORT4_IRQHandler                    
00000b33  PORT5_IRQHandler                    
00000b33  PORT6_IRQHandler                    
00000b33  PSS_IRQHandler                      
00000b33  PendSV_Handler                      
00000b33  RTC_C_IRQHandler                    
00000b33  SVC_Handler                         
00000b33  SysTick_Handler                     
00000b33  T32_INT1_IRQHandler                 
00000b33  T32_INT2_IRQHandler                 
00000b33  T32_INTC_IRQHandler                 
00000b33  TA0_N_IRQHandler                    
00000b33  TA1_0_IRQHandler                    
00000b33  TA1_N_IRQHandler                    
00000b33  TA2_0_IRQHandler                    
00000b33  TA2_N_IRQHandler                    
00000b33  TA3_0_IRQHandler                    
00000b33  TA3_N_IRQHandler                    
00000b33  UsageFault_Handler                  
00000b33  WDT_A_IRQHandler                    
00000b35  main                                
00001205  __aeabi_dsub                        
0000120f  __aeabi_dadd                        
000013bb  _nop                                
00001519  UART_Printf                         
00001671  PORT1_IRQHandler                    
00001671  PORT1_IRQHandler                    
00001909  UART_Read                           
00001b85  __aeabi_ddiv                        
00001cbb  __aeabi_idiv0                       
00001cbb  __aeabi_ldiv0                       
00001de1  UART_initModule                     
00001efd  fputs                               
00002011  ldexp                               
00002011  ldexpl                              
00002011  scalbn                              
00002011  scalbnl                             
00002229  aligned_alloc                       
00002229  memalign                            
00002329  __aeabi_dmul                        
00002425  free                                
00002509  setWheelDirection                   
000025ed  setvbuf                             
000026c9  ESP8266_EstablishConnection         
00002855  EUSCIA2_IRQHandler                  
00002855  EUSCIA2_IRQHandler                  
000028f1  __aeabi_memcpy                      
000028f1  __aeabi_memcpy4                     
000028f1  __aeabi_memcpy8                     
000028f1  memcpy                              
0000298d  __aeabi_uldivmod                    
00002a25  ESP8266_WaitForAnswer               
00002ab1  fputc                               
00002ab1  putc                                
00002b3d  __aeabi_cdcmpeq                     
00002b3d  __aeabi_cdcmple                     
00002bc3  __aeabi_cdrcmple                    
00002c49  GPIO_getEnabledInterruptStatus      
00002ccd  __aeabi_memclr                      
00002ccd  __aeabi_memclr4                     
00002ccd  __aeabi_memclr8                     
00002ccf  __aeabi_memset                      
00002ccf  __aeabi_memset4                     
00002ccf  __aeabi_memset8                     
00002cd5  memset                              
00002d49  SystemInit                          
00002dc1  Timer_A_generatePWM                 
00002e35  __TI_closefile                      
00002f89  HOSTrename                          
00002ff5  HOSTlseek                           
0000305d  __TI_decompress_lzss                
000030c5  printf                              
0000312d  UART_getEnabledInterruptStatus      
00003191  frexp                               
00003191  frexpl                              
000031f5  fseek                               
00003259  __TI_wrt_ok                         
000032bd  ESP8266_ChangeMode1                 
0000331d  HOSTopen                            
0000337d  PCM_getCoreVoltageLevel             
000033dd  close                               
00003439  PCM_getPowerMode                    
00003495  HOSTread                            
000034ed  HOSTwrite                           
0000359b  __TI_ltoa                           
00003641  ESP8266_SendData                    
0000368d  __TI_doflush                        
000036d9  atoi                                
00003725  FlashCtl_setWaitState               
0000376d  UART_Flush                          
000037b5  exit                                
000037fd  __aeabi_d2iz                        
00003845  HOSTclose                           
00003889  HOSTunlink                          
000038cd  __TI_auto_init_nobinit_nopinit      
00003911  getdevice                           
00003955  GPIO_setAsOutputPin                 
00003995  UART_Write                          
000039d5  strtok                              
00003a55  __TI_writemsg                       
00003a83  C$$IO$$                             
00003a8d  strncpy                             
00003ac5  CS_setDCOCenteredFrequency          
00003af9  ESP8266_HardReset                   
00003b2d  __TI_cleanup                        
00003b61  __TI_readmsg                        
00003b95  _c_int00_noargs                     
00003bc9  strstr                              
00003bfd  finddevice                          
00003c2d  __aeabi_i2d                         
00003c5d  Timer_A_clearCaptureCompareInterrupt
00003c89  remove                              
00003c89  unlink                              
00003cb5  strspn                              
00003ce1  GPIO_clearInterruptFlag             
00003d09  GPIO_setOutputHighOnPin             
00003d31  GPIO_setOutputLowOnPin              
00003d59  PCM_gotoLPM0                        
00003da9  lseek                               
00003dd1  write                               
00003df9  GPIO_getInterruptStatus             
00003e1d  strcspn                             
00003e41  PORT2_IRQHandler                    
00003e41  PORT2_IRQHandler                    
00003e61  memchr                              
00003e81  TA0_0_IRQHandler                    
00003e81  TA0_0_IRQHandler                    
00003eb9  memccpy                             
00003ed5  copysign                            
00003ed5  copysignl                           
00003eef  UART_getInterruptStatus             
00003f07  strcmp                              
00003f1f  strchr                              
00003f35  PCM_getPowerState                   
00003f49  strcpy                              
00003f5d  strlen                              
00003f71  wcslen                              
00003f83  PCM_setCoreVoltageLevel             
00003f93  PCM_setPowerMode                    
00003fa3  __TI_decompress_none                
00003fb1  Reset_Handler                       
00003fbd  __TI_zero_init                      
00003fc9  ESP8266_GetBuffer                   
00003fd1  __aeabi_errno_addr                  
00003fd9  malloc                              
00003fe1  CPU_wfi                             
00003fed  _system_pre_init                    
00003ff1  C$$EXIT                             
00003ff1  abort                               
00003ff4  _ctypes_                            
000041c8  __TI_Handler_Table_Base             
000041d4  __TI_Handler_Table_Limit            
000041e0  __TI_CINIT_Base                     
000041f0  __TI_CINIT_Limit                    
20000000  ESP8266_Buffer                      
20000000  __start___llvm_prf_cnts             
20000000  __stop___llvm_prf_cnts              
20000800  UARTA0Data                          
20001000  UARTA2Data                          
20001800  __CIOBUF_                           
20001920  __TI_tmpnams                        
200019c0  parmbuf                             
200019c8  SR04IntTimes                        
200019cc  UARTA0ReadIndex                     
200019d0  UARTA0WriteIndex                    
200019d4  UARTA2ReadIndex                     
200019d8  UARTA2WriteIndex                    
200019dc  instructionBuffer                   
200019e0  _sys_memory                         
200021e0  _ftable                             
200022d0  _device                             
20002348  _stream                             
20002398  UART2Config                         
200023c0  pwmConfig2                          
200023d8  pwmConfig                           
200023f0  engineState                         
200023f4  notchesDetected                     
200023f8  speed                               
200023fc  wheelDirection                      
20002400  wifiStatus                          
20002401  state                               
20002404  __TI_ft_end                         
20002408  __aeabi_stdin                       
2000240c  __aeabi_stdout                      
20002410  __aeabi_stderr                      
20002414  __TI_cleanup_ptr                    
20002418  __TI_dtors_ptr                      
2000241c  __TI_enable_exit_profile_output     
20002420  _lock                               
20002424  _unlock                             
20002430  errno                               
2000fe00  __stack                             
20010000  __STACK_END                         
4000480c  WDTCTL_SYM                          
ffffffff  __TI_pprof_out_hndl                 
ffffffff  __TI_prof_data_size                 
ffffffff  __TI_prof_data_start                
ffffffff  __binit__                           
ffffffff  __c_args__                          
ffffffff  binit                               
UNDEFED   __mpu_init                          
UNDEFED   _system_post_cinit                  

[234 symbols]
