******************************************************************************
                  TI ARM Linker PC v20.2.4                     
******************************************************************************
>> Linked Thu Dec  2 23:19:14 2021

OUTPUT FILE NAME:   <empty_MSP_EXP432P401R_nortos_ccs.out>
ENTRY POINT SYMBOL: "_c_int00_noargs"  address: 00002295


MEMORY CONFIGURATION

         name            origin    length      used     unused   attr    fill
----------------------  --------  ---------  --------  --------  ----  --------
  MAIN                  00000000   00040000  00002748  0003d8b8  R  X
  INFO                  00200000   00004000  00000000  00004000  R  X
  SRAM_CODE             01000000   00010000  00001ad6  0000e52a  RW X
  SRAM_DATA             20000000   00010000  00001ad6  0000e52a  RW  


SEGMENT ALLOCATION MAP

run origin  load origin   length   init length attrs members
----------  ----------- ---------- ----------- ----- -------
00000000    00000000    00002748   00002748    r-x
  00000000    00000000    000000e4   000000e4    r-- .intvecs
  000000e4    000000e4    00002584   00002584    r-x .text
  00002668    00002668    00000080   00000080    r-- .const
  000026e8    000026e8    00000060   00000060    r-- .cinit
20000000    20000000    000018d9   00000000    rw-
  20000000    20000000    00001841   00000000    rw- .bss
  20001844    20001844    00000095   00000000    rw- .data
2000fe00    2000fe00    00000200   00000000    rw-
  2000fe00    2000fe00    00000200   00000000    rw- .stack


SECTION ALLOCATION MAP

 output                                  attributes/
section   page    origin      length       input sections
--------  ----  ----------  ----------   ----------------
.intvecs   0    00000000    000000e4     
                  00000000    000000e4     startup_msp432p401r_ccs.obj (.intvecs:retain)

.text      0    000000e4    00002584     
                  000000e4    000002e4     main.obj (.text:getPIDOutput)
                  000003c8    000001c8     main.obj (.text:main)
                  00000590    0000015c     msp432p4xx_driverlib.lib : pcm.o (.text:__PCM_setPowerModeAdvanced)
                  000006ec    00000158     UART_Driver.obj (.text:UART_Printf)
                  00000844    00000144     msp432p4xx_driverlib.lib : timer_a.o (.text:privateTimer_AProcessClockSourceDivider)
                  00000988    00000140     UART_Driver.obj (.text:UART_Read)
                  00000ac8    00000136     rtsv7M4_T_le_v4SPD16_eabi.lib : fd_div_t2.asm.obj (.text)
                  00000bfe    00000002     startup_msp432p401r_ccs.obj (.text:Default_Handler)
                  00000c00    0000011c     msp432p4xx_driverlib.lib : uart.o (.text:UART_initModule)
                  00000d1c    00000108                              : pcm.o (.text:__PCM_setCoreVoltageLevelAdvanced)
                  00000e24    000000fc     rtsv7M4_T_le_v4SPD16_eabi.lib : fd_mul_t2.asm.obj (.text)
                  00000f20    000000ec     Initialise.obj (.text:Initialise_EspUART)
                  0000100c    000000ec     main.obj (.text:moveCar)
                  000010f8    000000ec     CAR_Controls.obj (.text:setWheelDirection)
                  000011e4    000000d0     main.obj (.text:clearCounters)
                  000012b4    000000cc     ESP8266.obj (.text:ESP8266_EstablishConnection)
                  00001380    0000009c     UART_Driver.obj (.text:EUSCIA2_IRQHandler)
                  0000141c    0000009c     rtsv7M4_T_le_v4SPD16_eabi.lib : memcpy_t2.asm.obj (.text)
                  000014b8    00000098     main.obj (.text:TA1_0_IRQHandler)
                  00001550    0000008c     ESP8266.obj (.text:ESP8266_WaitForAnswer)
                  000015dc    00000088     msp432p4xx_driverlib.lib : gpio.o (.text:GPIO_setAsPeripheralModuleFunctionOutputPin)
                  00001664    00000088     HCSR04.obj (.text:getHCSR04Distance)
                  000016ec    00000084     msp432p4xx_driverlib.lib : gpio.o (.text:GPIO_getEnabledInterruptStatus)
                  00001770    00000080                              : interrupt.o (.text:Interrupt_enableInterrupt)
                  000017f0    0000007a     rtsv7M4_T_le_v4SPD16_eabi.lib : memset_t2.asm.obj (.text)
                  0000186a    00000002     --HOLE-- [fill = 0]
                  0000186c    00000078     ESP8266.obj (.text:ESP8266_ConnectToAP)
                  000018e4    00000078     system_msp432p401r.obj (.text:SystemInit)
                  0000195c    00000074     msp432p4xx_driverlib.lib : timer_a.o (.text:Timer_A_generatePWM)
                  000019d0    0000006e     rtsv7M4_T_le_v4SPD16_eabi.lib : fd_tos_t2.asm.obj (.text)
                  00001a3e    00000002     --HOLE-- [fill = 0]
                  00001a40    00000068     msp432p4xx_driverlib.lib : timer_a.o (.text:Timer_A_configureUpMode)
                  00001aa8    00000068     rtsv7M4_T_le_v4SPD16_eabi.lib : copy_decompress_lzss.c.obj (.text:decompress:lzss:__TI_decompress_lzss)
                  00001b10    00000068     main.obj (.text:turnCar)
                  00001b78    00000064     Initialise.obj (.text:Initialise_IO)
                  00001bdc    00000064     msp432p4xx_driverlib.lib : uart.o (.text:UART_getEnabledInterruptStatus)
                  00001c40    0000005e                              : pcm.o (.text:PCM_getCoreVoltageLevel)
                  00001c9e    00000002     --HOLE-- [fill = 0]
                  00001ca0    0000005c     HCSR04.obj (.text:Initalise_HCSR04)
                  00001cfc    0000005a     msp432p4xx_driverlib.lib : pcm.o (.text:PCM_getPowerMode)
                  00001d56    00000002     --HOLE-- [fill = 0]
                  00001d58    00000058                              : gpio.o (.text:GPIO_setAsInputPinWithPullDownResistor)
                  00001db0    00000058                              : gpio.o (.text:GPIO_setAsInputPinWithPullUpResistor)
                  00001e08    00000058     Initialise.obj (.text:Initialise_CarMotor)
                  00001e60    00000054     ESP8266.obj (.text:ESP8266_ChangeMode1)
                  00001eb4    00000050     main.obj (.text:stopCar)
                  00001f04    0000004c     ESP8266.obj (.text:ESP8266_SendData)
                  00001f50    0000004c     msp432p4xx_driverlib.lib : timer_a.o (.text:Timer_A_getCounterValue)
                  00001f9c    00000048                              : flash.o (.text:FlashCtl_setWaitState)
                  00001fe4    00000048     Initialise.obj (.text:Initialise_Encoder)
                  0000202c    00000048     UART_Driver.obj (.text:UART_Flush)
                  00002074    00000044     rtsv7M4_T_le_v4SPD16_eabi.lib : autoinit.c.obj (.text:__TI_auto_init_nobinit_nopinit:__TI_auto_init_nobinit_nopinit)
                  000020b8    00000040     msp432p4xx_driverlib.lib : gpio.o (.text:GPIO_setAsOutputPin)
                  000020f8    00000040     main.obj (.text:PORT2_IRQHandler)
                  00002138    00000040     UART_Driver.obj (.text:UART_Write)
                  00002178    00000040     rtsv7M4_T_le_v4SPD16_eabi.lib : strtok.c.obj (.text:strtok)
                  000021b8    0000003c     msp432p4xx_driverlib.lib : gpio.o (.text:GPIO_interruptEdgeSelect)
                  000021f4    00000038     HCSR04.obj (.text:getHCSR04Time)
                  0000222c    00000034     msp432p4xx_driverlib.lib : cs.o (.text:CS_setDCOCenteredFrequency)
                  00002260    00000034     ESP8266.obj (.text:ESP8266_HardReset)
                  00002294    00000034     rtsv7M4_T_le_v4SPD16_eabi.lib : boot_cortex_m.c.obj (.text:_c_int00_noargs:_c_int00_noargs)
                  000022c8    00000034                                   : strstr.c.obj (.text:strstr)
                  000022fc    00000030     msp432p4xx_driverlib.lib : gpio.o (.text:GPIO_getInputPinValue)
                  0000232c    0000002c                              : timer_a.o (.text:Timer_A_clearCaptureCompareInterrupt)
                  00002358    0000002a     rtsv7M4_T_le_v4SPD16_eabi.lib : strspn.c.obj (.text:strspn)
                  00002382    00000002     --HOLE-- [fill = 0]
                  00002384    00000028     msp432p4xx_driverlib.lib : gpio.o (.text:GPIO_clearInterruptFlag)
                  000023ac    00000028                              : gpio.o (.text:GPIO_enableInterrupt)
                  000023d4    00000028                              : gpio.o (.text:GPIO_setOutputHighOnPin)
                  000023fc    00000028                              : gpio.o (.text:GPIO_setOutputLowOnPin)
                  00002424    00000028                              : gpio.o (.text:GPIO_toggleOutputOnPin)
                  0000244c    00000028                              : pcm.o (.text:PCM_gotoLPM0)
                  00002474    00000024     HCSR04.obj (.text:Delay)
                  00002498    00000024     msp432p4xx_driverlib.lib : gpio.o (.text:GPIO_getInterruptStatus)
                  000024bc    00000024     rtsv7M4_T_le_v4SPD16_eabi.lib : strcspn.c.obj (.text:strcspn)
                  000024e0    00000020     Initialise.obj (.text:Initialise_TimerA1)
                  00002500    00000020     rtsv7M4_T_le_v4SPD16_eabi.lib : u_tofd_t2.asm.obj (.text)
                  00002520    0000001c     HCSR04.obj (.text:TA0_0_IRQHandler)
                  0000253c    0000001a     Initialise.obj (.text:enableInterrupts)
                  00002556    00000002     --HOLE-- [fill = 0]
                  00002558    00000018     msp432p4xx_driverlib.lib : timer_a.o (.text:Timer_A_clearTimer)
                  00002570    00000018                              : uart.o (.text:UART_getInterruptStatus)
                  00002588    00000016                              : timer_a.o (.text:Timer_A_startCounter)
                  0000259e    00000002     --HOLE-- [fill = 0]
                  000025a0    00000014                              : pcm.o (.text:PCM_getPowerState)
                  000025b4    00000014                              : timer_a.o (.text:Timer_A_stopTimer)
                  000025c8    00000014     rtsv7M4_T_le_v4SPD16_eabi.lib : strcpy.c.obj (.text:strcpy)
                  000025dc    00000014                                   : strlen.c.obj (.text:strlen)
                  000025f0    00000010     msp432p4xx_driverlib.lib : interrupt.o (.text:Interrupt_enableMaster)
                  00002600    00000010                              : pcm.o (.text:PCM_setCoreVoltageLevel)
                  00002610    00000010                              : pcm.o (.text:PCM_setPowerMode)
                  00002620    0000000e     rtsv7M4_T_le_v4SPD16_eabi.lib : copy_decompress_none.c.obj (.text:decompress:none:__TI_decompress_none)
                  0000262e    0000000c     msp432p4xx_driverlib.lib : cpu.o (.text:CPU_cpsie)
                  0000263a    0000000c     startup_msp432p401r_ccs.obj (.text:Reset_Handler)
                  00002646    0000000c     rtsv7M4_T_le_v4SPD16_eabi.lib : copy_zero_init.c.obj (.text:decompress:ZI:__TI_zero_init)
                  00002652    00000002     --HOLE-- [fill = 0]
                  00002654    00000008     ESP8266.obj (.text:ESP8266_GetBuffer)
                  0000265c    00000004     msp432p4xx_driverlib.lib : cpu.o (.text:CPU_wfi)
                  00002660    00000004     rtsv7M4_T_le_v4SPD16_eabi.lib : pre_init.c.obj (.text:_system_pre_init)
                  00002664    00000004                                   : exit.c.obj (.text:abort:abort)

.const     0    00002668    00000080     
                  00002668    00000030     msp432p4xx_driverlib.lib : gpio.o (.const:GPIO_PORT_TO_BASE)
                  00002698    00000018     HCSR04.obj (.const:$P$T0$1)
                  000026b0    00000018     Initialise.obj (.const:upConfigEncoder)
                  000026c8    0000000b     main.obj (.const:.string:$P$T0$1)
                  000026d3    0000000b     main.obj (.const:.string:$P$T1$2)
                  000026de    00000002     --HOLE-- [fill = 0]
                  000026e0    00000008     msp432p4xx_driverlib.lib : interrupt.o (.const:g_pulEnRegs)

.cinit     0    000026e8    00000060     
                  000026e8    0000003b     (.cinit..data.load) [load image, compression = lzss]
                  00002723    00000001     --HOLE-- [fill = 0]
                  00002724    0000000c     (__TI_handler_table)
                  00002730    00000008     (.cinit..bss.load) [load image, compression = zero_init]
                  00002738    00000010     (__TI_cinit_table)

.init_array 
*          0    00000000    00000000     UNINITIALIZED

.binit     0    00000000    00000000     

.bss       0    20000000    00001841     UNINITIALIZED
                  20000000    00000800     (.common:ESP8266_Buffer)
                  20000800    00000800     (.common:UARTA0Data)
                  20001000    00000800     (.common:UARTA2Data)
                  20001800    00000004     (.common:SR04IntTimes)
                  20001804    00000004     (.common:UARTA0ReadIndex)
                  20001808    00000004     (.common:UARTA0WriteIndex)
                  2000180c    00000004     (.common:UARTA2ReadIndex)
                  20001810    00000004     (.common:UARTA2WriteIndex)
                  20001814    00000004     (.common:derivativeL)
                  20001818    00000004     (.common:derivativeR)
                  2000181c    00000004     (.common:errorTl)
                  20001820    00000004     (.common:errorTr)
                  20001824    00000004     (.common:instructionBuffer)
                  20001828    00000004     (.common:integralL)
                  2000182c    00000004     (.common:integralR)
                  20001830    00000004     (.common:lastErrorL)
                  20001834    00000004     (.common:lastErrorR)
                  20001838    00000004     (.common:proportionL)
                  2000183c    00000004     (.common:proportionR)
                  20001840    00000001     (.common:wifiState)

.data      0    20001844    00000095     UNINITIALIZED
                  20001844    00000034     main.obj (.data)
                  20001878    00000028     Initialise.obj (.data:UART2Config)
                  200018a0    00000018     main.obj (.data:pwmConfig2)
                  200018b8    00000018     main.obj (.data:pwmConfig)
                  200018d0    00000004     CAR_Controls.obj (.data)
                  200018d4    00000004     rtsv7M4_T_le_v4SPD16_eabi.lib : strtok.c.obj (.data)
                  200018d8    00000001     UART_Driver.obj (.data)

.stack     0    2000fe00    00000200     UNINITIALIZED
                  2000fe00    00000004     rtsv7M4_T_le_v4SPD16_eabi.lib : boot_cortex_m.c.obj (.stack)
                  2000fe04    000001fc     --HOLE--

__llvm_prf_cnts 
*          0    20000000    00000000     UNINITIALIZED

MODULE SUMMARY

       Module                        code   ro data   rw data
       ------                        ----   -------   -------
    .\
       ESP8266.obj                   684    0         12320  
       main.obj                      2040   22        290    
       UART_Driver.obj               956    0         2      
       Initialise.obj                554    24        80     
       HCSR04.obj                    348    24        8      
       CAR_Controls.obj              236    0         8      
       system_msp432p401r.obj        120    0         0      
    +--+-----------------------------+------+---------+---------+
       Total:                        4938   70        12708  
                                                             
    .\ccs\
       startup_msp432p401r_ccs.obj   14     228       0      
    +--+-----------------------------+------+---------+---------+
       Total:                        14     228       0      
                                                             
    C:/ti/simplelink_msp432p4_sdk_3_40_01_02/source/ti/devices/msp432p4xx/driverlib/ccs/msp432p4xx_driverlib.lib
       gpio.o                        852    48        0      
       pcm.o                         888    0         0      
       timer_a.o                     730    0         0      
       uart.o                        408    0         0      
       interrupt.o                   144    8         0      
       flash.o                       72     0         0      
       cs.o                          52     0         0      
       cpu.o                         16     0         0      
    +--+-----------------------------+------+---------+---------+
       Total:                        3162   56        0      
                                                             
    C:\ti\ti-cgt-arm_20.2.4.LTS\lib\rtsv7M4_T_le_v4SPD16_eabi.lib
       fd_div_t2.asm.obj             310    0         0      
       fd_mul_t2.asm.obj             252    0         0      
       memcpy_t2.asm.obj             156    0         0      
       memset_t2.asm.obj             122    0         0      
       fd_tos_t2.asm.obj             110    0         0      
       copy_decompress_lzss.c.obj    104    0         0      
       strtok.c.obj                  64     0         8      
       autoinit.c.obj                68     0         0      
       boot_cortex_m.c.obj           52     0         0      
       strstr.c.obj                  52     0         0      
       strspn.c.obj                  42     0         0      
       strcspn.c.obj                 36     0         0      
       u_tofd_t2.asm.obj             32     0         0      
       strcpy.c.obj                  20     0         0      
       strlen.c.obj                  20     0         0      
       copy_decompress_none.c.obj    14     0         0      
       copy_zero_init.c.obj          12     0         0      
       exit.c.obj                    4      0         0      
       pre_init.c.obj                4      0         0      
    +--+-----------------------------+------+---------+---------+
       Total:                        1474   0         8      
                                                             
       Stack:                        0      0         1024   
       Linker Generated:             0      95        0      
    +--+-----------------------------+------+---------+---------+
       Grand Total:                  9588   449       13740  


LINKER GENERATED COPY TABLES

__TI_cinit_table @ 00002738 records: 2, size/record: 8, table size: 16
	.data: load addr=000026e8, load size=0000003b bytes, run addr=20001844, run size=00000095 bytes, compression=lzss
	.bss: load addr=00002730, load size=00000008 bytes, run addr=20000000, run size=00001841 bytes, compression=zero_init


LINKER GENERATED HANDLER TABLE

__TI_handler_table @ 00002724 records: 3, size/record: 4, table size: 12
	index: 0, handler: __TI_decompress_lzss
	index: 1, handler: __TI_decompress_none
	index: 2, handler: __TI_zero_init


GLOBAL SYMBOLS: SORTED ALPHABETICALLY BY Name 

address   name                                       
-------   ----                                       
00000bff  ADC14_IRQHandler                           
00000bff  AES256_IRQHandler                          
00000bff  BusFault_Handler                           
00002665  C$$EXIT                                    
00000bff  COMP_E0_IRQHandler                         
00000bff  COMP_E1_IRQHandler                         
0000262f  CPU_cpsie                                  
0000265d  CPU_wfi                                    
00000bff  CS_IRQHandler                              
0000222d  CS_setDCOCenteredFrequency                 
00000bff  DMA_ERR_IRQHandler                         
00000bff  DMA_INT0_IRQHandler                        
00000bff  DMA_INT1_IRQHandler                        
00000bff  DMA_INT2_IRQHandler                        
00000bff  DMA_INT3_IRQHandler                        
00000bff  DebugMon_Handler                           
00000bff  Default_Handler                            
20000000  ESP8266_Buffer                             
00001e61  ESP8266_ChangeMode1                        
0000186d  ESP8266_ConnectToAP                        
000012b5  ESP8266_EstablishConnection                
00002655  ESP8266_GetBuffer                          
00002261  ESP8266_HardReset                          
00001f05  ESP8266_SendData                           
00001551  ESP8266_WaitForAnswer                      
00000bff  EUSCIA0_IRQHandler                         
00000bff  EUSCIA1_IRQHandler                         
00001381  EUSCIA2_IRQHandler                         
00001381  EUSCIA2_IRQHandler                         
00000bff  EUSCIA3_IRQHandler                         
00000bff  EUSCIB0_IRQHandler                         
00000bff  EUSCIB1_IRQHandler                         
00000bff  EUSCIB2_IRQHandler                         
00000bff  EUSCIB3_IRQHandler                         
00000bff  FLCTL_IRQHandler                           
00000bff  FPU_IRQHandler                             
00001f9d  FlashCtl_setWaitState                      
00002385  GPIO_clearInterruptFlag                    
000023ad  GPIO_enableInterrupt                       
000016ed  GPIO_getEnabledInterruptStatus             
000022fd  GPIO_getInputPinValue                      
00002499  GPIO_getInterruptStatus                    
000021b9  GPIO_interruptEdgeSelect                   
00001d59  GPIO_setAsInputPinWithPullDownResistor     
00001db1  GPIO_setAsInputPinWithPullUpResistor       
000020b9  GPIO_setAsOutputPin                        
000015dd  GPIO_setAsPeripheralModuleFunctionOutputPin
000023d5  GPIO_setOutputHighOnPin                    
000023fd  GPIO_setOutputLowOnPin                     
00002425  GPIO_toggleOutputOnPin                     
00000bff  HardFault_Handler                          
00001ca1  Initalise_HCSR04                           
00001e09  Initialise_CarMotor                        
00001fe5  Initialise_Encoder                         
00000f21  Initialise_EspUART                         
00001b79  Initialise_IO                              
000024e1  Initialise_TimerA1                         
00001771  Interrupt_enableInterrupt                  
000025f1  Interrupt_enableMaster                     
00000bff  MemManage_Handler                          
00000bff  NMI_Handler                                
00000bff  PCM_IRQHandler                             
00001c41  PCM_getCoreVoltageLevel                    
00001cfd  PCM_getPowerMode                           
000025a1  PCM_getPowerState                          
0000244d  PCM_gotoLPM0                               
00002601  PCM_setCoreVoltageLevel                    
00002611  PCM_setPowerMode                           
20001858  PIDDesiredNotches                          
00000bff  PORT1_IRQHandler                           
000020f9  PORT2_IRQHandler                           
000020f9  PORT2_IRQHandler                           
00000bff  PORT3_IRQHandler                           
00000bff  PORT4_IRQHandler                           
00000bff  PORT5_IRQHandler                           
00000bff  PORT6_IRQHandler                           
00000bff  PSS_IRQHandler                             
00000bff  PendSV_Handler                             
00000bff  RTC_C_IRQHandler                           
0000263b  Reset_Handler                              
20001800  SR04IntTimes                               
00000bff  SVC_Handler                                
00000bff  SysTick_Handler                            
000018e5  SystemInit                                 
00000bff  T32_INT1_IRQHandler                        
00000bff  T32_INT2_IRQHandler                        
00000bff  T32_INTC_IRQHandler                        
00002521  TA0_0_IRQHandler                           
00002521  TA0_0_IRQHandler                           
00000bff  TA0_N_IRQHandler                           
000014b9  TA1_0_IRQHandler                           
000014b9  TA1_0_IRQHandler                           
00000bff  TA1_N_IRQHandler                           
00000bff  TA2_0_IRQHandler                           
00000bff  TA2_N_IRQHandler                           
00000bff  TA3_0_IRQHandler                           
00000bff  TA3_N_IRQHandler                           
0000232d  Timer_A_clearCaptureCompareInterrupt       
00002559  Timer_A_clearTimer                         
00001a41  Timer_A_configureUpMode                    
0000195d  Timer_A_generatePWM                        
00001f51  Timer_A_getCounterValue                    
00002589  Timer_A_startCounter                       
000025b5  Timer_A_stopTimer                          
20001878  UART2Config                                
20000800  UARTA0Data                                 
20001804  UARTA0ReadIndex                            
20001808  UARTA0WriteIndex                           
20001000  UARTA2Data                                 
2000180c  UARTA2ReadIndex                            
20001810  UARTA2WriteIndex                           
0000202d  UART_Flush                                 
000006ed  UART_Printf                                
00000989  UART_Read                                  
00002139  UART_Write                                 
00001bdd  UART_getEnabledInterruptStatus             
00002571  UART_getInterruptStatus                    
00000c01  UART_initModule                            
00000bff  UsageFault_Handler                         
4000480c  WDTCTL_SYM                                 
00000bff  WDT_A_IRQHandler                           
20010000  __STACK_END                                
00000200  __STACK_SIZE                               
00002738  __TI_CINIT_Base                            
00002748  __TI_CINIT_Limit                           
00002724  __TI_Handler_Table_Base                    
00002730  __TI_Handler_Table_Limit                   
00002075  __TI_auto_init_nobinit_nopinit             
00001aa9  __TI_decompress_lzss                       
00002621  __TI_decompress_none                       
ffffffff  __TI_pprof_out_hndl                        
ffffffff  __TI_prof_data_size                        
ffffffff  __TI_prof_data_start                       
00000000  __TI_static_base__                         
00002647  __TI_zero_init                             
000019d1  __aeabi_d2f                                
00000ac9  __aeabi_ddiv                               
00000e25  __aeabi_dmul                               
000017f1  __aeabi_memclr                             
000017f1  __aeabi_memclr4                            
000017f1  __aeabi_memclr8                            
0000141d  __aeabi_memcpy                             
0000141d  __aeabi_memcpy4                            
0000141d  __aeabi_memcpy8                            
000017f3  __aeabi_memset                             
000017f3  __aeabi_memset4                            
000017f3  __aeabi_memset8                            
00002501  __aeabi_ui2d                               
ffffffff  __binit__                                  
ffffffff  __c_args__                                 
UNDEFED   __mpu_init                                 
2000fe00  __stack                                    
20000000  __start___llvm_prf_cnts                    
20000000  __stop___llvm_prf_cnts                     
00002295  _c_int00_noargs                            
UNDEFED   _system_post_cinit                         
00002661  _system_pre_init                           
00002665  abort                                      
ffffffff  binit                                      
000011e5  clearCounters                              
20001848  collision                                  
20001814  derivativeL                                
20001818  derivativeR                                
20001854  desiredNotches                             
0000253d  enableInterrupts                           
20001844  engineState                                
2000181c  errorTl                                    
20001820  errorTr                                    
00001665  getHCSR04Distance                          
000000e5  getPIDOutput                               
20001824  instructionBuffer                          
20001828  integralL                                  
2000182c  integralR                                  
00000000  interruptVectors                           
20001830  lastErrorL                                 
20001834  lastErrorR                                 
20001870  leftError                                  
20001850  leftNotchesDetected                        
20001868  leftRPM                                    
20001860  leftSpeed                                  
000003c9  main                                       
0000141d  memcpy                                     
000017f9  memset                                     
0000100d  moveCar                                    
20001838  proportionL                                
2000183c  proportionR                                
200018b8  pwmConfig                                  
200018a0  pwmConfig2                                 
20001874  rightError                                 
2000184c  rightNotchesDetected                       
2000186c  rightRPM                                   
20001864  rightSpeed                                 
000010f9  setWheelDirection                          
200018d8  state                                      
00001eb5  stopCar                                    
000025c9  strcpy                                     
000024bd  strcspn                                    
000025dd  strlen                                     
00002359  strspn                                     
000022c9  strstr                                     
00002179  strtok                                     
2000185c  timeSeconds                                
00001b11  turnCar                                    
000026b0  upConfigEncoder                            
200018d0  wheelDirection                             
20001840  wifiState                                  


GLOBAL SYMBOLS: SORTED BY Symbol Address 

address   name                                       
-------   ----                                       
00000000  __TI_static_base__                         
00000000  interruptVectors                           
000000e5  getPIDOutput                               
00000200  __STACK_SIZE                               
000003c9  main                                       
000006ed  UART_Printf                                
00000989  UART_Read                                  
00000ac9  __aeabi_ddiv                               
00000bff  ADC14_IRQHandler                           
00000bff  AES256_IRQHandler                          
00000bff  BusFault_Handler                           
00000bff  COMP_E0_IRQHandler                         
00000bff  COMP_E1_IRQHandler                         
00000bff  CS_IRQHandler                              
00000bff  DMA_ERR_IRQHandler                         
00000bff  DMA_INT0_IRQHandler                        
00000bff  DMA_INT1_IRQHandler                        
00000bff  DMA_INT2_IRQHandler                        
00000bff  DMA_INT3_IRQHandler                        
00000bff  DebugMon_Handler                           
00000bff  Default_Handler                            
00000bff  EUSCIA0_IRQHandler                         
00000bff  EUSCIA1_IRQHandler                         
00000bff  EUSCIA3_IRQHandler                         
00000bff  EUSCIB0_IRQHandler                         
00000bff  EUSCIB1_IRQHandler                         
00000bff  EUSCIB2_IRQHandler                         
00000bff  EUSCIB3_IRQHandler                         
00000bff  FLCTL_IRQHandler                           
00000bff  FPU_IRQHandler                             
00000bff  HardFault_Handler                          
00000bff  MemManage_Handler                          
00000bff  NMI_Handler                                
00000bff  PCM_IRQHandler                             
00000bff  PORT1_IRQHandler                           
00000bff  PORT3_IRQHandler                           
00000bff  PORT4_IRQHandler                           
00000bff  PORT5_IRQHandler                           
00000bff  PORT6_IRQHandler                           
00000bff  PSS_IRQHandler                             
00000bff  PendSV_Handler                             
00000bff  RTC_C_IRQHandler                           
00000bff  SVC_Handler                                
00000bff  SysTick_Handler                            
00000bff  T32_INT1_IRQHandler                        
00000bff  T32_INT2_IRQHandler                        
00000bff  T32_INTC_IRQHandler                        
00000bff  TA0_N_IRQHandler                           
00000bff  TA1_N_IRQHandler                           
00000bff  TA2_0_IRQHandler                           
00000bff  TA2_N_IRQHandler                           
00000bff  TA3_0_IRQHandler                           
00000bff  TA3_N_IRQHandler                           
00000bff  UsageFault_Handler                         
00000bff  WDT_A_IRQHandler                           
00000c01  UART_initModule                            
00000e25  __aeabi_dmul                               
00000f21  Initialise_EspUART                         
0000100d  moveCar                                    
000010f9  setWheelDirection                          
000011e5  clearCounters                              
000012b5  ESP8266_EstablishConnection                
00001381  EUSCIA2_IRQHandler                         
00001381  EUSCIA2_IRQHandler                         
0000141d  __aeabi_memcpy                             
0000141d  __aeabi_memcpy4                            
0000141d  __aeabi_memcpy8                            
0000141d  memcpy                                     
000014b9  TA1_0_IRQHandler                           
000014b9  TA1_0_IRQHandler                           
00001551  ESP8266_WaitForAnswer                      
000015dd  GPIO_setAsPeripheralModuleFunctionOutputPin
00001665  getHCSR04Distance                          
000016ed  GPIO_getEnabledInterruptStatus             
00001771  Interrupt_enableInterrupt                  
000017f1  __aeabi_memclr                             
000017f1  __aeabi_memclr4                            
000017f1  __aeabi_memclr8                            
000017f3  __aeabi_memset                             
000017f3  __aeabi_memset4                            
000017f3  __aeabi_memset8                            
000017f9  memset                                     
0000186d  ESP8266_ConnectToAP                        
000018e5  SystemInit                                 
0000195d  Timer_A_generatePWM                        
000019d1  __aeabi_d2f                                
00001a41  Timer_A_configureUpMode                    
00001aa9  __TI_decompress_lzss                       
00001b11  turnCar                                    
00001b79  Initialise_IO                              
00001bdd  UART_getEnabledInterruptStatus             
00001c41  PCM_getCoreVoltageLevel                    
00001ca1  Initalise_HCSR04                           
00001cfd  PCM_getPowerMode                           
00001d59  GPIO_setAsInputPinWithPullDownResistor     
00001db1  GPIO_setAsInputPinWithPullUpResistor       
00001e09  Initialise_CarMotor                        
00001e61  ESP8266_ChangeMode1                        
00001eb5  stopCar                                    
00001f05  ESP8266_SendData                           
00001f51  Timer_A_getCounterValue                    
00001f9d  FlashCtl_setWaitState                      
00001fe5  Initialise_Encoder                         
0000202d  UART_Flush                                 
00002075  __TI_auto_init_nobinit_nopinit             
000020b9  GPIO_setAsOutputPin                        
000020f9  PORT2_IRQHandler                           
000020f9  PORT2_IRQHandler                           
00002139  UART_Write                                 
00002179  strtok                                     
000021b9  GPIO_interruptEdgeSelect                   
0000222d  CS_setDCOCenteredFrequency                 
00002261  ESP8266_HardReset                          
00002295  _c_int00_noargs                            
000022c9  strstr                                     
000022fd  GPIO_getInputPinValue                      
0000232d  Timer_A_clearCaptureCompareInterrupt       
00002359  strspn                                     
00002385  GPIO_clearInterruptFlag                    
000023ad  GPIO_enableInterrupt                       
000023d5  GPIO_setOutputHighOnPin                    
000023fd  GPIO_setOutputLowOnPin                     
00002425  GPIO_toggleOutputOnPin                     
0000244d  PCM_gotoLPM0                               
00002499  GPIO_getInterruptStatus                    
000024bd  strcspn                                    
000024e1  Initialise_TimerA1                         
00002501  __aeabi_ui2d                               
00002521  TA0_0_IRQHandler                           
00002521  TA0_0_IRQHandler                           
0000253d  enableInterrupts                           
00002559  Timer_A_clearTimer                         
00002571  UART_getInterruptStatus                    
00002589  Timer_A_startCounter                       
000025a1  PCM_getPowerState                          
000025b5  Timer_A_stopTimer                          
000025c9  strcpy                                     
000025dd  strlen                                     
000025f1  Interrupt_enableMaster                     
00002601  PCM_setCoreVoltageLevel                    
00002611  PCM_setPowerMode                           
00002621  __TI_decompress_none                       
0000262f  CPU_cpsie                                  
0000263b  Reset_Handler                              
00002647  __TI_zero_init                             
00002655  ESP8266_GetBuffer                          
0000265d  CPU_wfi                                    
00002661  _system_pre_init                           
00002665  C$$EXIT                                    
00002665  abort                                      
000026b0  upConfigEncoder                            
00002724  __TI_Handler_Table_Base                    
00002730  __TI_Handler_Table_Limit                   
00002738  __TI_CINIT_Base                            
00002748  __TI_CINIT_Limit                           
20000000  ESP8266_Buffer                             
20000000  __start___llvm_prf_cnts                    
20000000  __stop___llvm_prf_cnts                     
20000800  UARTA0Data                                 
20001000  UARTA2Data                                 
20001800  SR04IntTimes                               
20001804  UARTA0ReadIndex                            
20001808  UARTA0WriteIndex                           
2000180c  UARTA2ReadIndex                            
20001810  UARTA2WriteIndex                           
20001814  derivativeL                                
20001818  derivativeR                                
2000181c  errorTl                                    
20001820  errorTr                                    
20001824  instructionBuffer                          
20001828  integralL                                  
2000182c  integralR                                  
20001830  lastErrorL                                 
20001834  lastErrorR                                 
20001838  proportionL                                
2000183c  proportionR                                
20001840  wifiState                                  
20001844  engineState                                
20001848  collision                                  
2000184c  rightNotchesDetected                       
20001850  leftNotchesDetected                        
20001854  desiredNotches                             
20001858  PIDDesiredNotches                          
2000185c  timeSeconds                                
20001860  leftSpeed                                  
20001864  rightSpeed                                 
20001868  leftRPM                                    
2000186c  rightRPM                                   
20001870  leftError                                  
20001874  rightError                                 
20001878  UART2Config                                
200018a0  pwmConfig2                                 
200018b8  pwmConfig                                  
200018d0  wheelDirection                             
200018d8  state                                      
2000fe00  __stack                                    
20010000  __STACK_END                                
4000480c  WDTCTL_SYM                                 
ffffffff  __TI_pprof_out_hndl                        
ffffffff  __TI_prof_data_size                        
ffffffff  __TI_prof_data_start                       
ffffffff  __binit__                                  
ffffffff  __c_args__                                 
ffffffff  binit                                      
UNDEFED   __mpu_init                                 
UNDEFED   _system_post_cinit                         

[206 symbols]
