******************************************************************************
                  TI ARM Linker PC v20.2.4                     
******************************************************************************
>> Linked Wed Nov 17 22:27:59 2021

OUTPUT FILE NAME:   <empty_MSP_EXP432P401R_nortos_ccs.out>
ENTRY POINT SYMBOL: "_c_int00_noargs"  address: 000020b1


MEMORY CONFIGURATION

         name            origin    length      used     unused   attr    fill
----------------------  --------  ---------  --------  --------  ----  --------
  MAIN                  00000000   00040000  000024c8  0003db38  R  X
  INFO                  00200000   00004000  00000000  00004000  R  X
  SRAM_CODE             01000000   00010000  00001ad4  0000e52c  RW X
  SRAM_DATA             20000000   00010000  00001ad4  0000e52c  RW  


SEGMENT ALLOCATION MAP

run origin  load origin   length   init length attrs members
----------  ----------- ---------- ----------- ----- -------
00000000    00000000    000024c8   000024c8    r-x
  00000000    00000000    000000e4   000000e4    r-- .intvecs
  000000e4    000000e4    00002330   00002330    r-x .text
  00002414    00002414    0000005c   0000005c    r-- .const
  00002470    00002470    00000058   00000058    r-- .cinit
20000000    20000000    000018d4   00000000    rw-
  20000000    20000000    00001840   00000000    rw- .bss
  20001840    20001840    00000094   00000000    rw- .data
2000fe00    2000fe00    00000200   00000000    rw-
  2000fe00    2000fe00    00000200   00000000    rw- .stack


SECTION ALLOCATION MAP

 output                                  attributes/
section   page    origin      length       input sections
--------  ----  ----------  ----------   ----------------
.intvecs   0    00000000    000000e4     
                  00000000    000000e4     startup_msp432p401r_ccs.obj (.intvecs:retain)

.text      0    000000e4    00002330     
                  000000e4    00000318     main.obj (.text:main)
                  000003fc    000002cc     main.obj (.text:getPIDOutput)
                  000006c8    0000015c     msp432p4xx_driverlib.lib : pcm.o (.text:__PCM_setPowerModeAdvanced)
                  00000824    00000158     UART_Driver.obj (.text:UART_Printf)
                  0000097c    00000144     msp432p4xx_driverlib.lib : timer_a.o (.text:privateTimer_AProcessClockSourceDivider)
                  00000ac0    00000140     UART_Driver.obj (.text:UART_Read)
                  00000c00    00000136     rtsv7M4_T_le_v4SPD16_eabi.lib : fd_div_t2.asm.obj (.text)
                  00000d36    00000002     startup_msp432p401r_ccs.obj (.text:Default_Handler)
                  00000d38    00000120     main.obj (.text:Initialise_EspUART)
                  00000e58    0000011c     msp432p4xx_driverlib.lib : uart.o (.text:UART_initModule)
                  00000f74    00000108                              : pcm.o (.text:__PCM_setCoreVoltageLevelAdvanced)
                  0000107c    000000fc     rtsv7M4_T_le_v4SPD16_eabi.lib : fd_mul_t2.asm.obj (.text)
                  00001178    000000ec     main.obj (.text:setWheelDirection)
                  00001264    000000d0     main.obj (.text:clearCounters)
                  00001334    000000cc     ESP8266.obj (.text:ESP8266_EstablishConnection)
                  00001400    0000009c     UART_Driver.obj (.text:EUSCIA2_IRQHandler)
                  0000149c    0000009c     rtsv7M4_T_le_v4SPD16_eabi.lib : memcpy_t2.asm.obj (.text)
                  00001538    00000098     main.obj (.text:TA1_0_IRQHandler)
                  000015d0    0000008c     ESP8266.obj (.text:ESP8266_WaitForAnswer)
                  0000165c    00000088     msp432p4xx_driverlib.lib : gpio.o (.text:GPIO_setAsPeripheralModuleFunctionOutputPin)
                  000016e4    00000088     main.obj (.text:Initialise_IO)
                  0000176c    00000084     msp432p4xx_driverlib.lib : gpio.o (.text:GPIO_getEnabledInterruptStatus)
                  000017f0    00000080                              : interrupt.o (.text:Interrupt_enableInterrupt)
                  00001870    0000007a     rtsv7M4_T_le_v4SPD16_eabi.lib : memset_t2.asm.obj (.text)
                  000018ea    00000002     --HOLE-- [fill = 0]
                  000018ec    00000078     system_msp432p401r.obj (.text:SystemInit)
                  00001964    00000074     msp432p4xx_driverlib.lib : timer_a.o (.text:Timer_A_generatePWM)
                  000019d8    0000006e     rtsv7M4_T_le_v4SPD16_eabi.lib : fd_tos_t2.asm.obj (.text)
                  00001a46    00000002     --HOLE-- [fill = 0]
                  00001a48    00000068     msp432p4xx_driverlib.lib : timer_a.o (.text:Timer_A_configureUpMode)
                  00001ab0    00000068     rtsv7M4_T_le_v4SPD16_eabi.lib : copy_decompress_lzss.c.obj (.text:decompress:lzss:__TI_decompress_lzss)
                  00001b18    00000064     msp432p4xx_driverlib.lib : uart.o (.text:UART_getEnabledInterruptStatus)
                  00001b7c    00000060     main.obj (.text:PORT1_IRQHandler)
                  00001bdc    0000005e     msp432p4xx_driverlib.lib : pcm.o (.text:PCM_getCoreVoltageLevel)
                  00001c3a    0000005a                              : pcm.o (.text:PCM_getPowerMode)
                  00001c94    00000058                              : gpio.o (.text:GPIO_setAsInputPinWithPullUpResistor)
                  00001cec    00000058     main.obj (.text:Initialise_CarMotor)
                  00001d44    00000054     ESP8266.obj (.text:ESP8266_ChangeMode1)
                  00001d98    00000054     main.obj (.text:Initialise_Encoder)
                  00001dec    0000004c     ESP8266.obj (.text:ESP8266_SendData)
                  00001e38    00000048     msp432p4xx_driverlib.lib : flash.o (.text:FlashCtl_setWaitState)
                  00001e80    00000048     UART_Driver.obj (.text:UART_Flush)
                  00001ec8    00000044     rtsv7M4_T_le_v4SPD16_eabi.lib : autoinit.c.obj (.text:__TI_auto_init_nobinit_nopinit:__TI_auto_init_nobinit_nopinit)
                  00001f0c    00000040     msp432p4xx_driverlib.lib : gpio.o (.text:GPIO_setAsOutputPin)
                  00001f4c    00000040     main.obj (.text:PORT2_IRQHandler)
                  00001f8c    00000040     UART_Driver.obj (.text:UART_Write)
                  00001fcc    00000040     rtsv7M4_T_le_v4SPD16_eabi.lib : strtok.c.obj (.text:strtok)
                  0000200c    0000003c     msp432p4xx_driverlib.lib : gpio.o (.text:GPIO_interruptEdgeSelect)
                  00002048    00000034                              : cs.o (.text:CS_setDCOCenteredFrequency)
                  0000207c    00000034     ESP8266.obj (.text:ESP8266_HardReset)
                  000020b0    00000034     rtsv7M4_T_le_v4SPD16_eabi.lib : boot_cortex_m.c.obj (.text:_c_int00_noargs:_c_int00_noargs)
                  000020e4    00000034                                   : strstr.c.obj (.text:strstr)
                  00002118    0000002c     msp432p4xx_driverlib.lib : timer_a.o (.text:Timer_A_clearCaptureCompareInterrupt)
                  00002144    0000002a     rtsv7M4_T_le_v4SPD16_eabi.lib : strspn.c.obj (.text:strspn)
                  0000216e    00000002     --HOLE-- [fill = 0]
                  00002170    00000028     msp432p4xx_driverlib.lib : gpio.o (.text:GPIO_clearInterruptFlag)
                  00002198    00000028                              : gpio.o (.text:GPIO_enableInterrupt)
                  000021c0    00000028                              : gpio.o (.text:GPIO_setOutputHighOnPin)
                  000021e8    00000028                              : gpio.o (.text:GPIO_setOutputLowOnPin)
                  00002210    00000028                              : gpio.o (.text:GPIO_toggleOutputOnPin)
                  00002238    00000028                              : pcm.o (.text:PCM_gotoLPM0)
                  00002260    00000024                              : gpio.o (.text:GPIO_getInterruptStatus)
                  00002284    00000024     rtsv7M4_T_le_v4SPD16_eabi.lib : strcspn.c.obj (.text:strcspn)
                  000022a8    00000020     main.obj (.text:Initialise_TimerA1)
                  000022c8    00000020     rtsv7M4_T_le_v4SPD16_eabi.lib : u_tofd_t2.asm.obj (.text)
                  000022e8    0000001c     main.obj (.text:TA0_0_IRQHandler)
                  00002304    00000018     msp432p4xx_driverlib.lib : timer_a.o (.text:Timer_A_clearTimer)
                  0000231c    00000018                              : uart.o (.text:UART_getInterruptStatus)
                  00002334    00000016                              : timer_a.o (.text:Timer_A_startCounter)
                  0000234a    00000002     --HOLE-- [fill = 0]
                  0000234c    00000014                              : pcm.o (.text:PCM_getPowerState)
                  00002360    00000014                              : timer_a.o (.text:Timer_A_stopTimer)
                  00002374    00000014     rtsv7M4_T_le_v4SPD16_eabi.lib : strcpy.c.obj (.text:strcpy)
                  00002388    00000014                                   : strlen.c.obj (.text:strlen)
                  0000239c    00000010     msp432p4xx_driverlib.lib : interrupt.o (.text:Interrupt_enableMaster)
                  000023ac    00000010                              : pcm.o (.text:PCM_setCoreVoltageLevel)
                  000023bc    00000010                              : pcm.o (.text:PCM_setPowerMode)
                  000023cc    0000000e     rtsv7M4_T_le_v4SPD16_eabi.lib : copy_decompress_none.c.obj (.text:decompress:none:__TI_decompress_none)
                  000023da    0000000c     msp432p4xx_driverlib.lib : cpu.o (.text:CPU_cpsie)
                  000023e6    0000000c     startup_msp432p401r_ccs.obj (.text:Reset_Handler)
                  000023f2    0000000c     rtsv7M4_T_le_v4SPD16_eabi.lib : copy_zero_init.c.obj (.text:decompress:ZI:__TI_zero_init)
                  000023fe    00000002     --HOLE-- [fill = 0]
                  00002400    00000008     ESP8266.obj (.text:ESP8266_GetBuffer)
                  00002408    00000004     msp432p4xx_driverlib.lib : cpu.o (.text:CPU_wfi)
                  0000240c    00000004     rtsv7M4_T_le_v4SPD16_eabi.lib : pre_init.c.obj (.text:_system_pre_init)
                  00002410    00000004                                   : exit.c.obj (.text:abort:abort)

.const     0    00002414    0000005c     
                  00002414    00000030     msp432p4xx_driverlib.lib : gpio.o (.const:GPIO_PORT_TO_BASE)
                  00002444    00000018     main.obj (.const:upConfigEncoder)
                  0000245c    00000009     main.obj (.const:.string:$P$T0$1)
                  00002465    00000003     --HOLE-- [fill = 0]
                  00002468    00000008     msp432p4xx_driverlib.lib : interrupt.o (.const:g_pulEnRegs)

.cinit     0    00002470    00000058     
                  00002470    00000032     (.cinit..data.load) [load image, compression = lzss]
                  000024a2    00000002     --HOLE-- [fill = 0]
                  000024a4    0000000c     (__TI_handler_table)
                  000024b0    00000008     (.cinit..bss.load) [load image, compression = zero_init]
                  000024b8    00000010     (__TI_cinit_table)

.init_array 
*          0    00000000    00000000     UNINITIALIZED

.binit     0    00000000    00000000     

.bss       0    20000000    00001840     UNINITIALIZED
                  20000000    00000800     (.common:ESP8266_Buffer)
                  20000800    00000800     (.common:UARTA0Data)
                  20001000    00000800     (.common:UARTA2Data)
                  20001800    00000004     (.common:SR04IntTimes)
                  20001804    00000004     (.common:UARTA0ReadIndex)
                  20001808    00000004     (.common:UARTA0WriteIndex)
                  2000180c    00000004     (.common:UARTA2ReadIndex)
                  20001810    00000004     (.common:UARTA2WriteIndex)
                  20001814    00000004     (.common:derivativeL)
                  20001818    00000004     (.common:derivativeR)
                  2000181c    00000004     (.common:errorTl)
                  20001820    00000004     (.common:errorTr)
                  20001824    00000004     (.common:instructionBuffer)
                  20001828    00000004     (.common:integralL)
                  2000182c    00000004     (.common:integralR)
                  20001830    00000004     (.common:lastErrorL)
                  20001834    00000004     (.common:lastErrorR)
                  20001838    00000004     (.common:proportionL)
                  2000183c    00000004     (.common:proportionR)

.data      0    20001840    00000094     UNINITIALIZED
                  20001840    00000035     main.obj (.data)
                  20001875    00000001     UART_Driver.obj (.data)
                  20001876    00000002     --HOLE--
                  20001878    00000028     main.obj (.data:UART2Config)
                  200018a0    00000018     main.obj (.data:pwmConfig2)
                  200018b8    00000018     main.obj (.data:pwmConfig)
                  200018d0    00000004     rtsv7M4_T_le_v4SPD16_eabi.lib : strtok.c.obj (.data)

.stack     0    2000fe00    00000200     UNINITIALIZED
                  2000fe00    00000004     rtsv7M4_T_le_v4SPD16_eabi.lib : boot_cortex_m.c.obj (.stack)
                  2000fe04    000001fc     --HOLE--

__llvm_prf_cnts 
*          0    20000000    00000000     UNINITIALIZED

MODULE SUMMARY

       Module                        code   ro data   rw data
       ------                        ----   -------   -------
    .\
       ESP8266.obj                   564    0         12320  
       main.obj                      2920   33        378    
       UART_Driver.obj               956    0         2      
       system_msp432p401r.obj        120    0         0      
    +--+-----------------------------+------+---------+---------+
       Total:                        4560   33        12700  
                                                             
    .\ccs\
       startup_msp432p401r_ccs.obj   14     228       0      
    +--+-----------------------------+------+---------+---------+
       Total:                        14     228       0      
                                                             
    C:/ti/simplelink_msp432p4_sdk_3_40_01_02/source/ti/devices/msp432p4xx/driverlib/ccs/msp432p4xx_driverlib.lib
       pcm.o                         888    0         0      
       gpio.o                        716    48        0      
       timer_a.o                     654    0         0      
       uart.o                        408    0         0      
       interrupt.o                   144    8         0      
       flash.o                       72     0         0      
       cs.o                          52     0         0      
       cpu.o                         16     0         0      
    +--+-----------------------------+------+---------+---------+
       Total:                        2950   56        0      
                                                             
    C:\ti\ti-cgt-arm_20.2.4.LTS\lib\rtsv7M4_T_le_v4SPD16_eabi.lib
       fd_div_t2.asm.obj             310    0         0      
       fd_mul_t2.asm.obj             252    0         0      
       memcpy_t2.asm.obj             156    0         0      
       memset_t2.asm.obj             122    0         0      
       fd_tos_t2.asm.obj             110    0         0      
       copy_decompress_lzss.c.obj    104    0         0      
       strtok.c.obj                  64     0         8      
       autoinit.c.obj                68     0         0      
       boot_cortex_m.c.obj           52     0         0      
       strstr.c.obj                  52     0         0      
       strspn.c.obj                  42     0         0      
       strcspn.c.obj                 36     0         0      
       u_tofd_t2.asm.obj             32     0         0      
       strcpy.c.obj                  20     0         0      
       strlen.c.obj                  20     0         0      
       copy_decompress_none.c.obj    14     0         0      
       copy_zero_init.c.obj          12     0         0      
       exit.c.obj                    4      0         0      
       pre_init.c.obj                4      0         0      
    +--+-----------------------------+------+---------+---------+
       Total:                        1474   0         8      
                                                             
       Stack:                        0      0         1024   
       Linker Generated:             0      86        0      
    +--+-----------------------------+------+---------+---------+
       Grand Total:                  8998   403       13732  


LINKER GENERATED COPY TABLES

__TI_cinit_table @ 000024b8 records: 2, size/record: 8, table size: 16
	.data: load addr=00002470, load size=00000032 bytes, run addr=20001840, run size=00000094 bytes, compression=lzss
	.bss: load addr=000024b0, load size=00000008 bytes, run addr=20000000, run size=00001840 bytes, compression=zero_init


LINKER GENERATED HANDLER TABLE

__TI_handler_table @ 000024a4 records: 3, size/record: 4, table size: 12
	index: 0, handler: __TI_decompress_lzss
	index: 1, handler: __TI_decompress_none
	index: 2, handler: __TI_zero_init


GLOBAL SYMBOLS: SORTED ALPHABETICALLY BY Name 

address   name                                       
-------   ----                                       
00000d37  ADC14_IRQHandler                           
00000d37  AES256_IRQHandler                          
00000d37  BusFault_Handler                           
00002411  C$$EXIT                                    
00000d37  COMP_E0_IRQHandler                         
00000d37  COMP_E1_IRQHandler                         
000023db  CPU_cpsie                                  
00002409  CPU_wfi                                    
00000d37  CS_IRQHandler                              
00002049  CS_setDCOCenteredFrequency                 
00000d37  DMA_ERR_IRQHandler                         
00000d37  DMA_INT0_IRQHandler                        
00000d37  DMA_INT1_IRQHandler                        
00000d37  DMA_INT2_IRQHandler                        
00000d37  DMA_INT3_IRQHandler                        
00000d37  DebugMon_Handler                           
00000d37  Default_Handler                            
20000000  ESP8266_Buffer                             
00001d45  ESP8266_ChangeMode1                        
00001335  ESP8266_EstablishConnection                
00002401  ESP8266_GetBuffer                          
0000207d  ESP8266_HardReset                          
00001ded  ESP8266_SendData                           
000015d1  ESP8266_WaitForAnswer                      
00000d37  EUSCIA0_IRQHandler                         
00000d37  EUSCIA1_IRQHandler                         
00001401  EUSCIA2_IRQHandler                         
00001401  EUSCIA2_IRQHandler                         
00000d37  EUSCIA3_IRQHandler                         
00000d37  EUSCIB0_IRQHandler                         
00000d37  EUSCIB1_IRQHandler                         
00000d37  EUSCIB2_IRQHandler                         
00000d37  EUSCIB3_IRQHandler                         
00000d37  FLCTL_IRQHandler                           
00000d37  FPU_IRQHandler                             
00001e39  FlashCtl_setWaitState                      
00002171  GPIO_clearInterruptFlag                    
00002199  GPIO_enableInterrupt                       
0000176d  GPIO_getEnabledInterruptStatus             
00002261  GPIO_getInterruptStatus                    
0000200d  GPIO_interruptEdgeSelect                   
00001c95  GPIO_setAsInputPinWithPullUpResistor       
00001f0d  GPIO_setAsOutputPin                        
0000165d  GPIO_setAsPeripheralModuleFunctionOutputPin
000021c1  GPIO_setOutputHighOnPin                    
000021e9  GPIO_setOutputLowOnPin                     
00002211  GPIO_toggleOutputOnPin                     
00000d37  HardFault_Handler                          
00001ced  Initialise_CarMotor                        
00001d99  Initialise_Encoder                         
00000d39  Initialise_EspUART                         
000016e5  Initialise_IO                              
000022a9  Initialise_TimerA1                         
000017f1  Interrupt_enableInterrupt                  
0000239d  Interrupt_enableMaster                     
00000d37  MemManage_Handler                          
00000d37  NMI_Handler                                
00000d37  PCM_IRQHandler                             
00001bdd  PCM_getCoreVoltageLevel                    
00001c3b  PCM_getPowerMode                           
0000234d  PCM_getPowerState                          
00002239  PCM_gotoLPM0                               
000023ad  PCM_setCoreVoltageLevel                    
000023bd  PCM_setPowerMode                           
00001b7d  PORT1_IRQHandler                           
00001b7d  PORT1_IRQHandler                           
00001f4d  PORT2_IRQHandler                           
00001f4d  PORT2_IRQHandler                           
00000d37  PORT3_IRQHandler                           
00000d37  PORT4_IRQHandler                           
00000d37  PORT5_IRQHandler                           
00000d37  PORT6_IRQHandler                           
00000d37  PSS_IRQHandler                             
00000d37  PendSV_Handler                             
00000d37  RTC_C_IRQHandler                           
000023e7  Reset_Handler                              
20001800  SR04IntTimes                               
00000d37  SVC_Handler                                
00000d37  SysTick_Handler                            
000018ed  SystemInit                                 
00000d37  T32_INT1_IRQHandler                        
00000d37  T32_INT2_IRQHandler                        
00000d37  T32_INTC_IRQHandler                        
000022e9  TA0_0_IRQHandler                           
000022e9  TA0_0_IRQHandler                           
00000d37  TA0_N_IRQHandler                           
00001539  TA1_0_IRQHandler                           
00001539  TA1_0_IRQHandler                           
00000d37  TA1_N_IRQHandler                           
00000d37  TA2_0_IRQHandler                           
00000d37  TA2_N_IRQHandler                           
00000d37  TA3_0_IRQHandler                           
00000d37  TA3_N_IRQHandler                           
00002119  Timer_A_clearCaptureCompareInterrupt       
00002305  Timer_A_clearTimer                         
00001a49  Timer_A_configureUpMode                    
00001965  Timer_A_generatePWM                        
00002335  Timer_A_startCounter                       
00002361  Timer_A_stopTimer                          
20001878  UART2Config                                
20000800  UARTA0Data                                 
20001804  UARTA0ReadIndex                            
20001808  UARTA0WriteIndex                           
20001000  UARTA2Data                                 
2000180c  UARTA2ReadIndex                            
20001810  UARTA2WriteIndex                           
00001e81  UART_Flush                                 
00000825  UART_Printf                                
00000ac1  UART_Read                                  
00001f8d  UART_Write                                 
00001b19  UART_getEnabledInterruptStatus             
0000231d  UART_getInterruptStatus                    
00000e59  UART_initModule                            
00000d37  UsageFault_Handler                         
4000480c  WDTCTL_SYM                                 
00000d37  WDT_A_IRQHandler                           
20010000  __STACK_END                                
00000200  __STACK_SIZE                               
000024b8  __TI_CINIT_Base                            
000024c8  __TI_CINIT_Limit                           
000024a4  __TI_Handler_Table_Base                    
000024b0  __TI_Handler_Table_Limit                   
00001ec9  __TI_auto_init_nobinit_nopinit             
00001ab1  __TI_decompress_lzss                       
000023cd  __TI_decompress_none                       
ffffffff  __TI_pprof_out_hndl                        
ffffffff  __TI_prof_data_size                        
ffffffff  __TI_prof_data_start                       
00000000  __TI_static_base__                         
000023f3  __TI_zero_init                             
000019d9  __aeabi_d2f                                
00000c01  __aeabi_ddiv                               
0000107d  __aeabi_dmul                               
00001871  __aeabi_memclr                             
00001871  __aeabi_memclr4                            
00001871  __aeabi_memclr8                            
0000149d  __aeabi_memcpy                             
0000149d  __aeabi_memcpy4                            
0000149d  __aeabi_memcpy8                            
00001873  __aeabi_memset                             
00001873  __aeabi_memset4                            
00001873  __aeabi_memset8                            
000022c9  __aeabi_ui2d                               
ffffffff  __binit__                                  
ffffffff  __c_args__                                 
UNDEFED   __mpu_init                                 
2000fe00  __stack                                    
20000000  __start___llvm_prf_cnts                    
20000000  __stop___llvm_prf_cnts                     
000020b1  _c_int00_noargs                            
UNDEFED   _system_post_cinit                         
0000240d  _system_pre_init                           
00002411  abort                                      
ffffffff  binit                                      
00001265  clearCounters                              
20001814  derivativeL                                
20001818  derivativeR                                
20001840  engineState                                
2000181c  errorTl                                    
20001820  errorTr                                    
000003fd  getPIDOutput                               
20001824  instructionBuffer                          
20001828  integralL                                  
2000182c  integralR                                  
00000000  interruptVectors                           
20001830  lastErrorL                                 
20001834  lastErrorR                                 
20001864  leftError                                  
20001848  leftNotchesDetected                        
2000185c  leftRPM                                    
20001854  leftSpeed                                  
000000e5  main                                       
0000149d  memcpy                                     
00001879  memset                                     
2000184c  notches                                    
20001838  proportionL                                
2000183c  proportionR                                
200018b8  pwmConfig                                  
200018a0  pwmConfig2                                 
20001868  rightError                                 
20001844  rightNotchesDetected                       
20001860  rightRPM                                   
20001858  rightSpeed                                 
00001179  setWheelDirection                          
2000186c  speed                                      
20001875  state                                      
00002375  strcpy                                     
00002285  strcspn                                    
00002389  strlen                                     
00002145  strspn                                     
000020e5  strstr                                     
00001fcd  strtok                                     
20001850  timeSeconds                                
00002444  upConfigEncoder                            
20001870  wheelDirection                             
20001874  wifiState                                  


GLOBAL SYMBOLS: SORTED BY Symbol Address 

address   name                                       
-------   ----                                       
00000000  __TI_static_base__                         
00000000  interruptVectors                           
000000e5  main                                       
00000200  __STACK_SIZE                               
000003fd  getPIDOutput                               
00000825  UART_Printf                                
00000ac1  UART_Read                                  
00000c01  __aeabi_ddiv                               
00000d37  ADC14_IRQHandler                           
00000d37  AES256_IRQHandler                          
00000d37  BusFault_Handler                           
00000d37  COMP_E0_IRQHandler                         
00000d37  COMP_E1_IRQHandler                         
00000d37  CS_IRQHandler                              
00000d37  DMA_ERR_IRQHandler                         
00000d37  DMA_INT0_IRQHandler                        
00000d37  DMA_INT1_IRQHandler                        
00000d37  DMA_INT2_IRQHandler                        
00000d37  DMA_INT3_IRQHandler                        
00000d37  DebugMon_Handler                           
00000d37  Default_Handler                            
00000d37  EUSCIA0_IRQHandler                         
00000d37  EUSCIA1_IRQHandler                         
00000d37  EUSCIA3_IRQHandler                         
00000d37  EUSCIB0_IRQHandler                         
00000d37  EUSCIB1_IRQHandler                         
00000d37  EUSCIB2_IRQHandler                         
00000d37  EUSCIB3_IRQHandler                         
00000d37  FLCTL_IRQHandler                           
00000d37  FPU_IRQHandler                             
00000d37  HardFault_Handler                          
00000d37  MemManage_Handler                          
00000d37  NMI_Handler                                
00000d37  PCM_IRQHandler                             
00000d37  PORT3_IRQHandler                           
00000d37  PORT4_IRQHandler                           
00000d37  PORT5_IRQHandler                           
00000d37  PORT6_IRQHandler                           
00000d37  PSS_IRQHandler                             
00000d37  PendSV_Handler                             
00000d37  RTC_C_IRQHandler                           
00000d37  SVC_Handler                                
00000d37  SysTick_Handler                            
00000d37  T32_INT1_IRQHandler                        
00000d37  T32_INT2_IRQHandler                        
00000d37  T32_INTC_IRQHandler                        
00000d37  TA0_N_IRQHandler                           
00000d37  TA1_N_IRQHandler                           
00000d37  TA2_0_IRQHandler                           
00000d37  TA2_N_IRQHandler                           
00000d37  TA3_0_IRQHandler                           
00000d37  TA3_N_IRQHandler                           
00000d37  UsageFault_Handler                         
00000d37  WDT_A_IRQHandler                           
00000d39  Initialise_EspUART                         
00000e59  UART_initModule                            
0000107d  __aeabi_dmul                               
00001179  setWheelDirection                          
00001265  clearCounters                              
00001335  ESP8266_EstablishConnection                
00001401  EUSCIA2_IRQHandler                         
00001401  EUSCIA2_IRQHandler                         
0000149d  __aeabi_memcpy                             
0000149d  __aeabi_memcpy4                            
0000149d  __aeabi_memcpy8                            
0000149d  memcpy                                     
00001539  TA1_0_IRQHandler                           
00001539  TA1_0_IRQHandler                           
000015d1  ESP8266_WaitForAnswer                      
0000165d  GPIO_setAsPeripheralModuleFunctionOutputPin
000016e5  Initialise_IO                              
0000176d  GPIO_getEnabledInterruptStatus             
000017f1  Interrupt_enableInterrupt                  
00001871  __aeabi_memclr                             
00001871  __aeabi_memclr4                            
00001871  __aeabi_memclr8                            
00001873  __aeabi_memset                             
00001873  __aeabi_memset4                            
00001873  __aeabi_memset8                            
00001879  memset                                     
000018ed  SystemInit                                 
00001965  Timer_A_generatePWM                        
000019d9  __aeabi_d2f                                
00001a49  Timer_A_configureUpMode                    
00001ab1  __TI_decompress_lzss                       
00001b19  UART_getEnabledInterruptStatus             
00001b7d  PORT1_IRQHandler                           
00001b7d  PORT1_IRQHandler                           
00001bdd  PCM_getCoreVoltageLevel                    
00001c3b  PCM_getPowerMode                           
00001c95  GPIO_setAsInputPinWithPullUpResistor       
00001ced  Initialise_CarMotor                        
00001d45  ESP8266_ChangeMode1                        
00001d99  Initialise_Encoder                         
00001ded  ESP8266_SendData                           
00001e39  FlashCtl_setWaitState                      
00001e81  UART_Flush                                 
00001ec9  __TI_auto_init_nobinit_nopinit             
00001f0d  GPIO_setAsOutputPin                        
00001f4d  PORT2_IRQHandler                           
00001f4d  PORT2_IRQHandler                           
00001f8d  UART_Write                                 
00001fcd  strtok                                     
0000200d  GPIO_interruptEdgeSelect                   
00002049  CS_setDCOCenteredFrequency                 
0000207d  ESP8266_HardReset                          
000020b1  _c_int00_noargs                            
000020e5  strstr                                     
00002119  Timer_A_clearCaptureCompareInterrupt       
00002145  strspn                                     
00002171  GPIO_clearInterruptFlag                    
00002199  GPIO_enableInterrupt                       
000021c1  GPIO_setOutputHighOnPin                    
000021e9  GPIO_setOutputLowOnPin                     
00002211  GPIO_toggleOutputOnPin                     
00002239  PCM_gotoLPM0                               
00002261  GPIO_getInterruptStatus                    
00002285  strcspn                                    
000022a9  Initialise_TimerA1                         
000022c9  __aeabi_ui2d                               
000022e9  TA0_0_IRQHandler                           
000022e9  TA0_0_IRQHandler                           
00002305  Timer_A_clearTimer                         
0000231d  UART_getInterruptStatus                    
00002335  Timer_A_startCounter                       
0000234d  PCM_getPowerState                          
00002361  Timer_A_stopTimer                          
00002375  strcpy                                     
00002389  strlen                                     
0000239d  Interrupt_enableMaster                     
000023ad  PCM_setCoreVoltageLevel                    
000023bd  PCM_setPowerMode                           
000023cd  __TI_decompress_none                       
000023db  CPU_cpsie                                  
000023e7  Reset_Handler                              
000023f3  __TI_zero_init                             
00002401  ESP8266_GetBuffer                          
00002409  CPU_wfi                                    
0000240d  _system_pre_init                           
00002411  C$$EXIT                                    
00002411  abort                                      
00002444  upConfigEncoder                            
000024a4  __TI_Handler_Table_Base                    
000024b0  __TI_Handler_Table_Limit                   
000024b8  __TI_CINIT_Base                            
000024c8  __TI_CINIT_Limit                           
20000000  ESP8266_Buffer                             
20000000  __start___llvm_prf_cnts                    
20000000  __stop___llvm_prf_cnts                     
20000800  UARTA0Data                                 
20001000  UARTA2Data                                 
20001800  SR04IntTimes                               
20001804  UARTA0ReadIndex                            
20001808  UARTA0WriteIndex                           
2000180c  UARTA2ReadIndex                            
20001810  UARTA2WriteIndex                           
20001814  derivativeL                                
20001818  derivativeR                                
2000181c  errorTl                                    
20001820  errorTr                                    
20001824  instructionBuffer                          
20001828  integralL                                  
2000182c  integralR                                  
20001830  lastErrorL                                 
20001834  lastErrorR                                 
20001838  proportionL                                
2000183c  proportionR                                
20001840  engineState                                
20001844  rightNotchesDetected                       
20001848  leftNotchesDetected                        
2000184c  notches                                    
20001850  timeSeconds                                
20001854  leftSpeed                                  
20001858  rightSpeed                                 
2000185c  leftRPM                                    
20001860  rightRPM                                   
20001864  leftError                                  
20001868  rightError                                 
2000186c  speed                                      
20001870  wheelDirection                             
20001874  wifiState                                  
20001875  state                                      
20001878  UART2Config                                
200018a0  pwmConfig2                                 
200018b8  pwmConfig                                  
2000fe00  __stack                                    
20010000  __STACK_END                                
4000480c  WDTCTL_SYM                                 
ffffffff  __TI_pprof_out_hndl                        
ffffffff  __TI_prof_data_size                        
ffffffff  __TI_prof_data_start                       
ffffffff  __binit__                                  
ffffffff  __c_args__                                 
ffffffff  binit                                      
UNDEFED   __mpu_init                                 
UNDEFED   _system_post_cinit                         

[196 symbols]
